#
# There is insufficient memory for the Java Runtime Environment to continue.
# Native memory allocation (malloc) failed to allocate 87312 bytes for Chunk::new
# Possible reasons:
#   The system is out of physical RAM or swap space
#   The process is running with CompressedOops enabled, and the Java Heap may be blocking the growth of the native heap
# Possible solutions:
#   Reduce memory load on the system
#   Increase physical memory or swap space
#   Check if swap backing store is full
#   Decrease Java heap size (-Xmx/-Xms)
#   Decrease number of Java threads
#   Decrease Java thread stack sizes (-Xss)
#   Set larger code cache with -XX:ReservedCodeCacheSize=
#   JVM is running with Unscaled Compressed Oops mode in which the Java heap is
#     placed in the first 4GB address space. The Java Heap base address is the
#     maximum limit for the native heap growth. Please use -XX:HeapBaseMinAddress
#     to set the Java Heap base and to place the Java Heap above 4GB virtual address.
# This output file may be truncated or incomplete.
#
#  Out of Memory Error (arena.cpp:189), pid=4052, tid=33692
#
# JRE version: Java(TM) SE Runtime Environment (17.0.13+10) (build 17.0.13+10-LTS-268)
# Java VM: Java HotSpot(TM) 64-Bit Server VM (17.0.13+10-LTS-268, mixed mode, sharing, tiered, compressed oops, compressed class ptrs, g1 gc, windows-amd64)
# No core dump will be written. Minidumps are not enabled by default on client versions of Windows
#

---------------  S U M M A R Y ------------

Command Line: -Xmx64m -Xms64m -Dorg.gradle.appname=gradlew org.gradle.wrapper.GradleWrapperMain app:installDebug -PreactNativeDevServerPort=8081

Host: 13th Gen Intel(R) Core(TM) i7-13700H, 20 cores, 15G,  Windows 11 , 64 bit Build 22621 (10.0.22621.5124)
Time: Sun May 11 17:07:33 2025 Temps universel coordonné elapsed time: 55.734954 seconds (0d 0h 0m 55s)

---------------  T H R E A D  ---------------

Current thread (0x000001d42be546b0):  JavaThread "C2 CompilerThread0" daemon [_thread_in_native, id=33692, stack(0x000000a991900000,0x000000a991a00000)]


Current CompileTask:
C2:  55735 1972 %     4       com.esotericsoftware.kryo.io.Input::readUtf8 @ 30 (90 bytes)

Stack: [0x000000a991900000,0x000000a991a00000]
Native frames: (J=compiled Java code, j=interpreted, Vv=VM code, C=native code)
V  [jvm.dll+0x67a23a]
V  [jvm.dll+0x7da96d]
V  [jvm.dll+0x7dc2b3]
V  [jvm.dll+0x7dc923]
V  [jvm.dll+0x2450ef]
V  [jvm.dll+0xab793]
V  [jvm.dll+0xabd5c]
V  [jvm.dll+0x361d5e]
V  [jvm.dll+0x32c491]
V  [jvm.dll+0x32b92a]
V  [jvm.dll+0x21689f]
V  [jvm.dll+0x215ccf]
V  [jvm.dll+0x1a2980]
V  [jvm.dll+0x22616b]
V  [jvm.dll+0x22430b]
V  [jvm.dll+0x790a8c]
V  [jvm.dll+0x78af1a]
V  [jvm.dll+0x679125]
C  [ucrtbase.dll+0x29333]
C  [KERNEL32.DLL+0x1259d]
C  [ntdll.dll+0x5af38]


---------------  P R O C E S S  ---------------

Threads class SMR info:
_java_thread_list=0x000001d4726428a0, length=14, elements={
0x000001d40f0fe770, 0x000001d42be2e5a0, 0x000001d42be2f420, 0x000001d42be457a0,
0x000001d42be46570, 0x000001d42be46f30, 0x000001d42be4b900, 0x000001d42be546b0,
0x000001d42be599c0, 0x000001d42be5d350, 0x000001d42be5e280, 0x000001d42be5c930,
0x000001d42be5c420, 0x000001d4718c54e0
}

Java Threads: ( => current thread )
  0x000001d40f0fe770 JavaThread "main" [_thread_in_native, id=26580, stack(0x000000a990c00000,0x000000a990d00000)]
  0x000001d42be2e5a0 JavaThread "Reference Handler" daemon [_thread_blocked, id=33352, stack(0x000000a991300000,0x000000a991400000)]
  0x000001d42be2f420 JavaThread "Finalizer" daemon [_thread_blocked, id=16344, stack(0x000000a991400000,0x000000a991500000)]
  0x000001d42be457a0 JavaThread "Signal Dispatcher" daemon [_thread_blocked, id=33680, stack(0x000000a991500000,0x000000a991600000)]
  0x000001d42be46570 JavaThread "Attach Listener" daemon [_thread_blocked, id=2184, stack(0x000000a991600000,0x000000a991700000)]
  0x000001d42be46f30 JavaThread "Service Thread" daemon [_thread_blocked, id=31264, stack(0x000000a991700000,0x000000a991800000)]
  0x000001d42be4b900 JavaThread "Monitor Deflation Thread" daemon [_thread_blocked, id=29628, stack(0x000000a991800000,0x000000a991900000)]
=>0x000001d42be546b0 JavaThread "C2 CompilerThread0" daemon [_thread_in_native, id=33692, stack(0x000000a991900000,0x000000a991a00000)]
  0x000001d42be599c0 JavaThread "C1 CompilerThread0" daemon [_thread_in_native, id=22416, stack(0x000000a991a00000,0x000000a991b00000)]
  0x000001d42be5d350 JavaThread "Sweeper thread" daemon [_thread_blocked, id=18288, stack(0x000000a991b00000,0x000000a991c00000)]
  0x000001d42be5e280 JavaThread "Notification Thread" daemon [_thread_blocked, id=10388, stack(0x000000a991d00000,0x000000a991e00000)]
  0x000001d42be5c930 JavaThread "Common-Cleaner" daemon [_thread_blocked, id=14016, stack(0x000000a991f00000,0x000000a992000000)]
  0x000001d42be5c420 JavaThread "pool-1-thread-1" [_thread_in_Java, id=25156, stack(0x000000a992900000,0x000000a992a00000)]
  0x000001d4718c54e0 JavaThread "C2 CompilerThread1" daemon [_thread_in_native, id=30508, stack(0x000000a992100000,0x000000a992200000)]

Other Threads:
  0x000001d42be2b5a0 VMThread "VM Thread" [stack: 0x000000a991200000,0x000000a991300000] [id=28848]
  0x000001d47121eb10 WatcherThread [stack: 0x000000a991e00000,0x000000a991f00000] [id=19552]
  0x000001d411896fe0 GCTaskThread "GC Thread#0" [stack: 0x000000a990d00000,0x000000a990e00000] [id=17164]
  0x000001d471969220 GCTaskThread "GC Thread#1" [stack: 0x000000a992500000,0x000000a992600000] [id=33172]
  0x000001d4715d6870 GCTaskThread "GC Thread#2" [stack: 0x000000a992600000,0x000000a992700000] [id=7960]
  0x000001d471584330 GCTaskThread "GC Thread#3" [stack: 0x000000a992700000,0x000000a992800000] [id=21496]
  0x000001d471583af0 GCTaskThread "GC Thread#4" [stack: 0x000000a992300000,0x000000a992400000] [id=27636]
  0x000001d471583db0 GCTaskThread "GC Thread#5" [stack: 0x000000a992400000,0x000000a992500000] [id=31436]
  0x000001d471584b70 GCTaskThread "GC Thread#6" [stack: 0x000000a992a00000,0x000000a992b00000] [id=6480]
  0x000001d411898310 ConcurrentGCThread "G1 Main Marker" [stack: 0x000000a990e00000,0x000000a990f00000] [id=31932]
  0x000001d411899d30 ConcurrentGCThread "G1 Conc#0" [stack: 0x000000a990f00000,0x000000a991000000] [id=16720]
  0x000001d41191e050 ConcurrentGCThread "G1 Refine#0" [stack: 0x000000a991000000,0x000000a991100000] [id=28052]
  0x000001d41191ea80 ConcurrentGCThread "G1 Service" [stack: 0x000000a991100000,0x000000a991200000] [id=4552]

Threads with active compile tasks:
C2 CompilerThread0    55792 1972 %     4       com.esotericsoftware.kryo.io.Input::readUtf8 @ 30 (90 bytes)
C1 CompilerThread0    55792 1983   !   3       java.nio.charset.CharsetEncoder::encode (273 bytes)
C2 CompilerThread1    55792 1979       4       org.gradle.internal.logging.text.AbstractLineChoppingStyledTextOutput$1::execute (9 bytes)

VM state: not at safepoint (normal execution)

VM Mutex/Monitor currently owned by a thread: None

Heap address: 0x00000000fc000000, size: 64 MB, Compressed Oops mode: 32-bit

CDS archive(s) mapped at: [0x000001d42c000000-0x000001d42cbd0000-0x000001d42cbd0000), size 12386304, SharedBaseAddress: 0x000001d42c000000, ArchiveRelocationMode: 1.
Compressed class space mapped at: 0x000001d42d000000-0x000001d46d000000, reserved size: 1073741824
Narrow klass base: 0x000001d42c000000, Narrow klass shift: 0, Narrow klass range: 0x100000000

GC Precious Log:
 CPUs: 20 total, 20 available
 Memory: 15901M
 Large Page Support: Disabled
 NUMA Support: Disabled
 Compressed Oops: Enabled (32-bit)
 Heap Region Size: 1M
 Heap Min Capacity: 64M
 Heap Initial Capacity: 64M
 Heap Max Capacity: 64M
 Pre-touch: Disabled
 Parallel Workers: 15
 Concurrent Workers: 4
 Concurrent Refinement Workers: 15
 Periodic GC: Disabled

Heap:
 garbage-first heap   total 65536K, used 18270K [0x00000000fc000000, 0x0000000100000000)
  region size 1024K, 12 young (12288K), 4 survivors (4096K)
 Metaspace       used 9610K, committed 9856K, reserved 1114112K
  class space    used 1259K, committed 1344K, reserved 1048576K

Heap Regions: E=young(eden), S=young(survivor), O=old, HS=humongous(starts), HC=humongous(continues), CS=collection set, F=free, OA=open archive, CA=closed archive, TAMS=top-at-mark-start (previous, next)
|   0|0x00000000fc000000, 0x00000000fc100000, 0x00000000fc100000|100%|HS|  |TAMS 0x00000000fc000000, 0x00000000fc000000| Complete 
|   1|0x00000000fc100000, 0x00000000fc200000, 0x00000000fc200000|100%|HC|  |TAMS 0x00000000fc100000, 0x00000000fc100000| Complete 
|   2|0x00000000fc200000, 0x00000000fc300000, 0x00000000fc300000|100%|HC|  |TAMS 0x00000000fc200000, 0x00000000fc200000| Complete 
|   3|0x00000000fc300000, 0x00000000fc400000, 0x00000000fc400000|100%| O|  |TAMS 0x00000000fc300000, 0x00000000fc300000| Untracked 
|   4|0x00000000fc400000, 0x00000000fc500000, 0x00000000fc500000|100%| O|  |TAMS 0x00000000fc400000, 0x00000000fc400000| Untracked 
|   5|0x00000000fc500000, 0x00000000fc600000, 0x00000000fc600000|100%| O|  |TAMS 0x00000000fc500000, 0x00000000fc500000| Untracked 
|   6|0x00000000fc600000, 0x00000000fc6d7a00, 0x00000000fc700000| 84%| O|  |TAMS 0x00000000fc600000, 0x00000000fc600000| Untracked 
|   7|0x00000000fc700000, 0x00000000fc700000, 0x00000000fc800000|  0%| F|  |TAMS 0x00000000fc700000, 0x00000000fc700000| Untracked 
|   8|0x00000000fc800000, 0x00000000fc800000, 0x00000000fc900000|  0%| F|  |TAMS 0x00000000fc800000, 0x00000000fc800000| Untracked 
|   9|0x00000000fc900000, 0x00000000fc900000, 0x00000000fca00000|  0%| F|  |TAMS 0x00000000fc900000, 0x00000000fc900000| Untracked 
|  10|0x00000000fca00000, 0x00000000fca00000, 0x00000000fcb00000|  0%| F|  |TAMS 0x00000000fca00000, 0x00000000fca00000| Untracked 
|  11|0x00000000fcb00000, 0x00000000fcb00000, 0x00000000fcc00000|  0%| F|  |TAMS 0x00000000fcb00000, 0x00000000fcb00000| Untracked 
|  12|0x00000000fcc00000, 0x00000000fcc00000, 0x00000000fcd00000|  0%| F|  |TAMS 0x00000000fcc00000, 0x00000000fcc00000| Untracked 
|  13|0x00000000fcd00000, 0x00000000fcd00000, 0x00000000fce00000|  0%| F|  |TAMS 0x00000000fcd00000, 0x00000000fcd00000| Untracked 
|  14|0x00000000fce00000, 0x00000000fce00000, 0x00000000fcf00000|  0%| F|  |TAMS 0x00000000fce00000, 0x00000000fce00000| Untracked 
|  15|0x00000000fcf00000, 0x00000000fcf00000, 0x00000000fd000000|  0%| F|  |TAMS 0x00000000fcf00000, 0x00000000fcf00000| Untracked 
|  16|0x00000000fd000000, 0x00000000fd000000, 0x00000000fd100000|  0%| F|  |TAMS 0x00000000fd000000, 0x00000000fd000000| Untracked 
|  17|0x00000000fd100000, 0x00000000fd100000, 0x00000000fd200000|  0%| F|  |TAMS 0x00000000fd100000, 0x00000000fd100000| Untracked 
|  18|0x00000000fd200000, 0x00000000fd200000, 0x00000000fd300000|  0%| F|  |TAMS 0x00000000fd200000, 0x00000000fd200000| Untracked 
|  19|0x00000000fd300000, 0x00000000fd300000, 0x00000000fd400000|  0%| F|  |TAMS 0x00000000fd300000, 0x00000000fd300000| Untracked 
|  20|0x00000000fd400000, 0x00000000fd400000, 0x00000000fd500000|  0%| F|  |TAMS 0x00000000fd400000, 0x00000000fd400000| Untracked 
|  21|0x00000000fd500000, 0x00000000fd500000, 0x00000000fd600000|  0%| F|  |TAMS 0x00000000fd500000, 0x00000000fd500000| Untracked 
|  22|0x00000000fd600000, 0x00000000fd600000, 0x00000000fd700000|  0%| F|  |TAMS 0x00000000fd600000, 0x00000000fd600000| Untracked 
|  23|0x00000000fd700000, 0x00000000fd700000, 0x00000000fd800000|  0%| F|  |TAMS 0x00000000fd700000, 0x00000000fd700000| Untracked 
|  24|0x00000000fd800000, 0x00000000fd800000, 0x00000000fd900000|  0%| F|  |TAMS 0x00000000fd800000, 0x00000000fd800000| Untracked 
|  25|0x00000000fd900000, 0x00000000fd900000, 0x00000000fda00000|  0%| F|  |TAMS 0x00000000fd900000, 0x00000000fd900000| Untracked 
|  26|0x00000000fda00000, 0x00000000fda00000, 0x00000000fdb00000|  0%| F|  |TAMS 0x00000000fda00000, 0x00000000fda00000| Untracked 
|  27|0x00000000fdb00000, 0x00000000fdb00000, 0x00000000fdc00000|  0%| F|  |TAMS 0x00000000fdb00000, 0x00000000fdb00000| Untracked 
|  28|0x00000000fdc00000, 0x00000000fdd00000, 0x00000000fdd00000|100%| S|CS|TAMS 0x00000000fdc00000, 0x00000000fdc00000| Complete 
|  29|0x00000000fdd00000, 0x00000000fde00000, 0x00000000fde00000|100%| S|CS|TAMS 0x00000000fdd00000, 0x00000000fdd00000| Complete 
|  30|0x00000000fde00000, 0x00000000fdf00000, 0x00000000fdf00000|100%| S|CS|TAMS 0x00000000fde00000, 0x00000000fde00000| Complete 
|  31|0x00000000fdf00000, 0x00000000fe000000, 0x00000000fe000000|100%| S|CS|TAMS 0x00000000fdf00000, 0x00000000fdf00000| Complete 
|  32|0x00000000fe000000, 0x00000000fe000000, 0x00000000fe100000|  0%| F|  |TAMS 0x00000000fe000000, 0x00000000fe000000| Untracked 
|  33|0x00000000fe100000, 0x00000000fe100000, 0x00000000fe200000|  0%| F|  |TAMS 0x00000000fe100000, 0x00000000fe100000| Untracked 
|  34|0x00000000fe200000, 0x00000000fe200000, 0x00000000fe300000|  0%| F|  |TAMS 0x00000000fe200000, 0x00000000fe200000| Untracked 
|  35|0x00000000fe300000, 0x00000000fe300000, 0x00000000fe400000|  0%| F|  |TAMS 0x00000000fe300000, 0x00000000fe300000| Untracked 
|  36|0x00000000fe400000, 0x00000000fe400000, 0x00000000fe500000|  0%| F|  |TAMS 0x00000000fe400000, 0x00000000fe400000| Untracked 
|  37|0x00000000fe500000, 0x00000000fe500000, 0x00000000fe600000|  0%| F|  |TAMS 0x00000000fe500000, 0x00000000fe500000| Untracked 
|  38|0x00000000fe600000, 0x00000000fe600000, 0x00000000fe700000|  0%| F|  |TAMS 0x00000000fe600000, 0x00000000fe600000| Untracked 
|  39|0x00000000fe700000, 0x00000000fe700000, 0x00000000fe800000|  0%| F|  |TAMS 0x00000000fe700000, 0x00000000fe700000| Untracked 
|  40|0x00000000fe800000, 0x00000000fe800000, 0x00000000fe900000|  0%| F|  |TAMS 0x00000000fe800000, 0x00000000fe800000| Untracked 
|  41|0x00000000fe900000, 0x00000000fe900000, 0x00000000fea00000|  0%| F|  |TAMS 0x00000000fe900000, 0x00000000fe900000| Untracked 
|  42|0x00000000fea00000, 0x00000000fea00000, 0x00000000feb00000|  0%| F|  |TAMS 0x00000000fea00000, 0x00000000fea00000| Untracked 
|  43|0x00000000feb00000, 0x00000000feb00000, 0x00000000fec00000|  0%| F|  |TAMS 0x00000000feb00000, 0x00000000feb00000| Untracked 
|  44|0x00000000fec00000, 0x00000000fec00000, 0x00000000fed00000|  0%| F|  |TAMS 0x00000000fec00000, 0x00000000fec00000| Untracked 
|  45|0x00000000fed00000, 0x00000000fed00000, 0x00000000fee00000|  0%| F|  |TAMS 0x00000000fed00000, 0x00000000fed00000| Untracked 
|  46|0x00000000fee00000, 0x00000000fee00000, 0x00000000fef00000|  0%| F|  |TAMS 0x00000000fee00000, 0x00000000fee00000| Untracked 
|  47|0x00000000fef00000, 0x00000000fef00000, 0x00000000ff000000|  0%| F|  |TAMS 0x00000000fef00000, 0x00000000fef00000| Untracked 
|  48|0x00000000ff000000, 0x00000000ff000000, 0x00000000ff100000|  0%| F|  |TAMS 0x00000000ff000000, 0x00000000ff000000| Untracked 
|  49|0x00000000ff100000, 0x00000000ff100000, 0x00000000ff200000|  0%| F|  |TAMS 0x00000000ff100000, 0x00000000ff100000| Untracked 
|  50|0x00000000ff200000, 0x00000000ff200000, 0x00000000ff300000|  0%| F|  |TAMS 0x00000000ff200000, 0x00000000ff200000| Untracked 
|  51|0x00000000ff300000, 0x00000000ff300000, 0x00000000ff400000|  0%| F|  |TAMS 0x00000000ff300000, 0x00000000ff300000| Untracked 
|  52|0x00000000ff400000, 0x00000000ff400000, 0x00000000ff500000|  0%| F|  |TAMS 0x00000000ff400000, 0x00000000ff400000| Untracked 
|  53|0x00000000ff500000, 0x00000000ff500000, 0x00000000ff600000|  0%| F|  |TAMS 0x00000000ff500000, 0x00000000ff500000| Untracked 
|  54|0x00000000ff600000, 0x00000000ff600000, 0x00000000ff700000|  0%| F|  |TAMS 0x00000000ff600000, 0x00000000ff600000| Untracked 
|  55|0x00000000ff700000, 0x00000000ff700000, 0x00000000ff800000|  0%| F|  |TAMS 0x00000000ff700000, 0x00000000ff700000| Untracked 
|  56|0x00000000ff800000, 0x00000000ff818fc0, 0x00000000ff900000|  9%| E|  |TAMS 0x00000000ff800000, 0x00000000ff800000| Complete 
|  57|0x00000000ff900000, 0x00000000ffa00000, 0x00000000ffa00000|100%| E|CS|TAMS 0x00000000ff900000, 0x00000000ff900000| Complete 
|  58|0x00000000ffa00000, 0x00000000ffb00000, 0x00000000ffb00000|100%| E|CS|TAMS 0x00000000ffa00000, 0x00000000ffa00000| Complete 
|  59|0x00000000ffb00000, 0x00000000ffc00000, 0x00000000ffc00000|100%| E|CS|TAMS 0x00000000ffb00000, 0x00000000ffb00000| Complete 
|  60|0x00000000ffc00000, 0x00000000ffd00000, 0x00000000ffd00000|100%| E|CS|TAMS 0x00000000ffc00000, 0x00000000ffc00000| Complete 
|  61|0x00000000ffd00000, 0x00000000ffe00000, 0x00000000ffe00000|100%| E|CS|TAMS 0x00000000ffd00000, 0x00000000ffd00000| Complete 
|  62|0x00000000ffe00000, 0x00000000fff00000, 0x00000000fff00000|100%| E|CS|TAMS 0x00000000ffe00000, 0x00000000ffe00000| Complete 
|  63|0x00000000fff00000, 0x0000000100000000, 0x0000000100000000|100%| E|CS|TAMS 0x00000000fff00000, 0x00000000fff00000| Complete 

Card table byte_map: [0x000001d410c20000,0x000001d410c40000] _byte_map_base: 0x000001d410440000

Marking Bits (Prev, Next): (CMBitMap*) 0x000001d411897600, (CMBitMap*) 0x000001d411897640
 Prev Bits: [0x000001d428ac0000, 0x000001d428bc0000)
 Next Bits: [0x000001d428bc0000, 0x000001d428cc0000)

Polling page: 0x000001d40f310000

Metaspace:

Usage:
  Non-class:      8.16 MB used.
      Class:      1.23 MB used.
       Both:      9.38 MB used.

Virtual space:
  Non-class space:       64.00 MB reserved,       8.31 MB ( 13%) committed,  1 nodes.
      Class space:        1.00 GB reserved,       1.31 MB ( <1%) committed,  1 nodes.
             Both:        1.06 GB reserved,       9.62 MB ( <1%) committed. 

Chunk freelists:
   Non-Class:  7.67 MB
       Class:  14.51 MB
        Both:  22.18 MB

MaxMetaspaceSize: unlimited
CompressedClassSpaceSize: 1.00 GB
Initial GC threshold: 21.00 MB
Current GC threshold: 21.00 MB
CDS: on
MetaspaceReclaimPolicy: balanced
 - commit_granule_bytes: 65536.
 - commit_granule_words: 8192.
 - virtual_space_node_default_size: 8388608.
 - enlarge_chunks_in_place: 1.
 - new_chunks_are_fully_committed: 0.
 - uncommit_free_chunks: 1.
 - use_allocation_guard: 0.
 - handle_deallocations: 1.


Internal statistics:

num_allocs_failed_limit: 0.
num_arena_births: 80.
num_arena_deaths: 0.
num_vsnodes_births: 2.
num_vsnodes_deaths: 0.
num_space_committed: 154.
num_space_uncommitted: 0.
num_chunks_returned_to_freelist: 0.
num_chunks_taken_from_freelist: 349.
num_chunk_merges: 0.
num_chunk_splits: 227.
num_chunks_enlarged: 180.
num_inconsistent_stats: 0.

CodeHeap 'non-profiled nmethods': size=119168Kb used=788Kb max_used=788Kb free=118379Kb
 bounds [0x000001d420cc0000, 0x000001d420f30000, 0x000001d428120000]
CodeHeap 'profiled nmethods': size=119104Kb used=3777Kb max_used=3777Kb free=115326Kb
 bounds [0x000001d419120000, 0x000001d4194e0000, 0x000001d420570000]
CodeHeap 'non-nmethods': size=7488Kb used=1174Kb max_used=2881Kb free=6313Kb
 bounds [0x000001d420570000, 0x000001d420850000, 0x000001d420cc0000]
 total_blobs=2446 nmethods=1978 adapters=381
 compilation: enabled
              stopped_count=0, restarted_count=0
 full_count=0

Compilation events (20 events):
Event: 45.228 Thread 0x000001d42be546b0 nmethod 1962 0x000001d420d83a10 code [0x000001d420d83b80, 0x000001d420d83c98]
Event: 50.634 Thread 0x000001d42be599c0 1963       3       org.gradle.internal.logging.sink.GroupingProgressLogEventGenerator$OperationGroup::shouldPrintHeader (37 bytes)
Event: 50.635 Thread 0x000001d42be599c0 nmethod 1963 0x000001d4194caa10 code [0x000001d4194cabc0, 0x000001d4194caf08]
Event: 50.635 Thread 0x000001d42be599c0 1964       3       org.gradle.internal.logging.sink.GroupingProgressLogEventGenerator$OperationGroup::statusIsFailed (20 bytes)
Event: 50.635 Thread 0x000001d42be599c0 nmethod 1964 0x000001d4194cb010 code [0x000001d4194cb1c0, 0x000001d4194cb468]
Event: 51.294 Thread 0x000001d42be546b0 1965       4       org.gradle.internal.logging.console.DefaultRedrawableLabel::redraw (163 bytes)
Event: 51.324 Thread 0x000001d42be546b0 nmethod 1965 0x000001d420d83d90 code [0x000001d420d83fa0, 0x000001d420d84650]
Event: 51.881 Thread 0x000001d42be599c0 1966       3       java.util.concurrent.locks.AbstractQueuedSynchronizer$ConditionObject::awaitNanos (200 bytes)
Event: 51.884 Thread 0x000001d42be599c0 nmethod 1966 0x000001d4194cb590 code [0x000001d4194cb880, 0x000001d4194cc908]
Event: 52.257 Thread 0x000001d42be599c0 1967       3       org.gradle.internal.logging.sink.GroupingProgressLogEventGenerator$OperationGroup::shouldForward (42 bytes)
Event: 52.258 Thread 0x000001d42be599c0 nmethod 1967 0x000001d4194ccf90 code [0x000001d4194cd180, 0x000001d4194cd6c8]
Event: 53.064 Thread 0x000001d42be599c0 1968       3       java.nio.CharBuffer::hasArray (20 bytes)
Event: 53.064 Thread 0x000001d42be599c0 nmethod 1968 0x000001d4194cd890 code [0x000001d4194cda20, 0x000001d4194cdbd8]
Event: 53.066 Thread 0x000001d42be599c0 1969       3       java.nio.ByteBuffer::hasArray (20 bytes)
Event: 53.067 Thread 0x000001d42be599c0 nmethod 1969 0x000001d4194cdc90 code [0x000001d4194cde20, 0x000001d4194cdfd8]
Event: 53.067 Thread 0x000001d42be599c0 1970       3       java.nio.CharBuffer::array (35 bytes)
Event: 53.067 Thread 0x000001d42be599c0 nmethod 1970 0x000001d4194ce090 code [0x000001d4194ce260, 0x000001d4194ce538]
Event: 53.067 Thread 0x000001d42be599c0 1971       3       java.nio.charset.CoderResult::isOverflow (14 bytes)
Event: 53.067 Thread 0x000001d42be599c0 nmethod 1971 0x000001d4194ce690 code [0x000001d4194ce820, 0x000001d4194ce998]
Event: 55.709 Thread 0x000001d42be546b0 1972 %     4       com.esotericsoftware.kryo.io.Input::readUtf8 @ 30 (90 bytes)

GC Heap History (4 events):
Event: 0.275 GC heap before
{Heap before GC invocations=0 (full 0):
 garbage-first heap   total 65536K, used 23552K [0x00000000fc000000, 0x0000000100000000)
  region size 1024K, 23 young (23552K), 0 survivors (0K)
 Metaspace       used 1797K, committed 1920K, reserved 1114112K
  class space    used 160K, committed 192K, reserved 1048576K
}
Event: 0.279 GC heap after
{Heap after GC invocations=1 (full 0):
 garbage-first heap   total 65536K, used 1984K [0x00000000fc000000, 0x0000000100000000)
  region size 1024K, 2 young (2048K), 2 survivors (2048K)
 Metaspace       used 1797K, committed 1920K, reserved 1114112K
  class space    used 160K, committed 192K, reserved 1048576K
}
Event: 0.884 GC heap before
{Heap before GC invocations=1 (full 0):
 garbage-first heap   total 65536K, used 34752K [0x00000000fc000000, 0x0000000100000000)
  region size 1024K, 32 young (32768K), 2 survivors (2048K)
 Metaspace       used 7631K, committed 7744K, reserved 1114112K
  class space    used 1040K, committed 1088K, reserved 1048576K
}
Event: 0.888 GC heap after
{Heap after GC invocations=2 (full 0):
 garbage-first heap   total 65536K, used 11102K [0x00000000fc000000, 0x0000000100000000)
  region size 1024K, 4 young (4096K), 4 survivors (4096K)
 Metaspace       used 7631K, committed 7744K, reserved 1114112K
  class space    used 1040K, committed 1088K, reserved 1048576K
}

Deoptimization events (20 events):
Event: 0.957 Thread 0x000001d40f0fe770 Uncommon trap: trap_request=0xffffff45 fr.pc=0x000001d420d05728 relative=0x0000000000000b08
Event: 0.957 Thread 0x000001d40f0fe770 Uncommon trap: reason=unstable_if action=reinterpret pc=0x000001d420d05728 method=java.util.HashMap.putVal(ILjava/lang/Object;Ljava/lang/Object;ZZ)Ljava/lang/Object; @ 162 c2
Event: 0.957 Thread 0x000001d40f0fe770 DEOPT PACKING pc=0x000001d420d05728 sp=0x000000a990cfb480
Event: 0.957 Thread 0x000001d40f0fe770 DEOPT UNPACKING pc=0x000001d4205c23a3 sp=0x000000a990cfb3b8 mode 2
Event: 0.982 Thread 0x000001d40f0fe770 Uncommon trap: trap_request=0xffffffde fr.pc=0x000001d420cfa4f4 relative=0x0000000000000074
Event: 0.982 Thread 0x000001d40f0fe770 Uncommon trap: reason=class_check action=maybe_recompile pc=0x000001d420cfa4f4 method=java.util.AbstractList$Itr.hasNext()Z @ 8 c2
Event: 0.982 Thread 0x000001d40f0fe770 DEOPT PACKING pc=0x000001d420cfa4f4 sp=0x000000a990cfc5e0
Event: 0.982 Thread 0x000001d40f0fe770 DEOPT UNPACKING pc=0x000001d4205c23a3 sp=0x000000a990cfc578 mode 2
Event: 0.982 Thread 0x000001d40f0fe770 Uncommon trap: trap_request=0xffffffde fr.pc=0x000001d420cfcad4 relative=0x00000000000000b4
Event: 0.982 Thread 0x000001d40f0fe770 Uncommon trap: reason=class_check action=maybe_recompile pc=0x000001d420cfcad4 method=java.util.AbstractList$Itr.next()Ljava/lang/Object; @ 14 c2
Event: 0.982 Thread 0x000001d40f0fe770 DEOPT PACKING pc=0x000001d420cfcad4 sp=0x000000a990cfc5d0
Event: 0.982 Thread 0x000001d40f0fe770 DEOPT UNPACKING pc=0x000001d4205c23a3 sp=0x000000a990cfc568 mode 2
Event: 0.999 Thread 0x000001d40f0fe770 Uncommon trap: trap_request=0xffffffde fr.pc=0x000001d420cfa4f4 relative=0x0000000000000074
Event: 0.999 Thread 0x000001d40f0fe770 Uncommon trap: reason=class_check action=maybe_recompile pc=0x000001d420cfa4f4 method=java.util.AbstractList$Itr.hasNext()Z @ 8 c2
Event: 0.999 Thread 0x000001d40f0fe770 DEOPT PACKING pc=0x000001d420cfa4f4 sp=0x000000a990cfd610
Event: 0.999 Thread 0x000001d40f0fe770 DEOPT UNPACKING pc=0x000001d4205c23a3 sp=0x000000a990cfd5a8 mode 2
Event: 1.230 Thread 0x000001d42be5c420 Uncommon trap: trap_request=0xffffffde fr.pc=0x000001d420cfcad4 relative=0x00000000000000b4
Event: 1.230 Thread 0x000001d42be5c420 Uncommon trap: reason=class_check action=maybe_recompile pc=0x000001d420cfcad4 method=java.util.AbstractList$Itr.next()Ljava/lang/Object; @ 14 c2
Event: 1.230 Thread 0x000001d42be5c420 DEOPT PACKING pc=0x000001d420cfcad4 sp=0x000000a9929fedc0
Event: 1.230 Thread 0x000001d42be5c420 DEOPT UNPACKING pc=0x000001d4205c23a3 sp=0x000000a9929fed58 mode 2

Classes unloaded (0 events):
No events

Classes redefined (0 events):
No events

Internal exceptions (20 events):
Event: 0.522 Thread 0x000001d40f0fe770 Exception <a 'java/lang/NoSuchMethodError'{0x00000000ff1c8d10}: 'java.lang.Object java.lang.invoke.DirectMethodHandle$Holder.invokeStaticInit(java.lang.Object)'> (0x00000000ff1c8d10) 
thrown [s\open\src\hotspot\share\interpreter\linkResolver.cpp, line 759]
Event: 0.529 Thread 0x000001d40f0fe770 Exception <a 'java/lang/NoSuchMethodError'{0x00000000ff1e39d8}: 'int java.lang.invoke.DirectMethodHandle$Holder.invokeSpecial(java.lang.Object, java.lang.Object, java.lang.Object)'> (0x00000000ff1e39d8) 
thrown [s\open\src\hotspot\share\interpreter\linkResolver.cpp, line 759]
Event: 0.534 Thread 0x000001d40f0fe770 Exception <a 'java/lang/NoSuchMethodError'{0x00000000ff020020}: 'void java.lang.invoke.DirectMethodHandle$Holder.invokeStatic(java.lang.Object, java.lang.Object)'> (0x00000000ff020020) 
thrown [s\open\src\hotspot\share\interpreter\linkResolver.cpp, line 759]
Event: 0.535 Thread 0x000001d40f0fe770 Implicit null exception at 0x000001d420d2160f to 0x000001d420d21b40
Event: 0.535 Thread 0x000001d40f0fe770 Implicit null exception at 0x000001d420d0a28f to 0x000001d420d0a7c0
Event: 0.535 Thread 0x000001d40f0fe770 Implicit null exception at 0x000001d420d02b0f to 0x000001d420d02b89
Event: 0.547 Thread 0x000001d40f0fe770 Exception <a 'java/lang/NoClassDefFoundError'{0x00000000ff0a0c20}: org/slf4j/impl/StaticMarkerBinder> (0x00000000ff0a0c20) 
thrown [s\open\src\hotspot\share\classfile\systemDictionary.cpp, line 245]
Event: 0.572 Thread 0x000001d40f0fe770 Exception <a 'java/lang/NoSuchMethodError'{0x00000000fefccb28}: 'java.lang.Object java.lang.invoke.Invokers$Holder.invoker(java.lang.Object, java.lang.Object, java.lang.Object)'> (0x00000000fefccb28) 
thrown [s\open\src\hotspot\share\interpreter\linkResolver.cpp, line 759]
Event: 0.573 Thread 0x000001d40f0fe770 Exception <a 'java/lang/NoSuchMethodError'{0x00000000fefd5c80}: 'java.lang.Object java.lang.invoke.DirectMethodHandle$Holder.invokeStatic(java.lang.Object, java.lang.Object, int)'> (0x00000000fefd5c80) 
thrown [s\open\src\hotspot\share\interpreter\linkResolver.cpp, line 759]
Event: 0.576 Thread 0x000001d40f0fe770 Exception <a 'java/lang/NoSuchMethodError'{0x00000000fefe1970}: 'void java.lang.invoke.DelegatingMethodHandle$Holder.delegate(java.lang.Object, java.lang.Object, int, java.lang.Object)'> (0x00000000fefe1970) 
thrown [s\open\src\hotspot\share\interpreter\linkResolver.cpp, line 759]
Event: 0.579 Thread 0x000001d40f0fe770 Exception <a 'java/lang/NoSuchMethodError'{0x00000000feff4fb8}: 'java.lang.Object java.lang.invoke.Invokers$Holder.invokeExact_MT(java.lang.Object, java.lang.Object, java.lang.Object, java.lang.Object)'> (0x00000000feff4fb8) 
thrown [s\open\src\hotspot\share\interpreter\linkResolver.cpp, line 759]
Event: 0.586 Thread 0x000001d40f0fe770 Exception <a 'java/lang/NoSuchMethodError'{0x00000000fee21498}: 'java.lang.Object java.lang.invoke.DirectMethodHandle$Holder.invokeVirtual(java.lang.Object, java.lang.Object, java.lang.Object)'> (0x00000000fee21498) 
thrown [s\open\src\hotspot\share\interpreter\linkResolver.cpp, line 759]
Event: 0.655 Thread 0x000001d40f0fe770 Exception <a 'java/lang/NoSuchMethodError'{0x00000000fea36be0}: 'java.lang.Object java.lang.invoke.DirectMethodHandle$Holder.newInvokeSpecial(java.lang.Object, java.lang.Object, java.lang.Object, java.lang.Object, java.lang.Object)'> (0x00000000fea36be0) 
thrown [s\open\src\hotspot\share\interpreter\linkResolver.cpp, line 759]
Event: 0.671 Thread 0x000001d40f0fe770 Exception <a 'java/lang/NoSuchMethodError'{0x00000000fe95b9a8}: 'void java.lang.invoke.DirectMethodHandle$Holder.invokeSpecial(java.lang.Object, java.lang.Object, java.lang.Object)'> (0x00000000fe95b9a8) 
thrown [s\open\src\hotspot\share\interpreter\linkResolver.cpp, line 759]
Event: 0.826 Thread 0x000001d40f0fe770 Exception <a 'java/lang/NoSuchMethodError'{0x00000000fe57c658}: 'void java.lang.invoke.DirectMethodHandle$Holder.invokeStatic(java.lang.Object, java.lang.Object, java.lang.Object)'> (0x00000000fe57c658) 
thrown [s\open\src\hotspot\share\interpreter\linkResolver.cpp, line 759]
Event: 0.852 Thread 0x000001d40f0fe770 Exception <a 'java/lang/NoSuchMethodError'{0x00000000fe290218}: 'java.lang.Object java.lang.invoke.DirectMethodHandle$Holder.newInvokeSpecial(java.lang.Object, java.lang.Object, java.lang.Object, java.lang.Object, java.lang.Object, java.lang.Object, java.lang.Object, java.lang.Object, java.lang.Object, java.lang.Object, java.lang.Object, java.lang.Object, java.lang.Object, java.lang.Object, java.lang.Object, java.lang.Object, java.lang.Object, java.lang.Object, java.lang.Object, java.lang.Object, java.lang
Event: 0.854 Thread 0x000001d40f0fe770 Exception <a 'java/lang/NoSuchMethodError'{0x00000000fe29c820}: 'java.lang.Object java.lang.invoke.Invokers$Holder.linkToTargetMethod(java.lang.Object, java.lang.Object, java.lang.Object, java.lang.Object, java.lang.Object, java.lang.Object, java.lang.Object, java.lang.Object, java.lang.Object, java.lang.Object, java.lang.Object, java.lang.Object, java.lang.Object, java.lang.Object, java.lang.Object, java.lang.Object, java.lang.Object, java.lang.Object, java.lang.Object, java.lang.Object, java.lang.Object,
Event: 0.888 Thread 0x000001d40f0fe770 Exception <a 'java/lang/NoSuchMethodError'{0x00000000fff03e60}: 'java.lang.Object java.lang.invoke.DirectMethodHandle$Holder.invokeStaticInit(java.lang.Object, int, int, int, int)'> (0x00000000fff03e60) 
thrown [s\open\src\hotspot\share\interpreter\linkResolver.cpp, line 759]
Event: 0.930 Thread 0x000001d40f0fe770 Exception <a 'java/lang/NoSuchMethodError'{0x00000000fff622d8}: 'java.lang.Object java.lang.invoke.DirectMethodHandle$Holder.invokeStaticInit(java.lang.Object, java.lang.Object, int, int, int, int)'> (0x00000000fff622d8) 
thrown [s\open\src\hotspot\share\interpreter\linkResolver.cpp, line 759]
Event: 0.946 Thread 0x000001d40f0fe770 Implicit null exception at 0x000001d420d095f2 to 0x000001d420d09bc8

VM Operations (20 events):
Event: 21.979 Executing VM operation: Cleanup
Event: 21.979 Executing VM operation: Cleanup done
Event: 22.979 Executing VM operation: Cleanup
Event: 22.980 Executing VM operation: Cleanup done
Event: 25.001 Executing VM operation: Cleanup
Event: 25.001 Executing VM operation: Cleanup done
Event: 26.007 Executing VM operation: Cleanup
Event: 26.007 Executing VM operation: Cleanup done
Event: 27.008 Executing VM operation: Cleanup
Event: 27.008 Executing VM operation: Cleanup done
Event: 29.035 Executing VM operation: Cleanup
Event: 29.036 Executing VM operation: Cleanup done
Event: 36.094 Executing VM operation: Cleanup
Event: 36.094 Executing VM operation: Cleanup done
Event: 40.126 Executing VM operation: Cleanup
Event: 40.126 Executing VM operation: Cleanup done
Event: 42.140 Executing VM operation: Cleanup
Event: 42.141 Executing VM operation: Cleanup done
Event: 52.181 Executing VM operation: Cleanup
Event: 52.182 Executing VM operation: Cleanup done

Events (20 events):
Event: 11.559 loading class sun/util/logging/internal/LoggingProviderImpl$JULWrapper
Event: 11.559 loading class sun/util/logging/PlatformLogger$ConfigurableBridge$LoggerConfiguration
Event: 11.559 loading class sun/util/logging/PlatformLogger$ConfigurableBridge$LoggerConfiguration done
Event: 11.559 loading class sun/util/logging/internal/LoggingProviderImpl$JULWrapper done
Event: 11.559 loading class java/io/ObjectInputFilter
Event: 11.559 loading class java/io/ObjectInputFilter done
Event: 11.560 loading class java/io/ObjectInputFilter$Config$BuiltinFilterFactory
Event: 11.560 loading class java/io/ObjectInputFilter$Config$BuiltinFilterFactory done
Event: 11.560 loading class jdk/internal/access/JavaObjectInputFilterAccess
Event: 11.560 loading class jdk/internal/access/JavaObjectInputFilterAccess done
Event: 11.560 loading class java/lang/System$Logger$Level
Event: 11.560 loading class java/lang/System$Logger$Level done
Event: 11.561 loading class java/io/Bits
Event: 11.561 loading class java/io/Bits done
Event: 11.727 Thread 0x000001d4718c5a30 Thread added: 0x000001d4718c5a30
Event: 14.479 Thread 0x000001d4718c5a30 Thread exited: 0x000001d4718c5a30
Event: 20.690 Thread 0x000001d4718c64d0 Thread added: 0x000001d4718c64d0
Event: 21.633 Thread 0x000001d4718c64d0 Thread exited: 0x000001d4718c64d0
Event: 39.033 Thread 0x000001d4718c4f90 Thread added: 0x000001d4718c4f90
Event: 41.031 Thread 0x000001d4718c4f90 Thread exited: 0x000001d4718c4f90


Dynamic libraries:
0x00007ff65a830000 - 0x00007ff65a840000 	C:\Program Files\Java\jdk-17\bin\java.exe
0x00007ffaeeb10000 - 0x00007ffaeed27000 	C:\WINDOWS\SYSTEM32\ntdll.dll
0x00007ffaed3e0000 - 0x00007ffaed4a4000 	C:\WINDOWS\System32\KERNEL32.DLL
0x00007ffaebc50000 - 0x00007ffaec023000 	C:\WINDOWS\System32\KERNELBASE.dll
0x00007ffaec610000 - 0x00007ffaec721000 	C:\WINDOWS\System32\ucrtbase.dll
0x00007ffad25e0000 - 0x00007ffad25f9000 	C:\Program Files\Java\jdk-17\bin\jli.dll
0x00007ffac7e50000 - 0x00007ffac7e6b000 	C:\Program Files\Java\jdk-17\bin\VCRUNTIME140.dll
0x00007ffaeea10000 - 0x00007ffaeeac1000 	C:\WINDOWS\System32\ADVAPI32.dll
0x00007ffaed770000 - 0x00007ffaed817000 	C:\WINDOWS\System32\msvcrt.dll
0x00007ffaecbf0000 - 0x00007ffaecc97000 	C:\WINDOWS\System32\sechost.dll
0x00007ffaec1a0000 - 0x00007ffaec1c8000 	C:\WINDOWS\System32\bcrypt.dll
0x00007ffaed620000 - 0x00007ffaed734000 	C:\WINDOWS\System32\RPCRT4.dll
0x00007ffaecf90000 - 0x00007ffaed141000 	C:\WINDOWS\System32\USER32.dll
0x00007ffaebc20000 - 0x00007ffaebc46000 	C:\WINDOWS\System32\win32u.dll
0x00007ffaddbd0000 - 0x00007ffadde68000 	C:\WINDOWS\WinSxS\amd64_microsoft.windows.common-controls_6595b64144ccf1df_6.0.22621.5124_none_270e8f4f7386d69d\COMCTL32.dll
0x00007ffaed740000 - 0x00007ffaed769000 	C:\WINDOWS\System32\GDI32.dll
0x00007ffaec4f0000 - 0x00007ffaec60b000 	C:\WINDOWS\System32\gdi32full.dll
0x00007ffaec450000 - 0x00007ffaec4ea000 	C:\WINDOWS\System32\msvcp_win.dll
0x00007ffae13c0000 - 0x00007ffae13ca000 	C:\WINDOWS\SYSTEM32\VERSION.dll
0x00007ffaee8a0000 - 0x00007ffaee8d1000 	C:\WINDOWS\System32\IMM32.DLL
0x00007e1100000000 - 0x00007e1100085000 	C:\laragon\bin\cmder\vendor\conemu-maximus5\ConEmu\ConEmuHk64.dll
0x00007ffae2650000 - 0x00007ffae265c000 	C:\Program Files\Java\jdk-17\bin\vcruntime140_1.dll
0x00007ffa87220000 - 0x00007ffa872ae000 	C:\Program Files\Java\jdk-17\bin\msvcp140.dll
0x00007ffa37d30000 - 0x00007ffa38911000 	C:\Program Files\Java\jdk-17\bin\server\jvm.dll
0x00007ffaed150000 - 0x00007ffaed158000 	C:\WINDOWS\System32\PSAPI.DLL
0x00007ffad6ab0000 - 0x00007ffad6ab9000 	C:\WINDOWS\SYSTEM32\WSOCK32.dll
0x00007ffae91e0000 - 0x00007ffae9214000 	C:\WINDOWS\SYSTEM32\WINMM.dll
0x00007ffaed240000 - 0x00007ffaed2b1000 	C:\WINDOWS\System32\WS2_32.dll
0x00007ffaeac20000 - 0x00007ffaeac38000 	C:\WINDOWS\SYSTEM32\kernel.appcore.dll
0x00007ffad4930000 - 0x00007ffad493a000 	C:\Program Files\Java\jdk-17\bin\jimage.dll
0x00007ffae9220000 - 0x00007ffae9452000 	C:\WINDOWS\SYSTEM32\DBGHELP.DLL
0x00007ffaec840000 - 0x00007ffaecbd2000 	C:\WINDOWS\System32\combase.dll
0x00007ffaed160000 - 0x00007ffaed237000 	C:\WINDOWS\System32\OLEAUT32.dll
0x00007ffae91a0000 - 0x00007ffae91d2000 	C:\WINDOWS\SYSTEM32\dbgcore.DLL
0x00007ffaec3d0000 - 0x00007ffaec44b000 	C:\WINDOWS\System32\bcryptPrimitives.dll
0x00007ffabe030000 - 0x00007ffabe055000 	C:\Program Files\Java\jdk-17\bin\java.dll
0x00007ffa68b90000 - 0x00007ffa68c67000 	C:\Program Files\Java\jdk-17\bin\jsvml.dll
0x00007ffaede70000 - 0x00007ffaee706000 	C:\WINDOWS\System32\SHELL32.dll
0x00007ffaec1d0000 - 0x00007ffaec30f000 	C:\WINDOWS\System32\wintypes.dll
0x00007ffae9a60000 - 0x00007ffaea37a000 	C:\WINDOWS\SYSTEM32\windows.storage.dll
0x00007ffaee8e0000 - 0x00007ffaee9ea000 	C:\WINDOWS\System32\SHCORE.dll
0x00007ffaeceb0000 - 0x00007ffaecf13000 	C:\WINDOWS\System32\shlwapi.dll
0x00007ffaebb50000 - 0x00007ffaebb7b000 	C:\WINDOWS\SYSTEM32\profapi.dll
0x00007ffabe010000 - 0x00007ffabe029000 	C:\Program Files\Java\jdk-17\bin\net.dll
0x00007ffae72c0000 - 0x00007ffae73ec000 	C:\WINDOWS\SYSTEM32\WINHTTP.dll
0x00007ffaeb090000 - 0x00007ffaeb0fa000 	C:\WINDOWS\system32\mswsock.dll
0x00007ffab4740000 - 0x00007ffab4756000 	C:\Program Files\Java\jdk-17\bin\nio.dll
0x00007ffab43d0000 - 0x00007ffab43e8000 	C:\Program Files\Java\jdk-17\bin\zip.dll
0x00007ffae5ed0000 - 0x00007ffae5ee0000 	C:\Program Files\Java\jdk-17\bin\verify.dll
0x00007ffabe000000 - 0x00007ffabe00a000 	C:\Program Files\Java\jdk-17\bin\management.dll
0x00007ffab4860000 - 0x00007ffab486b000 	C:\Program Files\Java\jdk-17\bin\management_ext.dll
0x00007ffadcf00000 - 0x00007ffadcf27000 	C:\Users\hr.ouedraogo\.gradle\native\1def1411415f61bf3af743bc5b6707747c0891f09f0c88961ee8f79bc544acac\windows-amd64\native-platform.dll
0x00007ffae22b0000 - 0x00007ffae22ba000 	C:\Users\hr.ouedraogo\.gradle\native\jansi\1.18\windows64\jansi.dll
0x00007ffaea4a0000 - 0x00007ffaea4cd000 	C:\WINDOWS\SYSTEM32\IPHLPAPI.DLL
0x00007ffaecbe0000 - 0x00007ffaecbe9000 	C:\WINDOWS\System32\NSI.dll
0x00007ffae6f80000 - 0x00007ffae6f99000 	C:\WINDOWS\SYSTEM32\dhcpcsvc6.DLL
0x00007ffae6ef0000 - 0x00007ffae6f0f000 	C:\WINDOWS\SYSTEM32\dhcpcsvc.DLL
0x00007ffaea4d0000 - 0x00007ffaea5d2000 	C:\WINDOWS\SYSTEM32\DNSAPI.dll
0x00007ffaeb380000 - 0x00007ffaeb39b000 	C:\WINDOWS\SYSTEM32\CRYPTSP.dll
0x00007ffaeab80000 - 0x00007ffaeabb7000 	C:\WINDOWS\system32\rsaenh.dll
0x00007ffaeb130000 - 0x00007ffaeb158000 	C:\WINDOWS\SYSTEM32\USERENV.dll
0x00007ffaeb360000 - 0x00007ffaeb36c000 	C:\WINDOWS\SYSTEM32\CRYPTBASE.dll
0x00007ffab4730000 - 0x00007ffab473e000 	C:\Program Files\Java\jdk-17\bin\sunmscapi.dll
0x00007ffaec030000 - 0x00007ffaec197000 	C:\WINDOWS\System32\CRYPT32.dll
0x00007ffaeb560000 - 0x00007ffaeb58d000 	C:\WINDOWS\SYSTEM32\ncrypt.dll
0x00007ffaeb520000 - 0x00007ffaeb557000 	C:\WINDOWS\SYSTEM32\NTASN1.dll
0x00007ffad2970000 - 0x00007ffad2978000 	C:\WINDOWS\system32\wshunix.dll

dbghelp: loaded successfully - version: 4.0.5 - missing functions: none
symbol engine: initialized successfully - sym options: 0x614 - pdb path: .;C:\Program Files\Java\jdk-17\bin;C:\WINDOWS\SYSTEM32;C:\WINDOWS\WinSxS\amd64_microsoft.windows.common-controls_6595b64144ccf1df_6.0.22621.5124_none_270e8f4f7386d69d;C:\laragon\bin\cmder\vendor\conemu-maximus5\ConEmu;C:\Program Files\Java\jdk-17\bin\server;C:\Users\hr.ouedraogo\.gradle\native\1def1411415f61bf3af743bc5b6707747c0891f09f0c88961ee8f79bc544acac\windows-amd64;C:\Users\hr.ouedraogo\.gradle\native\jansi\1.18\windows64

VM Arguments:
jvm_args: -Xmx64m -Xms64m -Dorg.gradle.appname=gradlew 
java_command: org.gradle.wrapper.GradleWrapperMain app:installDebug -PreactNativeDevServerPort=8081
java_class_path (initial): C:\dev\eurekaMobile\android\\gradle\wrapper\gradle-wrapper.jar
Launcher Type: SUN_STANDARD

[Global flags]
     intx CICompilerCount                          = 12                                        {product} {ergonomic}
     uint ConcGCThreads                            = 4                                         {product} {ergonomic}
     uint G1ConcRefinementThreads                  = 15                                        {product} {ergonomic}
   size_t G1HeapRegionSize                         = 1048576                                   {product} {ergonomic}
    uintx GCDrainStackTargetSize                   = 64                                        {product} {ergonomic}
   size_t InitialHeapSize                          = 67108864                                  {product} {command line}
   size_t MarkStackSize                            = 4194304                                   {product} {ergonomic}
   size_t MaxHeapSize                              = 67108864                                  {product} {command line}
   size_t MaxNewSize                               = 39845888                                  {product} {ergonomic}
   size_t MinHeapDeltaBytes                        = 1048576                                   {product} {ergonomic}
   size_t MinHeapSize                              = 67108864                                  {product} {command line}
    uintx NonNMethodCodeHeapSize                   = 7602480                                {pd product} {ergonomic}
    uintx NonProfiledCodeHeapSize                  = 122027880                              {pd product} {ergonomic}
    uintx ProfiledCodeHeapSize                     = 122027880                              {pd product} {ergonomic}
    uintx ReservedCodeCacheSize                    = 251658240                              {pd product} {ergonomic}
     bool SegmentedCodeCache                       = true                                      {product} {ergonomic}
   size_t SoftMaxHeapSize                          = 67108864                               {manageable} {ergonomic}
     bool UseCompressedClassPointers               = true                           {product lp64_product} {ergonomic}
     bool UseCompressedOops                        = true                           {product lp64_product} {ergonomic}
     bool UseG1GC                                  = true                                      {product} {ergonomic}
     bool UseLargePagesIndividualAllocation        = false                                  {pd product} {ergonomic}

Logging:
Log output configuration:
 #0: stdout all=warning uptime,level,tags
 #1: stderr all=off uptime,level,tags

Environment Variables:
JAVA_HOME=C:\Program Files\Java\jdk-17
CLASSPATH=C:\dev\eurekaMobile\android\\gradle\wrapper\gradle-wrapper.jar
PATH=C:\dev\eurekaMobile\node_modules\.bin;C:\dev\node_modules\.bin;C:\node_modules\.bin;C:\laragon\bin\nodejs\node-v22.9.0-win-x64\node_modules\npm\node_modules\@npmcli\run-script\lib\node-gyp-bin;C:\Users\hr.ouedraogo\AppData\Local\Yarn\config\global\node_modules\.bin;C:\Users\hr.ouedraogo\AppData\Roaming\npm;C:\Users\hr.ouedraogo\AppData\Roaming\Composer\vendor\bin;;C:\laragon\bin\laragon\utils;C:\laragon\bin\mysql\mysql-8.0.30-winx64\bin;C:\laragon\bin\php\php-7.4.0;C:\laragon\bin\composer;C:\laragon\bin\apache\httpd-2.4.54-win64-VS16\bin;C:\laragon\bin\redis\redis-x64-5.0.14.1;C:\laragon\bin\nodejs\node-v22.9.0-win-x64;C:\laragon\bin\mongodb\mongodb-win32-x86_64-enterprise-windows-7.0.12\bin;C:\laragon\bin\postgresql\postgresql-14.5-1\bin;C:\laragon\bin\python\python-3.10;C:\laragon\bin\python\python-3.10\Scripts;C:\laragon\bin\nginx\nginx-1.22.0;C:\laragon\bin\notepad++;C:\laragon\bin\telnet;C:\laragon\bin\ngrok;C:\laragon\bin\git\bin;C:\laragon\bin\git\cmd;C:\laragon\bin\git\usr\bin;C:\laragon\bin\git\mingw64\bin;C:\laragon\bin;C:\laragon\usr\bin;C:\laragon\bin\cmder\vendor\conemu-maximus5\ConEmu\Scripts;C:\laragon\bin\cmder\vendor\conemu-maximus5;C:\laragon\bin\cmder\vendor\conemu-maximus5\ConEmu;C:\Program Files (x86)\Common Files\Oracle\Java\javapath;C:\DevSuiteHome_1\jdk\jre\bin\classic;C:\DevSuiteHome_1\jdk\jre\bin;C:\DevSuiteHome_1\jdk\jre\bin\client;C:\DevSuiteHome_1\jlib;C:\DevSuiteHome_1\bin;C:\DevSuiteHome_1\jre\1.4.2\bin\client;C:\DevSuiteHome_1\jre\1.4.2\bin;C:\Program Files (x86)\Oracle Client for Microsoft Tools\;C:\Users\hr.ouedraogo\Videos\oracleDB\bin;C:\oracle\instantclient_12_2;C:\WINDOWS\system32;C:\WINDOWS;C:\WINDOWS\System32\Wbem;C:\WINDOWS\System32\WindowsPowerShell\v1.0\;C:\WINDOWS\System32\OpenSSH\;C:\Program Files\Microsoft SQL Server\150\Tools\Binn\;C:\Program Files\Microsoft SQL Server\Client SDK\ODBC\170\Tools\Binn\;C:\laragon\bin\nodejs\node-v22.9.0-win-x64\;C:\Program Files (x86)\Microsoft SQL Server\160\Tools\Binn\;C:\Program File
USERNAME=hr.ouedraogo
LANG=fr_FR.UTF-8
OS=Windows_NT
PROCESSOR_IDENTIFIER=Intel64 Family 6 Model 186 Stepping 2, GenuineIntel



---------------  S Y S T E M  ---------------

OS:
 Windows 11 , 64 bit Build 22621 (10.0.22621.5124)
OS uptime: 3 days 23:43 hours
Hyper-V role detected

CPU: total 20 (initial active 20) (10 cores per cpu, 2 threads per core) family 6 model 186 stepping 2 microcode 0x411d, cx8, cmov, fxsr, ht, mmx, 3dnowpref, sse, sse2, sse3, ssse3, sse4.1, sse4.2, popcnt, lzcnt, tsc, tscinvbit, avx, avx2, aes, erms, clmul, bmi1, bmi2, adx, sha, fma, vzeroupper, clflush, clflushopt, clwb, hv

Memory: 4k page, system-wide physical 15901M (1010M free)
TotalPageFile size 35481M (AvailPageFile size 0M)
current process WorkingSet (physical memory assigned to process): 106M, peak: 123M
current process commit charge ("private bytes"): 182M, peak: 199M

vm_info: Java HotSpot(TM) 64-Bit Server VM (17.0.13+10-LTS-268) for windows-amd64 JRE (17.0.13+10-LTS-268), built on Sep 30 2024 06:33:13 by "mach5one" with MS VC++ 17.6 (VS2022)

END.
