#
# There is insufficient memory for the Java Runtime Environment to continue.
# Native memory allocation (malloc) failed to allocate 32744 bytes for ChunkPool::allocate
# Possible reasons:
#   The system is out of physical RAM or swap space
#   The process is running with CompressedOops enabled, and the Java Heap may be blocking the growth of the native heap
# Possible solutions:
#   Reduce memory load on the system
#   Increase physical memory or swap space
#   Check if swap backing store is full
#   Decrease Java heap size (-Xmx/-Xms)
#   Decrease number of Java threads
#   Decrease Java thread stack sizes (-Xss)
#   Set larger code cache with -XX:ReservedCodeCacheSize=
#   JVM is running with Unscaled Compressed Oops mode in which the Java heap is
#     placed in the first 4GB address space. The Java Heap base address is the
#     maximum limit for the native heap growth. Please use -XX:HeapBaseMinAddress
#     to set the Java Heap base and to place the Java Heap above 4GB virtual address.
# This output file may be truncated or incomplete.
#
#  Out of Memory Error (arena.cpp:78), pid=31464, tid=24364
#
# JRE version: Java(TM) SE Runtime Environment (17.0.13+10) (build 17.0.13+10-LTS-268)
# Java VM: Java HotSpot(TM) 64-Bit Server VM (17.0.13+10-LTS-268, mixed mode, sharing, tiered, compressed oops, compressed class ptrs, g1 gc, windows-amd64)
# No core dump will be written. Minidumps are not enabled by default on client versions of Windows
#

---------------  S U M M A R Y ------------

Command Line: -Xmx64m -Xms64m -Dorg.gradle.appname=gradlew org.gradle.wrapper.GradleWrapperMain app:installDebug -PreactNativeDevServerPort=8081

Host: 13th Gen Intel(R) Core(TM) i7-13700H, 20 cores, 15G,  Windows 11 , 64 bit Build 22621 (10.0.22621.5124)
Time: Sun May 11 17:28:31 2025 Temps universel coordonné elapsed time: 76.596390 seconds (0d 0h 1m 16s)

---------------  T H R E A D  ---------------

Current thread (0x000001c6f515aef0):  JavaThread "C1 CompilerThread0" daemon [_thread_in_native, id=24364, stack(0x00000025c9100000,0x00000025c9200000)]


Current CompileTask:
C1:  76596 2259       3       sun.nio.cs.SingleByte$Encoder::encodeArrayLoop (280 bytes)

Stack: [0x00000025c9100000,0x00000025c9200000]
Native frames: (J=compiled Java code, j=interpreted, Vv=VM code, C=native code)
V  [jvm.dll+0x67a23a]
V  [jvm.dll+0x7da96d]
V  [jvm.dll+0x7dc2b3]
V  [jvm.dll+0x7dc923]
V  [jvm.dll+0x2450ef]
V  [jvm.dll+0xab9c4]
V  [jvm.dll+0xabd5c]
V  [jvm.dll+0x1484ec]
V  [jvm.dll+0x132b16]
V  [jvm.dll+0x16b961]
V  [jvm.dll+0x171ebc]
V  [jvm.dll+0x15e18e]
V  [jvm.dll+0x14c4b0]
V  [jvm.dll+0x1355c7]
V  [jvm.dll+0x134f1f]
V  [jvm.dll+0x135168]
V  [jvm.dll+0x1345f1]
V  [jvm.dll+0x1362dd]
V  [jvm.dll+0x22616b]
V  [jvm.dll+0x22430b]
V  [jvm.dll+0x790a8c]
V  [jvm.dll+0x78af1a]
V  [jvm.dll+0x679125]
C  [ucrtbase.dll+0x29333]
C  [KERNEL32.DLL+0x1259d]
C  [ntdll.dll+0x5af38]


---------------  P R O C E S S  ---------------

Threads class SMR info:
_java_thread_list=0x000001c6f543e8a0, length=13, elements={
0x000001c698eb1480, 0x000001c6f513b1a0, 0x000001c6f513bf30, 0x000001c6f51539f0,
0x000001c6f51546d0, 0x000001c6f5154fa0, 0x000001c6f5155870, 0x000001c6f5156520,
0x000001c6f515aef0, 0x000001c6f515d810, 0x000001c6f54b13e0, 0x000001c6f5571b80,
0x000001c6fb6d3090
}

Java Threads: ( => current thread )
  0x000001c698eb1480 JavaThread "main" [_thread_in_native, id=21068, stack(0x00000025c8300000,0x00000025c8400000)]
  0x000001c6f513b1a0 JavaThread "Reference Handler" daemon [_thread_blocked, id=3932, stack(0x00000025c8a00000,0x00000025c8b00000)]
  0x000001c6f513bf30 JavaThread "Finalizer" daemon [_thread_blocked, id=18164, stack(0x00000025c8b00000,0x00000025c8c00000)]
  0x000001c6f51539f0 JavaThread "Signal Dispatcher" daemon [_thread_blocked, id=18464, stack(0x00000025c8c00000,0x00000025c8d00000)]
  0x000001c6f51546d0 JavaThread "Attach Listener" daemon [_thread_blocked, id=27324, stack(0x00000025c8d00000,0x00000025c8e00000)]
  0x000001c6f5154fa0 JavaThread "Service Thread" daemon [_thread_blocked, id=8992, stack(0x00000025c8e00000,0x00000025c8f00000)]
  0x000001c6f5155870 JavaThread "Monitor Deflation Thread" daemon [_thread_blocked, id=18160, stack(0x00000025c8f00000,0x00000025c9000000)]
  0x000001c6f5156520 JavaThread "C2 CompilerThread0" daemon [_thread_in_native, id=5940, stack(0x00000025c9000000,0x00000025c9100000)]
=>0x000001c6f515aef0 JavaThread "C1 CompilerThread0" daemon [_thread_in_native, id=24364, stack(0x00000025c9100000,0x00000025c9200000)]
  0x000001c6f515d810 JavaThread "Sweeper thread" daemon [_thread_blocked, id=11136, stack(0x00000025c9200000,0x00000025c9300000)]
  0x000001c6f54b13e0 JavaThread "Notification Thread" daemon [_thread_blocked, id=17016, stack(0x00000025c9600000,0x00000025c9700000)]
  0x000001c6f5571b80 JavaThread "Common-Cleaner" daemon [_thread_blocked, id=23960, stack(0x00000025c9800000,0x00000025c9900000)]
  0x000001c6fb6d3090 JavaThread "pool-1-thread-1" [_thread_in_native, id=29492, stack(0x00000025ca000000,0x00000025ca100000)]

Other Threads:
  0x000001c6f5138690 VMThread "VM Thread" [stack: 0x00000025c8900000,0x00000025c8a00000] [id=14592]
  0x000001c6f54b44d0 WatcherThread [stack: 0x00000025c9700000,0x00000025c9800000] [id=17908]
  0x000001c698ed29e0 GCTaskThread "GC Thread#0" [stack: 0x00000025c8400000,0x00000025c8500000] [id=27668]
  0x000001c6fa0cf0c0 GCTaskThread "GC Thread#1" [stack: 0x00000025c9d00000,0x00000025c9e00000] [id=23540]
  0x000001c6fa191d50 GCTaskThread "GC Thread#2" [stack: 0x00000025c9e00000,0x00000025c9f00000] [id=24628]
  0x000001c6fa192010 GCTaskThread "GC Thread#3" [stack: 0x00000025c9f00000,0x00000025ca000000] [id=29100]
  0x000001c6fac89ea0 GCTaskThread "GC Thread#4" [stack: 0x00000025c9a00000,0x00000025c9b00000] [id=32020]
  0x000001c6fa520800 GCTaskThread "GC Thread#5" [stack: 0x00000025c9b00000,0x00000025c9c00000] [id=29316]
  0x000001c6fac1ebc0 GCTaskThread "GC Thread#6" [stack: 0x00000025c9c00000,0x00000025c9d00000] [id=25364]
  0x000001c698ed5050 ConcurrentGCThread "G1 Main Marker" [stack: 0x00000025c8500000,0x00000025c8600000] [id=29180]
  0x000001c698ed6980 ConcurrentGCThread "G1 Conc#0" [stack: 0x00000025c8600000,0x00000025c8700000] [id=32044]
  0x000001c698f5b780 ConcurrentGCThread "G1 Refine#0" [stack: 0x00000025c8700000,0x00000025c8800000] [id=11452]
  0x000001c698f5c0c0 ConcurrentGCThread "G1 Service" [stack: 0x00000025c8800000,0x00000025c8900000] [id=19388]

Threads with active compile tasks:
C2 CompilerThread0    76661 2262       4       org.gradle.internal.logging.text.AbstractLineChoppingStyledTextOutput$1::execute (9 bytes)
C1 CompilerThread0    76661 2259       3       sun.nio.cs.SingleByte$Encoder::encodeArrayLoop (280 bytes)

VM state: not at safepoint (normal execution)

VM Mutex/Monitor currently owned by a thread: None

Heap address: 0x00000000fc000000, size: 64 MB, Compressed Oops mode: 32-bit

CDS archive(s) mapped at: [0x000001c6b4000000-0x000001c6b4bd0000-0x000001c6b4bd0000), size 12386304, SharedBaseAddress: 0x000001c6b4000000, ArchiveRelocationMode: 1.
Compressed class space mapped at: 0x000001c6b5000000-0x000001c6f5000000, reserved size: 1073741824
Narrow klass base: 0x000001c6b4000000, Narrow klass shift: 0, Narrow klass range: 0x100000000

GC Precious Log:
 CPUs: 20 total, 20 available
 Memory: 15901M
 Large Page Support: Disabled
 NUMA Support: Disabled
 Compressed Oops: Enabled (32-bit)
 Heap Region Size: 1M
 Heap Min Capacity: 64M
 Heap Initial Capacity: 64M
 Heap Max Capacity: 64M
 Pre-touch: Disabled
 Parallel Workers: 15
 Concurrent Workers: 4
 Concurrent Refinement Workers: 15
 Periodic GC: Disabled

Heap:
 garbage-first heap   total 65536K, used 26526K [0x00000000fc000000, 0x0000000100000000)
  region size 1024K, 20 young (20480K), 4 survivors (4096K)
 Metaspace       used 10646K, committed 10816K, reserved 1114112K
  class space    used 1365K, committed 1408K, reserved 1048576K

Heap Regions: E=young(eden), S=young(survivor), O=old, HS=humongous(starts), HC=humongous(continues), CS=collection set, F=free, OA=open archive, CA=closed archive, TAMS=top-at-mark-start (previous, next)
|   0|0x00000000fc000000, 0x00000000fc100000, 0x00000000fc100000|100%|HS|  |TAMS 0x00000000fc000000, 0x00000000fc000000| Complete 
|   1|0x00000000fc100000, 0x00000000fc200000, 0x00000000fc200000|100%|HC|  |TAMS 0x00000000fc100000, 0x00000000fc100000| Complete 
|   2|0x00000000fc200000, 0x00000000fc300000, 0x00000000fc300000|100%|HC|  |TAMS 0x00000000fc200000, 0x00000000fc200000| Complete 
|   3|0x00000000fc300000, 0x00000000fc400000, 0x00000000fc400000|100%| O|  |TAMS 0x00000000fc300000, 0x00000000fc300000| Untracked 
|   4|0x00000000fc400000, 0x00000000fc500000, 0x00000000fc500000|100%| O|  |TAMS 0x00000000fc400000, 0x00000000fc400000| Untracked 
|   5|0x00000000fc500000, 0x00000000fc600000, 0x00000000fc600000|100%| O|  |TAMS 0x00000000fc500000, 0x00000000fc500000| Untracked 
|   6|0x00000000fc600000, 0x00000000fc6e7a00, 0x00000000fc700000| 90%| O|  |TAMS 0x00000000fc600000, 0x00000000fc600000| Untracked 
|   7|0x00000000fc700000, 0x00000000fc700000, 0x00000000fc800000|  0%| F|  |TAMS 0x00000000fc700000, 0x00000000fc700000| Untracked 
|   8|0x00000000fc800000, 0x00000000fc800000, 0x00000000fc900000|  0%| F|  |TAMS 0x00000000fc800000, 0x00000000fc800000| Untracked 
|   9|0x00000000fc900000, 0x00000000fc900000, 0x00000000fca00000|  0%| F|  |TAMS 0x00000000fc900000, 0x00000000fc900000| Untracked 
|  10|0x00000000fca00000, 0x00000000fca00000, 0x00000000fcb00000|  0%| F|  |TAMS 0x00000000fca00000, 0x00000000fca00000| Untracked 
|  11|0x00000000fcb00000, 0x00000000fcb00000, 0x00000000fcc00000|  0%| F|  |TAMS 0x00000000fcb00000, 0x00000000fcb00000| Untracked 
|  12|0x00000000fcc00000, 0x00000000fcc00000, 0x00000000fcd00000|  0%| F|  |TAMS 0x00000000fcc00000, 0x00000000fcc00000| Untracked 
|  13|0x00000000fcd00000, 0x00000000fcd00000, 0x00000000fce00000|  0%| F|  |TAMS 0x00000000fcd00000, 0x00000000fcd00000| Untracked 
|  14|0x00000000fce00000, 0x00000000fce00000, 0x00000000fcf00000|  0%| F|  |TAMS 0x00000000fce00000, 0x00000000fce00000| Untracked 
|  15|0x00000000fcf00000, 0x00000000fcf00000, 0x00000000fd000000|  0%| F|  |TAMS 0x00000000fcf00000, 0x00000000fcf00000| Untracked 
|  16|0x00000000fd000000, 0x00000000fd000000, 0x00000000fd100000|  0%| F|  |TAMS 0x00000000fd000000, 0x00000000fd000000| Untracked 
|  17|0x00000000fd100000, 0x00000000fd100000, 0x00000000fd200000|  0%| F|  |TAMS 0x00000000fd100000, 0x00000000fd100000| Untracked 
|  18|0x00000000fd200000, 0x00000000fd200000, 0x00000000fd300000|  0%| F|  |TAMS 0x00000000fd200000, 0x00000000fd200000| Untracked 
|  19|0x00000000fd300000, 0x00000000fd300000, 0x00000000fd400000|  0%| F|  |TAMS 0x00000000fd300000, 0x00000000fd300000| Untracked 
|  20|0x00000000fd400000, 0x00000000fd400000, 0x00000000fd500000|  0%| F|  |TAMS 0x00000000fd400000, 0x00000000fd400000| Untracked 
|  21|0x00000000fd500000, 0x00000000fd500000, 0x00000000fd600000|  0%| F|  |TAMS 0x00000000fd500000, 0x00000000fd500000| Untracked 
|  22|0x00000000fd600000, 0x00000000fd600000, 0x00000000fd700000|  0%| F|  |TAMS 0x00000000fd600000, 0x00000000fd600000| Untracked 
|  23|0x00000000fd700000, 0x00000000fd700000, 0x00000000fd800000|  0%| F|  |TAMS 0x00000000fd700000, 0x00000000fd700000| Untracked 
|  24|0x00000000fd800000, 0x00000000fd800000, 0x00000000fd900000|  0%| F|  |TAMS 0x00000000fd800000, 0x00000000fd800000| Untracked 
|  25|0x00000000fd900000, 0x00000000fd900000, 0x00000000fda00000|  0%| F|  |TAMS 0x00000000fd900000, 0x00000000fd900000| Untracked 
|  26|0x00000000fda00000, 0x00000000fda00000, 0x00000000fdb00000|  0%| F|  |TAMS 0x00000000fda00000, 0x00000000fda00000| Untracked 
|  27|0x00000000fdb00000, 0x00000000fdb00000, 0x00000000fdc00000|  0%| F|  |TAMS 0x00000000fdb00000, 0x00000000fdb00000| Untracked 
|  28|0x00000000fdc00000, 0x00000000fdd00000, 0x00000000fdd00000|100%| S|CS|TAMS 0x00000000fdc00000, 0x00000000fdc00000| Complete 
|  29|0x00000000fdd00000, 0x00000000fde00000, 0x00000000fde00000|100%| S|CS|TAMS 0x00000000fdd00000, 0x00000000fdd00000| Complete 
|  30|0x00000000fde00000, 0x00000000fdf00000, 0x00000000fdf00000|100%| S|CS|TAMS 0x00000000fde00000, 0x00000000fde00000| Complete 
|  31|0x00000000fdf00000, 0x00000000fe000000, 0x00000000fe000000|100%| S|CS|TAMS 0x00000000fdf00000, 0x00000000fdf00000| Complete 
|  32|0x00000000fe000000, 0x00000000fe000000, 0x00000000fe100000|  0%| F|  |TAMS 0x00000000fe000000, 0x00000000fe000000| Untracked 
|  33|0x00000000fe100000, 0x00000000fe100000, 0x00000000fe200000|  0%| F|  |TAMS 0x00000000fe100000, 0x00000000fe100000| Untracked 
|  34|0x00000000fe200000, 0x00000000fe200000, 0x00000000fe300000|  0%| F|  |TAMS 0x00000000fe200000, 0x00000000fe200000| Untracked 
|  35|0x00000000fe300000, 0x00000000fe300000, 0x00000000fe400000|  0%| F|  |TAMS 0x00000000fe300000, 0x00000000fe300000| Untracked 
|  36|0x00000000fe400000, 0x00000000fe400000, 0x00000000fe500000|  0%| F|  |TAMS 0x00000000fe400000, 0x00000000fe400000| Untracked 
|  37|0x00000000fe500000, 0x00000000fe500000, 0x00000000fe600000|  0%| F|  |TAMS 0x00000000fe500000, 0x00000000fe500000| Untracked 
|  38|0x00000000fe600000, 0x00000000fe600000, 0x00000000fe700000|  0%| F|  |TAMS 0x00000000fe600000, 0x00000000fe600000| Untracked 
|  39|0x00000000fe700000, 0x00000000fe700000, 0x00000000fe800000|  0%| F|  |TAMS 0x00000000fe700000, 0x00000000fe700000| Untracked 
|  40|0x00000000fe800000, 0x00000000fe800000, 0x00000000fe900000|  0%| F|  |TAMS 0x00000000fe800000, 0x00000000fe800000| Untracked 
|  41|0x00000000fe900000, 0x00000000fe900000, 0x00000000fea00000|  0%| F|  |TAMS 0x00000000fe900000, 0x00000000fe900000| Untracked 
|  42|0x00000000fea00000, 0x00000000fea00000, 0x00000000feb00000|  0%| F|  |TAMS 0x00000000fea00000, 0x00000000fea00000| Untracked 
|  43|0x00000000feb00000, 0x00000000feb00000, 0x00000000fec00000|  0%| F|  |TAMS 0x00000000feb00000, 0x00000000feb00000| Untracked 
|  44|0x00000000fec00000, 0x00000000fec00000, 0x00000000fed00000|  0%| F|  |TAMS 0x00000000fec00000, 0x00000000fec00000| Untracked 
|  45|0x00000000fed00000, 0x00000000fed00000, 0x00000000fee00000|  0%| F|  |TAMS 0x00000000fed00000, 0x00000000fed00000| Untracked 
|  46|0x00000000fee00000, 0x00000000fee00000, 0x00000000fef00000|  0%| F|  |TAMS 0x00000000fee00000, 0x00000000fee00000| Untracked 
|  47|0x00000000fef00000, 0x00000000fef00000, 0x00000000ff000000|  0%| F|  |TAMS 0x00000000fef00000, 0x00000000fef00000| Untracked 
|  48|0x00000000ff000000, 0x00000000ff0ddfb0, 0x00000000ff100000| 86%| E|  |TAMS 0x00000000ff000000, 0x00000000ff000000| Complete 
|  49|0x00000000ff100000, 0x00000000ff200000, 0x00000000ff200000|100%| E|CS|TAMS 0x00000000ff100000, 0x00000000ff100000| Complete 
|  50|0x00000000ff200000, 0x00000000ff300000, 0x00000000ff300000|100%| E|CS|TAMS 0x00000000ff200000, 0x00000000ff200000| Complete 
|  51|0x00000000ff300000, 0x00000000ff400000, 0x00000000ff400000|100%| E|CS|TAMS 0x00000000ff300000, 0x00000000ff300000| Complete 
|  52|0x00000000ff400000, 0x00000000ff500000, 0x00000000ff500000|100%| E|CS|TAMS 0x00000000ff400000, 0x00000000ff400000| Complete 
|  53|0x00000000ff500000, 0x00000000ff600000, 0x00000000ff600000|100%| E|CS|TAMS 0x00000000ff500000, 0x00000000ff500000| Complete 
|  54|0x00000000ff600000, 0x00000000ff700000, 0x00000000ff700000|100%| E|CS|TAMS 0x00000000ff600000, 0x00000000ff600000| Complete 
|  55|0x00000000ff700000, 0x00000000ff800000, 0x00000000ff800000|100%| E|CS|TAMS 0x00000000ff700000, 0x00000000ff700000| Complete 
|  56|0x00000000ff800000, 0x00000000ff900000, 0x00000000ff900000|100%| E|CS|TAMS 0x00000000ff800000, 0x00000000ff800000| Complete 
|  57|0x00000000ff900000, 0x00000000ffa00000, 0x00000000ffa00000|100%| E|CS|TAMS 0x00000000ff900000, 0x00000000ff900000| Complete 
|  58|0x00000000ffa00000, 0x00000000ffb00000, 0x00000000ffb00000|100%| E|CS|TAMS 0x00000000ffa00000, 0x00000000ffa00000| Complete 
|  59|0x00000000ffb00000, 0x00000000ffc00000, 0x00000000ffc00000|100%| E|CS|TAMS 0x00000000ffb00000, 0x00000000ffb00000| Complete 
|  60|0x00000000ffc00000, 0x00000000ffd00000, 0x00000000ffd00000|100%| E|CS|TAMS 0x00000000ffc00000, 0x00000000ffc00000| Complete 
|  61|0x00000000ffd00000, 0x00000000ffe00000, 0x00000000ffe00000|100%| E|CS|TAMS 0x00000000ffd00000, 0x00000000ffd00000| Complete 
|  62|0x00000000ffe00000, 0x00000000fff00000, 0x00000000fff00000|100%| E|CS|TAMS 0x00000000ffe00000, 0x00000000ffe00000| Complete 
|  63|0x00000000fff00000, 0x0000000100000000, 0x0000000100000000|100%| E|CS|TAMS 0x00000000fff00000, 0x00000000fff00000| Complete 

Card table byte_map: [0x000001c6975c0000,0x000001c6975e0000] _byte_map_base: 0x000001c696de0000

Marking Bits (Prev, Next): (CMBitMap*) 0x000001c698ed3f20, (CMBitMap*) 0x000001c698ed3f60
 Prev Bits: [0x000001c6b0d10000, 0x000001c6b0e10000)
 Next Bits: [0x000001c6b0e10000, 0x000001c6b0f10000)

Polling page: 0x000001c697570000

Metaspace:

Usage:
  Non-class:      9.06 MB used.
      Class:      1.33 MB used.
       Both:     10.40 MB used.

Virtual space:
  Non-class space:       64.00 MB reserved,       9.19 MB ( 14%) committed,  1 nodes.
      Class space:        1.00 GB reserved,       1.38 MB ( <1%) committed,  1 nodes.
             Both:        1.06 GB reserved,      10.56 MB ( <1%) committed. 

Chunk freelists:
   Non-Class:  6.26 MB
       Class:  14.44 MB
        Both:  20.70 MB

MaxMetaspaceSize: unlimited
CompressedClassSpaceSize: 1.00 GB
Initial GC threshold: 21.00 MB
Current GC threshold: 21.00 MB
CDS: on
MetaspaceReclaimPolicy: balanced
 - commit_granule_bytes: 65536.
 - commit_granule_words: 8192.
 - virtual_space_node_default_size: 8388608.
 - enlarge_chunks_in_place: 1.
 - new_chunks_are_fully_committed: 0.
 - uncommit_free_chunks: 1.
 - use_allocation_guard: 0.
 - handle_deallocations: 1.


Internal statistics:

num_allocs_failed_limit: 0.
num_arena_births: 92.
num_arena_deaths: 0.
num_vsnodes_births: 2.
num_vsnodes_deaths: 0.
num_space_committed: 169.
num_space_uncommitted: 0.
num_chunks_returned_to_freelist: 0.
num_chunks_taken_from_freelist: 384.
num_chunk_merges: 0.
num_chunk_splits: 249.
num_chunks_enlarged: 196.
num_inconsistent_stats: 0.

CodeHeap 'non-profiled nmethods': size=119168Kb used=909Kb max_used=909Kb free=118258Kb
 bounds [0x000001c6a86e0000, 0x000001c6a8950000, 0x000001c6afb40000]
CodeHeap 'profiled nmethods': size=119104Kb used=4484Kb max_used=4484Kb free=114619Kb
 bounds [0x000001c6a0b40000, 0x000001c6a0fb0000, 0x000001c6a7f90000]
CodeHeap 'non-nmethods': size=7488Kb used=1193Kb max_used=2886Kb free=6295Kb
 bounds [0x000001c6a7f90000, 0x000001c6a8270000, 0x000001c6a86e0000]
 total_blobs=2748 nmethods=2260 adapters=400
 compilation: enabled
              stopped_count=0, restarted_count=0
 full_count=0

Compilation events (20 events):
Event: 76.557 Thread 0x000001c6f515aef0 nmethod 2250 0x000001c6a0f9ba90 code [0x000001c6a0f9bc40, 0x000001c6a0f9bdc8]
Event: 76.557 Thread 0x000001c6f515aef0 2253  s    3       java.io.BufferedOutputStream::write (67 bytes)
Event: 76.558 Thread 0x000001c6f515aef0 nmethod 2253 0x000001c6a0f9be90 code [0x000001c6a0f9c0a0, 0x000001c6a0f9c818]
Event: 76.558 Thread 0x000001c6f515aef0 2254       3       sun.nio.cs.StreamEncoder::implWrite (137 bytes)
Event: 76.560 Thread 0x000001c6f515aef0 nmethod 2254 0x000001c6a0f9ca10 code [0x000001c6a0f9cc80, 0x000001c6a0f9d648]
Event: 76.560 Thread 0x000001c6f515aef0 2258       3       sun.nio.cs.SingleByte$Encoder::encodeLoop (28 bytes)
Event: 76.561 Thread 0x000001c6f515aef0 nmethod 2258 0x000001c6a0f9da10 code [0x000001c6a0f9dbe0, 0x000001c6a0f9dff8]
Event: 76.561 Thread 0x000001c6f515aef0 2256   !   3       java.nio.CharBuffer::wrap (21 bytes)
Event: 76.561 Thread 0x000001c6f5156520 nmethod 2252 0x000001c6a87c2f10 code [0x000001c6a87c30a0, 0x000001c6a87c31e8]
Event: 76.561 Thread 0x000001c6f5156520 2261       4       org.gradle.internal.logging.text.AbstractLineChoppingStyledTextOutput$StateContext::hasChar (25 bytes)
Event: 76.561 Thread 0x000001c6f515aef0 nmethod 2256 0x000001c6a0f9e190 code [0x000001c6a0f9e340, 0x000001c6a0f9e5d8]
Event: 76.561 Thread 0x000001c6f515aef0 2257   !   3       java.nio.charset.CharsetEncoder::encode (273 bytes)
Event: 76.563 Thread 0x000001c6f5156520 nmethod 2261 0x000001c6a87c3390 code [0x000001c6a87c3500, 0x000001c6a87c3598]
Event: 76.563 Thread 0x000001c6f5156520 2262       4       org.gradle.internal.logging.text.AbstractLineChoppingStyledTextOutput$1::execute (9 bytes)
Event: 76.566 Thread 0x000001c6f515aef0 nmethod 2257 0x000001c6a0f9e710 code [0x000001c6a0f9ea40, 0x000001c6a0f9ff98]
Event: 76.566 Thread 0x000001c6f515aef0 2255       3       sun.nio.cs.SingleByte::withResult (25 bytes)
Event: 76.567 Thread 0x000001c6f515aef0 nmethod 2255 0x000001c6a0fa0690 code [0x000001c6a0fa0860, 0x000001c6a0fa0c98]
Event: 76.567 Thread 0x000001c6f515aef0 2260       3       java.lang.System$2::encodeASCII (11 bytes)
Event: 76.567 Thread 0x000001c6f515aef0 nmethod 2260 0x000001c6a0fa0e10 code [0x000001c6a0fa0fa0, 0x000001c6a0fa10e8]
Event: 76.567 Thread 0x000001c6f515aef0 2259       3       sun.nio.cs.SingleByte$Encoder::encodeArrayLoop (280 bytes)

GC Heap History (4 events):
Event: 0.361 GC heap before
{Heap before GC invocations=0 (full 0):
 garbage-first heap   total 65536K, used 22528K [0x00000000fc000000, 0x0000000100000000)
  region size 1024K, 23 young (23552K), 0 survivors (0K)
 Metaspace       used 1731K, committed 1856K, reserved 1114112K
  class space    used 158K, committed 192K, reserved 1048576K
}
Event: 0.365 GC heap after
{Heap after GC invocations=1 (full 0):
 garbage-first heap   total 65536K, used 1984K [0x00000000fc000000, 0x0000000100000000)
  region size 1024K, 2 young (2048K), 2 survivors (2048K)
 Metaspace       used 1731K, committed 1856K, reserved 1114112K
  class space    used 158K, committed 192K, reserved 1048576K
}
Event: 1.266 GC heap before
{Heap before GC invocations=1 (full 0):
 garbage-first heap   total 65536K, used 35776K [0x00000000fc000000, 0x0000000100000000)
  region size 1024K, 32 young (32768K), 2 survivors (2048K)
 Metaspace       used 7466K, committed 7680K, reserved 1114112K
  class space    used 1014K, committed 1088K, reserved 1048576K
}
Event: 1.271 GC heap after
{Heap after GC invocations=2 (full 0):
 garbage-first heap   total 65536K, used 11166K [0x00000000fc000000, 0x0000000100000000)
  region size 1024K, 4 young (4096K), 4 survivors (4096K)
 Metaspace       used 7466K, committed 7680K, reserved 1114112K
  class space    used 1014K, committed 1088K, reserved 1048576K
}

Deoptimization events (20 events):
Event: 3.845 Thread 0x000001c698eb1480 Uncommon trap: trap_request=0xffffffc6 fr.pc=0x000001c6a8723500 relative=0x0000000000000be0
Event: 3.845 Thread 0x000001c698eb1480 Uncommon trap: reason=bimorphic_or_optimized_type_check action=maybe_recompile pc=0x000001c6a8723500 method=java.util.HashMap.putVal(ILjava/lang/Object;Ljava/lang/Object;ZZ)Ljava/lang/Object; @ 203 c2
Event: 3.845 Thread 0x000001c698eb1480 DEOPT PACKING pc=0x000001c6a8723500 sp=0x00000025c83fa720
Event: 3.845 Thread 0x000001c698eb1480 DEOPT UNPACKING pc=0x000001c6a7fe23a3 sp=0x00000025c83fa658 mode 2
Event: 3.845 Thread 0x000001c698eb1480 Uncommon trap: trap_request=0xffffffc6 fr.pc=0x000001c6a8723500 relative=0x0000000000000be0
Event: 3.845 Thread 0x000001c698eb1480 Uncommon trap: reason=bimorphic_or_optimized_type_check action=maybe_recompile pc=0x000001c6a8723500 method=java.util.HashMap.putVal(ILjava/lang/Object;Ljava/lang/Object;ZZ)Ljava/lang/Object; @ 203 c2
Event: 3.845 Thread 0x000001c698eb1480 DEOPT PACKING pc=0x000001c6a8723500 sp=0x00000025c83fa720
Event: 3.845 Thread 0x000001c698eb1480 DEOPT UNPACKING pc=0x000001c6a7fe23a3 sp=0x00000025c83fa658 mode 2
Event: 3.846 Thread 0x000001c698eb1480 Uncommon trap: trap_request=0xffffffc6 fr.pc=0x000001c6a8723500 relative=0x0000000000000be0
Event: 3.846 Thread 0x000001c698eb1480 Uncommon trap: reason=bimorphic_or_optimized_type_check action=maybe_recompile pc=0x000001c6a8723500 method=java.util.HashMap.putVal(ILjava/lang/Object;Ljava/lang/Object;ZZ)Ljava/lang/Object; @ 203 c2
Event: 3.846 Thread 0x000001c698eb1480 DEOPT PACKING pc=0x000001c6a8723500 sp=0x00000025c83fa720
Event: 3.846 Thread 0x000001c698eb1480 DEOPT UNPACKING pc=0x000001c6a7fe23a3 sp=0x00000025c83fa658 mode 2
Event: 3.848 Thread 0x000001c698eb1480 Uncommon trap: trap_request=0xffffffc6 fr.pc=0x000001c6a8723500 relative=0x0000000000000be0
Event: 3.848 Thread 0x000001c698eb1480 Uncommon trap: reason=bimorphic_or_optimized_type_check action=maybe_recompile pc=0x000001c6a8723500 method=java.util.HashMap.putVal(ILjava/lang/Object;Ljava/lang/Object;ZZ)Ljava/lang/Object; @ 203 c2
Event: 3.848 Thread 0x000001c698eb1480 DEOPT PACKING pc=0x000001c6a8723500 sp=0x00000025c83fa720
Event: 3.848 Thread 0x000001c698eb1480 DEOPT UNPACKING pc=0x000001c6a7fe23a3 sp=0x00000025c83fa658 mode 2
Event: 76.457 Thread 0x000001c698eb1480 Uncommon trap: trap_request=0xffffff45 fr.pc=0x000001c6a87c09b8 relative=0x0000000000000518
Event: 76.457 Thread 0x000001c698eb1480 Uncommon trap: reason=unstable_if action=reinterpret pc=0x000001c6a87c09b8 method=com.esotericsoftware.kryo.io.Input.readUtf8(I)V @ 79 c2
Event: 76.457 Thread 0x000001c698eb1480 DEOPT PACKING pc=0x000001c6a87c09b8 sp=0x00000025c83fd0d0
Event: 76.458 Thread 0x000001c698eb1480 DEOPT UNPACKING pc=0x000001c6a7fe23a3 sp=0x00000025c83fd068 mode 2

Classes unloaded (0 events):
No events

Classes redefined (0 events):
No events

Internal exceptions (20 events):
Event: 0.799 Thread 0x000001c698eb1480 Implicit null exception at 0x000001c6a872bc8f to 0x000001c6a872c1bc
Event: 0.799 Thread 0x000001c698eb1480 Implicit null exception at 0x000001c6a871e40f to 0x000001c6a871e489
Event: 0.815 Thread 0x000001c698eb1480 Exception <a 'java/lang/NoClassDefFoundError'{0x00000000fef186a0}: org/slf4j/impl/StaticMarkerBinder> (0x00000000fef186a0) 
thrown [s\open\src\hotspot\share\classfile\systemDictionary.cpp, line 245]
Event: 0.847 Thread 0x000001c698eb1480 Exception <a 'java/lang/NoSuchMethodError'{0x00000000fee44518}: 'java.lang.Object java.lang.invoke.Invokers$Holder.invoker(java.lang.Object, java.lang.Object, java.lang.Object)'> (0x00000000fee44518) 
thrown [s\open\src\hotspot\share\interpreter\linkResolver.cpp, line 759]
Event: 0.849 Thread 0x000001c698eb1480 Exception <a 'java/lang/NoSuchMethodError'{0x00000000fee4d670}: 'java.lang.Object java.lang.invoke.DirectMethodHandle$Holder.invokeStatic(java.lang.Object, java.lang.Object, int)'> (0x00000000fee4d670) 
thrown [s\open\src\hotspot\share\interpreter\linkResolver.cpp, line 759]
Event: 0.852 Thread 0x000001c698eb1480 Exception <a 'java/lang/NoSuchMethodError'{0x00000000fee59360}: 'void java.lang.invoke.DelegatingMethodHandle$Holder.delegate(java.lang.Object, java.lang.Object, int, java.lang.Object)'> (0x00000000fee59360) 
thrown [s\open\src\hotspot\share\interpreter\linkResolver.cpp, line 759]
Event: 0.860 Thread 0x000001c698eb1480 Exception <a 'java/lang/NoSuchMethodError'{0x00000000fee6c9a8}: 'java.lang.Object java.lang.invoke.Invokers$Holder.invokeExact_MT(java.lang.Object, java.lang.Object, java.lang.Object, java.lang.Object)'> (0x00000000fee6c9a8) 
thrown [s\open\src\hotspot\share\interpreter\linkResolver.cpp, line 759]
Event: 0.878 Thread 0x000001c698eb1480 Exception <a 'java/lang/NoSuchMethodError'{0x00000000fee97c70}: 'java.lang.Object java.lang.invoke.DirectMethodHandle$Holder.invokeVirtual(java.lang.Object, java.lang.Object, java.lang.Object)'> (0x00000000fee97c70) 
thrown [s\open\src\hotspot\share\interpreter\linkResolver.cpp, line 759]
Event: 0.989 Thread 0x000001c698eb1480 Exception <a 'java/lang/NoSuchMethodError'{0x00000000feaa24f0}: 'java.lang.Object java.lang.invoke.DirectMethodHandle$Holder.newInvokeSpecial(java.lang.Object, java.lang.Object, java.lang.Object, java.lang.Object, java.lang.Object)'> (0x00000000feaa24f0) 
thrown [s\open\src\hotspot\share\interpreter\linkResolver.cpp, line 759]
Event: 1.013 Thread 0x000001c698eb1480 Exception <a 'java/lang/NoSuchMethodError'{0x00000000fe9c72b0}: 'void java.lang.invoke.DirectMethodHandle$Holder.invokeSpecial(java.lang.Object, java.lang.Object, java.lang.Object)'> (0x00000000fe9c72b0) 
thrown [s\open\src\hotspot\share\interpreter\linkResolver.cpp, line 759]
Event: 1.205 Thread 0x000001c698eb1480 Exception <a 'java/lang/NoSuchMethodError'{0x00000000fe5e9058}: 'void java.lang.invoke.DirectMethodHandle$Holder.invokeStatic(java.lang.Object, java.lang.Object, java.lang.Object)'> (0x00000000fe5e9058) 
thrown [s\open\src\hotspot\share\interpreter\linkResolver.cpp, line 759]
Event: 1.245 Thread 0x000001c698eb1480 Exception <a 'java/lang/NoSuchMethodError'{0x00000000fe11b240}: 'java.lang.Object java.lang.invoke.DirectMethodHandle$Holder.newInvokeSpecial(java.lang.Object, java.lang.Object, java.lang.Object, java.lang.Object, java.lang.Object, java.lang.Object, java.lang.Object, java.lang.Object, java.lang.Object, java.lang.Object, java.lang.Object, java.lang.Object, java.lang.Object, java.lang.Object, java.lang.Object, java.lang.Object, java.lang.Object, java.lang.Object, java.lang.Object, java.lang.Object, java.lang
Event: 1.246 Thread 0x000001c698eb1480 Exception <a 'java/lang/NoSuchMethodError'{0x00000000fe127848}: 'java.lang.Object java.lang.invoke.Invokers$Holder.linkToTargetMethod(java.lang.Object, java.lang.Object, java.lang.Object, java.lang.Object, java.lang.Object, java.lang.Object, java.lang.Object, java.lang.Object, java.lang.Object, java.lang.Object, java.lang.Object, java.lang.Object, java.lang.Object, java.lang.Object, java.lang.Object, java.lang.Object, java.lang.Object, java.lang.Object, java.lang.Object, java.lang.Object, java.lang.Object,
Event: 1.284 Thread 0x000001c698eb1480 Exception <a 'java/lang/NoSuchMethodError'{0x00000000fff8ff90}: 'java.lang.Object java.lang.invoke.DirectMethodHandle$Holder.invokeStaticInit(java.lang.Object, int, int, int, int)'> (0x00000000fff8ff90) 
thrown [s\open\src\hotspot\share\interpreter\linkResolver.cpp, line 759]
Event: 1.363 Thread 0x000001c698eb1480 Exception <a 'java/lang/NoSuchMethodError'{0x00000000ffe66db0}: 'java.lang.Object java.lang.invoke.DirectMethodHandle$Holder.invokeStaticInit(java.lang.Object, java.lang.Object, int, int, int, int)'> (0x00000000ffe66db0) 
thrown [s\open\src\hotspot\share\interpreter\linkResolver.cpp, line 759]
Event: 1.587 Thread 0x000001c6fa160340 Exception <a 'java/lang/NoSuchMethodError'{0x00000000ff518398}: 'void java.lang.invoke.DirectMethodHandle$Holder.invokeStatic(java.lang.Object, long)'> (0x00000000ff518398) 
thrown [s\open\src\hotspot\share\interpreter\linkResolver.cpp, line 759]
Event: 1.588 Thread 0x000001c6fa160340 Exception <a 'java/lang/NoSuchMethodError'{0x00000000ff51dcf0}: 'java.lang.Object java.lang.invoke.DirectMethodHandle$Holder.newInvokeSpecial(java.lang.Object, long)'> (0x00000000ff51dcf0) 
thrown [s\open\src\hotspot\share\interpreter\linkResolver.cpp, line 759]
Event: 1.591 Thread 0x000001c6fa160340 Exception <a 'java/lang/NoSuchMethodError'{0x00000000ff528b20}: 'java.lang.Object java.lang.invoke.DirectMethodHandle$Holder.invokeStaticInit(java.lang.Object, java.lang.Object, long, java.lang.Object)'> (0x00000000ff528b20) 
thrown [s\open\src\hotspot\share\interpreter\linkResolver.cpp, line 759]
Event: 1.592 Thread 0x000001c6fa160340 Exception <a 'java/lang/NoSuchMethodError'{0x00000000ff52f490}: 'java.lang.Object java.lang.invoke.DirectMethodHandle$Holder.newInvokeSpecial(java.lang.Object, java.lang.Object, long)'> (0x00000000ff52f490) 
thrown [s\open\src\hotspot\share\interpreter\linkResolver.cpp, line 759]
Event: 1.592 Thread 0x000001c6fa160340 Exception <a 'java/lang/NoSuchMethodError'{0x00000000ff533780}: 'java.lang.Object java.lang.invoke.Invokers$Holder.linkToTargetMethod(java.lang.Object, long, java.lang.Object)'> (0x00000000ff533780) 
thrown [s\open\src\hotspot\share\interpreter\linkResolver.cpp, line 759]

VM Operations (20 events):
Event: 37.547 Executing VM operation: Cleanup
Event: 37.547 Executing VM operation: Cleanup done
Event: 39.557 Executing VM operation: Cleanup
Event: 39.557 Executing VM operation: Cleanup done
Event: 41.574 Executing VM operation: Cleanup
Event: 41.574 Executing VM operation: Cleanup done
Event: 42.575 Executing VM operation: Cleanup
Event: 42.575 Executing VM operation: Cleanup done
Event: 45.604 Executing VM operation: Cleanup
Event: 45.604 Executing VM operation: Cleanup done
Event: 49.647 Executing VM operation: Cleanup
Event: 49.647 Executing VM operation: Cleanup done
Event: 60.108 Executing VM operation: HandshakeAllThreads
Event: 60.108 Executing VM operation: HandshakeAllThreads done
Event: 61.121 Executing VM operation: Cleanup
Event: 61.122 Executing VM operation: Cleanup done
Event: 68.155 Executing VM operation: Cleanup
Event: 68.155 Executing VM operation: Cleanup done
Event: 73.174 Executing VM operation: Cleanup
Event: 73.175 Executing VM operation: Cleanup done

Events (20 events):
Event: 76.446 loading class jdk/internal/logger/LazyLoggers$LazyLoggerFactories
Event: 76.446 loading class jdk/internal/logger/LazyLoggers$LazyLoggerFactories done
Event: 76.448 loading class jdk/internal/logger/LoggerFinderLoader
Event: 76.448 loading class jdk/internal/logger/LoggerFinderLoader done
Event: 76.449 loading class jdk/internal/logger/LoggerFinderLoader$TemporaryLoggerFinder
Event: 76.449 loading class jdk/internal/logger/LoggerFinderLoader$TemporaryLoggerFinder done
Event: 76.450 loading class sun/util/logging/internal/LoggingProviderImpl$JULWrapper
Event: 76.450 loading class sun/util/logging/PlatformLogger$ConfigurableBridge$LoggerConfiguration
Event: 76.451 loading class sun/util/logging/PlatformLogger$ConfigurableBridge$LoggerConfiguration done
Event: 76.451 loading class sun/util/logging/internal/LoggingProviderImpl$JULWrapper done
Event: 76.451 loading class java/io/ObjectInputFilter
Event: 76.451 loading class java/io/ObjectInputFilter done
Event: 76.452 loading class java/io/ObjectInputFilter$Config$BuiltinFilterFactory
Event: 76.453 loading class java/io/ObjectInputFilter$Config$BuiltinFilterFactory done
Event: 76.453 loading class jdk/internal/access/JavaObjectInputFilterAccess
Event: 76.453 loading class jdk/internal/access/JavaObjectInputFilterAccess done
Event: 76.454 loading class java/lang/System$Logger$Level
Event: 76.454 loading class java/lang/System$Logger$Level done
Event: 76.454 loading class java/io/Bits
Event: 76.455 loading class java/io/Bits done


Dynamic libraries:
0x00007ff65a830000 - 0x00007ff65a840000 	C:\Program Files\Java\jdk-17\bin\java.exe
0x00007ffaeeb10000 - 0x00007ffaeed27000 	C:\WINDOWS\SYSTEM32\ntdll.dll
0x00007ffaed3e0000 - 0x00007ffaed4a4000 	C:\WINDOWS\System32\KERNEL32.DLL
0x00007ffaebc50000 - 0x00007ffaec023000 	C:\WINDOWS\System32\KERNELBASE.dll
0x00007ffaec610000 - 0x00007ffaec721000 	C:\WINDOWS\System32\ucrtbase.dll
0x00007ffad25e0000 - 0x00007ffad25f9000 	C:\Program Files\Java\jdk-17\bin\jli.dll
0x00007ffac7e50000 - 0x00007ffac7e6b000 	C:\Program Files\Java\jdk-17\bin\VCRUNTIME140.dll
0x00007ffaeea10000 - 0x00007ffaeeac1000 	C:\WINDOWS\System32\ADVAPI32.dll
0x00007ffaed770000 - 0x00007ffaed817000 	C:\WINDOWS\System32\msvcrt.dll
0x00007ffaecbf0000 - 0x00007ffaecc97000 	C:\WINDOWS\System32\sechost.dll
0x00007ffaec1a0000 - 0x00007ffaec1c8000 	C:\WINDOWS\System32\bcrypt.dll
0x00007ffaed620000 - 0x00007ffaed734000 	C:\WINDOWS\System32\RPCRT4.dll
0x00007ffaecf90000 - 0x00007ffaed141000 	C:\WINDOWS\System32\USER32.dll
0x00007ffaebc20000 - 0x00007ffaebc46000 	C:\WINDOWS\System32\win32u.dll
0x00007ffaddbd0000 - 0x00007ffadde68000 	C:\WINDOWS\WinSxS\amd64_microsoft.windows.common-controls_6595b64144ccf1df_6.0.22621.5124_none_270e8f4f7386d69d\COMCTL32.dll
0x00007ffaed740000 - 0x00007ffaed769000 	C:\WINDOWS\System32\GDI32.dll
0x00007ffaec4f0000 - 0x00007ffaec60b000 	C:\WINDOWS\System32\gdi32full.dll
0x00007ffaec450000 - 0x00007ffaec4ea000 	C:\WINDOWS\System32\msvcp_win.dll
0x00007ffae13c0000 - 0x00007ffae13ca000 	C:\WINDOWS\SYSTEM32\VERSION.dll
0x00007ffaee8a0000 - 0x00007ffaee8d1000 	C:\WINDOWS\System32\IMM32.DLL
0x00007e1100000000 - 0x00007e1100085000 	C:\laragon\bin\cmder\vendor\conemu-maximus5\ConEmu\ConEmuHk64.dll
0x00007ffae2650000 - 0x00007ffae265c000 	C:\Program Files\Java\jdk-17\bin\vcruntime140_1.dll
0x00007ffa87220000 - 0x00007ffa872ae000 	C:\Program Files\Java\jdk-17\bin\msvcp140.dll
0x00007ffa37d30000 - 0x00007ffa38911000 	C:\Program Files\Java\jdk-17\bin\server\jvm.dll
0x00007ffaed150000 - 0x00007ffaed158000 	C:\WINDOWS\System32\PSAPI.DLL
0x00007ffad6ab0000 - 0x00007ffad6ab9000 	C:\WINDOWS\SYSTEM32\WSOCK32.dll
0x00007ffae91e0000 - 0x00007ffae9214000 	C:\WINDOWS\SYSTEM32\WINMM.dll
0x00007ffaed240000 - 0x00007ffaed2b1000 	C:\WINDOWS\System32\WS2_32.dll
0x00007ffaeac20000 - 0x00007ffaeac38000 	C:\WINDOWS\SYSTEM32\kernel.appcore.dll
0x00007ffad4930000 - 0x00007ffad493a000 	C:\Program Files\Java\jdk-17\bin\jimage.dll
0x00007ffae9220000 - 0x00007ffae9452000 	C:\WINDOWS\SYSTEM32\DBGHELP.DLL
0x00007ffaec840000 - 0x00007ffaecbd2000 	C:\WINDOWS\System32\combase.dll
0x00007ffaed160000 - 0x00007ffaed237000 	C:\WINDOWS\System32\OLEAUT32.dll
0x00007ffae91a0000 - 0x00007ffae91d2000 	C:\WINDOWS\SYSTEM32\dbgcore.DLL
0x00007ffaec3d0000 - 0x00007ffaec44b000 	C:\WINDOWS\System32\bcryptPrimitives.dll
0x00007ffabe030000 - 0x00007ffabe055000 	C:\Program Files\Java\jdk-17\bin\java.dll
0x00007ffa68b90000 - 0x00007ffa68c67000 	C:\Program Files\Java\jdk-17\bin\jsvml.dll
0x00007ffaede70000 - 0x00007ffaee706000 	C:\WINDOWS\System32\SHELL32.dll
0x00007ffaec1d0000 - 0x00007ffaec30f000 	C:\WINDOWS\System32\wintypes.dll
0x00007ffae9a60000 - 0x00007ffaea37a000 	C:\WINDOWS\SYSTEM32\windows.storage.dll
0x00007ffaee8e0000 - 0x00007ffaee9ea000 	C:\WINDOWS\System32\SHCORE.dll
0x00007ffaeceb0000 - 0x00007ffaecf13000 	C:\WINDOWS\System32\shlwapi.dll
0x00007ffaebb50000 - 0x00007ffaebb7b000 	C:\WINDOWS\SYSTEM32\profapi.dll
0x00007ffabe010000 - 0x00007ffabe029000 	C:\Program Files\Java\jdk-17\bin\net.dll
0x00007ffae72c0000 - 0x00007ffae73ec000 	C:\WINDOWS\SYSTEM32\WINHTTP.dll
0x00007ffaeb090000 - 0x00007ffaeb0fa000 	C:\WINDOWS\system32\mswsock.dll
0x00007ffab4740000 - 0x00007ffab4756000 	C:\Program Files\Java\jdk-17\bin\nio.dll
0x00007ffab43d0000 - 0x00007ffab43e8000 	C:\Program Files\Java\jdk-17\bin\zip.dll
0x00007ffae26b0000 - 0x00007ffae26c0000 	C:\Program Files\Java\jdk-17\bin\verify.dll
0x00007ffabe000000 - 0x00007ffabe00a000 	C:\Program Files\Java\jdk-17\bin\management.dll
0x00007ffab4860000 - 0x00007ffab486b000 	C:\Program Files\Java\jdk-17\bin\management_ext.dll
0x00007ffadcf00000 - 0x00007ffadcf27000 	C:\Users\hr.ouedraogo\.gradle\native\1def1411415f61bf3af743bc5b6707747c0891f09f0c88961ee8f79bc544acac\windows-amd64\native-platform.dll
0x00007ffae5ed0000 - 0x00007ffae5eda000 	C:\Users\hr.ouedraogo\.gradle\native\jansi\1.18\windows64\jansi.dll
0x00007ffaea4a0000 - 0x00007ffaea4cd000 	C:\WINDOWS\SYSTEM32\IPHLPAPI.DLL
0x00007ffaecbe0000 - 0x00007ffaecbe9000 	C:\WINDOWS\System32\NSI.dll
0x00007ffae6f80000 - 0x00007ffae6f99000 	C:\WINDOWS\SYSTEM32\dhcpcsvc6.DLL
0x00007ffae6ef0000 - 0x00007ffae6f0f000 	C:\WINDOWS\SYSTEM32\dhcpcsvc.DLL
0x00007ffaea4d0000 - 0x00007ffaea5d2000 	C:\WINDOWS\SYSTEM32\DNSAPI.dll
0x00007ffaeb380000 - 0x00007ffaeb39b000 	C:\WINDOWS\SYSTEM32\CRYPTSP.dll
0x00007ffaeab80000 - 0x00007ffaeabb7000 	C:\WINDOWS\system32\rsaenh.dll
0x00007ffaeb130000 - 0x00007ffaeb158000 	C:\WINDOWS\SYSTEM32\USERENV.dll
0x00007ffaeb360000 - 0x00007ffaeb36c000 	C:\WINDOWS\SYSTEM32\CRYPTBASE.dll
0x00007ffab4730000 - 0x00007ffab473e000 	C:\Program Files\Java\jdk-17\bin\sunmscapi.dll
0x00007ffaec030000 - 0x00007ffaec197000 	C:\WINDOWS\System32\CRYPT32.dll
0x00007ffaeb560000 - 0x00007ffaeb58d000 	C:\WINDOWS\SYSTEM32\ncrypt.dll
0x00007ffaeb520000 - 0x00007ffaeb557000 	C:\WINDOWS\SYSTEM32\NTASN1.dll
0x00007ffad2970000 - 0x00007ffad2978000 	C:\WINDOWS\system32\wshunix.dll

dbghelp: loaded successfully - version: 4.0.5 - missing functions: none
symbol engine: initialized successfully - sym options: 0x614 - pdb path: .;C:\Program Files\Java\jdk-17\bin;C:\WINDOWS\SYSTEM32;C:\WINDOWS\WinSxS\amd64_microsoft.windows.common-controls_6595b64144ccf1df_6.0.22621.5124_none_270e8f4f7386d69d;C:\laragon\bin\cmder\vendor\conemu-maximus5\ConEmu;C:\Program Files\Java\jdk-17\bin\server;C:\Users\hr.ouedraogo\.gradle\native\1def1411415f61bf3af743bc5b6707747c0891f09f0c88961ee8f79bc544acac\windows-amd64;C:\Users\hr.ouedraogo\.gradle\native\jansi\1.18\windows64

VM Arguments:
jvm_args: -Xmx64m -Xms64m -Dorg.gradle.appname=gradlew 
java_command: org.gradle.wrapper.GradleWrapperMain app:installDebug -PreactNativeDevServerPort=8081
java_class_path (initial): C:\dev\eurekaMobile\android\\gradle\wrapper\gradle-wrapper.jar
Launcher Type: SUN_STANDARD

[Global flags]
     intx CICompilerCount                          = 12                                        {product} {ergonomic}
     uint ConcGCThreads                            = 4                                         {product} {ergonomic}
     uint G1ConcRefinementThreads                  = 15                                        {product} {ergonomic}
   size_t G1HeapRegionSize                         = 1048576                                   {product} {ergonomic}
    uintx GCDrainStackTargetSize                   = 64                                        {product} {ergonomic}
   size_t InitialHeapSize                          = 67108864                                  {product} {command line}
   size_t MarkStackSize                            = 4194304                                   {product} {ergonomic}
   size_t MaxHeapSize                              = 67108864                                  {product} {command line}
   size_t MaxNewSize                               = 39845888                                  {product} {ergonomic}
   size_t MinHeapDeltaBytes                        = 1048576                                   {product} {ergonomic}
   size_t MinHeapSize                              = 67108864                                  {product} {command line}
    uintx NonNMethodCodeHeapSize                   = 7602480                                {pd product} {ergonomic}
    uintx NonProfiledCodeHeapSize                  = 122027880                              {pd product} {ergonomic}
    uintx ProfiledCodeHeapSize                     = 122027880                              {pd product} {ergonomic}
    uintx ReservedCodeCacheSize                    = 251658240                              {pd product} {ergonomic}
     bool SegmentedCodeCache                       = true                                      {product} {ergonomic}
   size_t SoftMaxHeapSize                          = 67108864                               {manageable} {ergonomic}
     bool UseCompressedClassPointers               = true                           {product lp64_product} {ergonomic}
     bool UseCompressedOops                        = true                           {product lp64_product} {ergonomic}
     bool UseG1GC                                  = true                                      {product} {ergonomic}
     bool UseLargePagesIndividualAllocation        = false                                  {pd product} {ergonomic}

Logging:
Log output configuration:
 #0: stdout all=warning uptime,level,tags
 #1: stderr all=off uptime,level,tags

Environment Variables:
JAVA_HOME=C:\Program Files\Java\jdk-17
CLASSPATH=C:\dev\eurekaMobile\android\\gradle\wrapper\gradle-wrapper.jar
PATH=C:\dev\eurekaMobile\node_modules\.bin;C:\dev\node_modules\.bin;C:\node_modules\.bin;C:\laragon\bin\nodejs\node-v22.9.0-win-x64\node_modules\npm\node_modules\@npmcli\run-script\lib\node-gyp-bin;C:\Users\hr.ouedraogo\AppData\Local\Yarn\config\global\node_modules\.bin;C:\Users\hr.ouedraogo\AppData\Roaming\npm;C:\Users\hr.ouedraogo\AppData\Roaming\Composer\vendor\bin;;C:\laragon\bin\laragon\utils;C:\laragon\bin\mysql\mysql-8.0.30-winx64\bin;C:\laragon\bin\php\php-7.4.0;C:\laragon\bin\composer;C:\laragon\bin\apache\httpd-2.4.54-win64-VS16\bin;C:\laragon\bin\redis\redis-x64-5.0.14.1;C:\laragon\bin\nodejs\node-v22.9.0-win-x64;C:\laragon\bin\mongodb\mongodb-win32-x86_64-enterprise-windows-7.0.12\bin;C:\laragon\bin\postgresql\postgresql-14.5-1\bin;C:\laragon\bin\python\python-3.10;C:\laragon\bin\python\python-3.10\Scripts;C:\laragon\bin\nginx\nginx-1.22.0;C:\laragon\bin\notepad++;C:\laragon\bin\telnet;C:\laragon\bin\ngrok;C:\laragon\bin\git\bin;C:\laragon\bin\git\cmd;C:\laragon\bin\git\usr\bin;C:\laragon\bin\git\mingw64\bin;C:\laragon\bin;C:\laragon\usr\bin;C:\laragon\bin\cmder\vendor\conemu-maximus5\ConEmu\Scripts;C:\laragon\bin\cmder\vendor\conemu-maximus5;C:\laragon\bin\cmder\vendor\conemu-maximus5\ConEmu;C:\Program Files (x86)\Common Files\Oracle\Java\javapath;C:\DevSuiteHome_1\jdk\jre\bin\classic;C:\DevSuiteHome_1\jdk\jre\bin;C:\DevSuiteHome_1\jdk\jre\bin\client;C:\DevSuiteHome_1\jlib;C:\DevSuiteHome_1\bin;C:\DevSuiteHome_1\jre\1.4.2\bin\client;C:\DevSuiteHome_1\jre\1.4.2\bin;C:\Program Files (x86)\Oracle Client for Microsoft Tools\;C:\Users\hr.ouedraogo\Videos\oracleDB\bin;C:\oracle\instantclient_12_2;C:\WINDOWS\system32;C:\WINDOWS;C:\WINDOWS\System32\Wbem;C:\WINDOWS\System32\WindowsPowerShell\v1.0\;C:\WINDOWS\System32\OpenSSH\;C:\Program Files\Microsoft SQL Server\150\Tools\Binn\;C:\Program Files\Microsoft SQL Server\Client SDK\ODBC\170\Tools\Binn\;C:\laragon\bin\nodejs\node-v22.9.0-win-x64\;C:\Program Files (x86)\Microsoft SQL Server\160\Tools\Binn\;C:\Program File
USERNAME=hr.ouedraogo
LANG=fr_FR.UTF-8
OS=Windows_NT
PROCESSOR_IDENTIFIER=Intel64 Family 6 Model 186 Stepping 2, GenuineIntel



---------------  S Y S T E M  ---------------

OS:
 Windows 11 , 64 bit Build 22621 (10.0.22621.5124)
OS uptime: 4 days 0:04 hours
Hyper-V role detected

CPU: total 20 (initial active 20) (10 cores per cpu, 2 threads per core) family 6 model 186 stepping 2 microcode 0x411d, cx8, cmov, fxsr, ht, mmx, 3dnowpref, sse, sse2, sse3, ssse3, sse4.1, sse4.2, popcnt, lzcnt, tsc, tscinvbit, avx, avx2, aes, erms, clmul, bmi1, bmi2, adx, sha, fma, vzeroupper, clflush, clflushopt, clwb, hv

Memory: 4k page, system-wide physical 15901M (1604M free)
TotalPageFile size 35481M (AvailPageFile size 1331M)
current process WorkingSet (physical memory assigned to process): 109M, peak: 127M
current process commit charge ("private bytes"): 184M, peak: 203M

vm_info: Java HotSpot(TM) 64-Bit Server VM (17.0.13+10-LTS-268) for windows-amd64 JRE (17.0.13+10-LTS-268), built on Sep 30 2024 06:33:13 by "mach5one" with MS VC++ 17.6 (VS2022)

END.
