#
# There is insufficient memory for the Java Runtime Environment to continue.
# Native memory allocation (malloc) failed to allocate 32744 bytes for ChunkPool::allocate
# Possible reasons:
#   The system is out of physical RAM or swap space
#   The process is running with CompressedOops enabled, and the Java Heap may be blocking the growth of the native heap
# Possible solutions:
#   Reduce memory load on the system
#   Increase physical memory or swap space
#   Check if swap backing store is full
#   Decrease Java heap size (-Xmx/-Xms)
#   Decrease number of Java threads
#   Decrease Java thread stack sizes (-Xss)
#   Set larger code cache with -XX:ReservedCodeCacheSize=
#   JVM is running with Unscaled Compressed Oops mode in which the Java heap is
#     placed in the first 4GB address space. The Java Heap base address is the
#     maximum limit for the native heap growth. Please use -XX:HeapBaseMinAddress
#     to set the Java Heap base and to place the Java Heap above 4GB virtual address.
# This output file may be truncated or incomplete.
#
#  Out of Memory Error (arena.cpp:78), pid=26008, tid=30312
#
# JRE version: Java(TM) SE Runtime Environment (17.0.13+10) (build 17.0.13+10-LTS-268)
# Java VM: Java HotSpot(TM) 64-Bit Server VM (17.0.13+10-LTS-268, mixed mode, sharing, tiered, compressed oops, compressed class ptrs, g1 gc, windows-amd64)
# No core dump will be written. Minidumps are not enabled by default on client versions of Windows
#

---------------  S U M M A R Y ------------

Command Line: -Xmx64m -Xms64m -Dorg.gradle.appname=gradlew org.gradle.wrapper.GradleWrapperMain app:installDebug -PreactNativeDevServerPort=8081

Host: 13th Gen Intel(R) Core(TM) i7-13700H, 20 cores, 15G,  Windows 11 , 64 bit Build 22621 (10.0.22621.5124)
Time: Sun May 11 17:18:52 2025 Temps universel coordonné elapsed time: 76.181180 seconds (0d 0h 1m 16s)

---------------  T H R E A D  ---------------

Current thread (0x00000187356d4c10):  JavaThread "C2 CompilerThread0" daemon [_thread_in_native, id=30312, stack(0x00000075fe300000,0x00000075fe400000)]


Current CompileTask:
C2:  76181 2016       4       com.esotericsoftware.kryo.io.Input::readUtf8 (90 bytes)

Stack: [0x00000075fe300000,0x00000075fe400000]
Native frames: (J=compiled Java code, j=interpreted, Vv=VM code, C=native code)
V  [jvm.dll+0x67a23a]
V  [jvm.dll+0x7da96d]
V  [jvm.dll+0x7dc2b3]
V  [jvm.dll+0x7dc923]
V  [jvm.dll+0x2450ef]
V  [jvm.dll+0xab9c4]
V  [jvm.dll+0xabd5c]
V  [jvm.dll+0xab8a4]
V  [jvm.dll+0x69f685]
V  [jvm.dll+0x1a6cc3]
V  [jvm.dll+0x6a131f]
V  [jvm.dll+0x343195]
V  [jvm.dll+0x347223]
V  [jvm.dll+0x1a6a59]
V  [jvm.dll+0x1a5702]
V  [jvm.dll+0x2a97bc]
V  [jvm.dll+0x692586]
V  [jvm.dll+0x68a5c5]
V  [jvm.dll+0x689c10]
V  [jvm.dll+0x687b22]
V  [jvm.dll+0x1a587c]
V  [jvm.dll+0x1a63d8]
V  [jvm.dll+0x2a97bc]
V  [jvm.dll+0x692586]
V  [jvm.dll+0x68a5c5]
V  [jvm.dll+0x689c10]
V  [jvm.dll+0x687b22]
V  [jvm.dll+0x1a587c]
V  [jvm.dll+0x1a63d8]
V  [jvm.dll+0x2a97bc]
V  [jvm.dll+0x692586]
V  [jvm.dll+0x68a5c5]
V  [jvm.dll+0x689c10]
V  [jvm.dll+0x687b22]
V  [jvm.dll+0x1a587c]
V  [jvm.dll+0x215878]
V  [jvm.dll+0x1a2980]
V  [jvm.dll+0x22616b]
V  [jvm.dll+0x22430b]
V  [jvm.dll+0x790a8c]
V  [jvm.dll+0x78af1a]
V  [jvm.dll+0x679125]
C  [ucrtbase.dll+0x29333]
C  [KERNEL32.DLL+0x1259d]
C  [ntdll.dll+0x5af38]


---------------  P R O C E S S  ---------------

Threads class SMR info:
_java_thread_list=0x000001877c311c90, length=14, elements={
0x000001871b0325c0, 0x00000187356b6c00, 0x00000187356b7a80, 0x00000187356cf640,
0x00000187356d0610, 0x00000187356d30e0, 0x00000187356d3e70, 0x00000187356d4c10,
0x00000187356de9c0, 0x00000187356e5b60, 0x0000018735a9deb0, 0x0000018735aa6190,
0x000001877cdd47b0, 0x000001877b974c00
}

Java Threads: ( => current thread )
  0x000001871b0325c0 JavaThread "main" [_thread_blocked, id=9532, stack(0x00000075fd600000,0x00000075fd700000)]
  0x00000187356b6c00 JavaThread "Reference Handler" daemon [_thread_blocked, id=12024, stack(0x00000075fdd00000,0x00000075fde00000)]
  0x00000187356b7a80 JavaThread "Finalizer" daemon [_thread_blocked, id=18496, stack(0x00000075fde00000,0x00000075fdf00000)]
  0x00000187356cf640 JavaThread "Signal Dispatcher" daemon [_thread_blocked, id=18892, stack(0x00000075fdf00000,0x00000075fe000000)]
  0x00000187356d0610 JavaThread "Attach Listener" daemon [_thread_blocked, id=32128, stack(0x00000075fe000000,0x00000075fe100000)]
  0x00000187356d30e0 JavaThread "Service Thread" daemon [_thread_blocked, id=17664, stack(0x00000075fe100000,0x00000075fe200000)]
  0x00000187356d3e70 JavaThread "Monitor Deflation Thread" daemon [_thread_blocked, id=29360, stack(0x00000075fe200000,0x00000075fe300000)]
=>0x00000187356d4c10 JavaThread "C2 CompilerThread0" daemon [_thread_in_native, id=30312, stack(0x00000075fe300000,0x00000075fe400000)]
  0x00000187356de9c0 JavaThread "C1 CompilerThread0" daemon [_thread_in_native, id=25500, stack(0x00000075fe400000,0x00000075fe500000)]
  0x00000187356e5b60 JavaThread "Sweeper thread" daemon [_thread_blocked, id=25172, stack(0x00000075fe500000,0x00000075fe600000)]
  0x0000018735a9deb0 JavaThread "Notification Thread" daemon [_thread_blocked, id=24880, stack(0x00000075fe800000,0x00000075fe900000)]
  0x0000018735aa6190 JavaThread "Common-Cleaner" daemon [_thread_blocked, id=30368, stack(0x00000075fea00000,0x00000075feb00000)]
  0x000001877cdd47b0 JavaThread "pool-1-thread-1" [_thread_in_native, id=10164, stack(0x00000075ff400000,0x00000075ff500000)]
  0x000001877b974c00 JavaThread "C2 CompilerThread1" daemon [_thread_in_native, id=31912, stack(0x00000075fd300000,0x00000075fd400000)]

Other Threads:
  0x00000187356be6d0 VMThread "VM Thread" [stack: 0x00000075fdc00000,0x00000075fdd00000] [id=30628]
  0x000001871b090390 WatcherThread [stack: 0x00000075fe900000,0x00000075fea00000] [id=24044]
  0x000001871b057960 GCTaskThread "GC Thread#0" [stack: 0x00000075fd700000,0x00000075fd800000] [id=22268]
  0x000001877b241710 GCTaskThread "GC Thread#1" [stack: 0x00000075fef00000,0x00000075ff000000] [id=27172]
  0x000001877b039430 GCTaskThread "GC Thread#2" [stack: 0x00000075ff000000,0x00000075ff100000] [id=30476]
  0x000001877b269ae0 GCTaskThread "GC Thread#3" [stack: 0x00000075ff100000,0x00000075ff200000] [id=20500]
  0x000001877b6decb0 GCTaskThread "GC Thread#4" [stack: 0x00000075fed00000,0x00000075fee00000] [id=15816]
  0x000001877ca7dd30 GCTaskThread "GC Thread#5" [stack: 0x00000075fee00000,0x00000075fef00000] [id=23732]
  0x000001877b7c0c90 GCTaskThread "GC Thread#6" [stack: 0x00000075ff200000,0x00000075ff300000] [id=26112]
  0x000001871b0590b0 ConcurrentGCThread "G1 Main Marker" [stack: 0x00000075fd800000,0x00000075fd900000] [id=25976]
  0x000001871b059ac0 ConcurrentGCThread "G1 Conc#0" [stack: 0x00000075fd900000,0x00000075fda00000] [id=32956]
  0x000001871b0d9000 ConcurrentGCThread "G1 Refine#0" [stack: 0x00000075fda00000,0x00000075fdb00000] [id=31320]
  0x000001871b0d9a30 ConcurrentGCThread "G1 Service" [stack: 0x00000075fdb00000,0x00000075fdc00000] [id=18016]

Threads with active compile tasks:
C2 CompilerThread0    76283 2016       4       com.esotericsoftware.kryo.io.Input::readUtf8 (90 bytes)
C1 CompilerThread0    76284 2021   !   3       java.nio.charset.CharsetEncoder::encode (273 bytes)
C2 CompilerThread1    76284 2019       4       org.gradle.internal.logging.text.AbstractLineChoppingStyledTextOutput$StateContext::hasChar (25 bytes)

VM state: not at safepoint (normal execution)

VM Mutex/Monitor currently owned by a thread: None

Heap address: 0x00000000fc000000, size: 64 MB, Compressed Oops mode: 32-bit

CDS archive(s) mapped at: [0x0000018736000000-0x0000018736bd0000-0x0000018736bd0000), size 12386304, SharedBaseAddress: 0x0000018736000000, ArchiveRelocationMode: 1.
Compressed class space mapped at: 0x0000018737000000-0x0000018777000000, reserved size: 1073741824
Narrow klass base: 0x0000018736000000, Narrow klass shift: 0, Narrow klass range: 0x100000000

GC Precious Log:
 CPUs: 20 total, 20 available
 Memory: 15901M
 Large Page Support: Disabled
 NUMA Support: Disabled
 Compressed Oops: Enabled (32-bit)
 Heap Region Size: 1M
 Heap Min Capacity: 64M
 Heap Initial Capacity: 64M
 Heap Max Capacity: 64M
 Pre-touch: Disabled
 Parallel Workers: 15
 Concurrent Workers: 4
 Concurrent Refinement Workers: 15
 Periodic GC: Disabled

Heap:
 garbage-first heap   total 65536K, used 18538K [0x00000000fc000000, 0x0000000100000000)
  region size 1024K, 12 young (12288K), 4 survivors (4096K)
 Metaspace       used 9597K, committed 9856K, reserved 1114112K
  class space    used 1257K, committed 1344K, reserved 1048576K

Heap Regions: E=young(eden), S=young(survivor), O=old, HS=humongous(starts), HC=humongous(continues), CS=collection set, F=free, OA=open archive, CA=closed archive, TAMS=top-at-mark-start (previous, next)
|   0|0x00000000fc000000, 0x00000000fc100000, 0x00000000fc100000|100%|HS|  |TAMS 0x00000000fc000000, 0x00000000fc000000| Complete 
|   1|0x00000000fc100000, 0x00000000fc200000, 0x00000000fc200000|100%|HC|  |TAMS 0x00000000fc100000, 0x00000000fc100000| Complete 
|   2|0x00000000fc200000, 0x00000000fc300000, 0x00000000fc300000|100%|HC|  |TAMS 0x00000000fc200000, 0x00000000fc200000| Complete 
|   3|0x00000000fc300000, 0x00000000fc400000, 0x00000000fc400000|100%| O|  |TAMS 0x00000000fc300000, 0x00000000fc300000| Untracked 
|   4|0x00000000fc400000, 0x00000000fc500000, 0x00000000fc500000|100%| O|  |TAMS 0x00000000fc400000, 0x00000000fc400000| Untracked 
|   5|0x00000000fc500000, 0x00000000fc600000, 0x00000000fc600000|100%| O|  |TAMS 0x00000000fc500000, 0x00000000fc500000| Untracked 
|   6|0x00000000fc600000, 0x00000000fc700000, 0x00000000fc700000|100%| O|  |TAMS 0x00000000fc600000, 0x00000000fc600000| Untracked 
|   7|0x00000000fc700000, 0x00000000fc71aa00, 0x00000000fc800000| 10%| O|  |TAMS 0x00000000fc700000, 0x00000000fc700000| Untracked 
|   8|0x00000000fc800000, 0x00000000fc800000, 0x00000000fc900000|  0%| F|  |TAMS 0x00000000fc800000, 0x00000000fc800000| Untracked 
|   9|0x00000000fc900000, 0x00000000fc900000, 0x00000000fca00000|  0%| F|  |TAMS 0x00000000fc900000, 0x00000000fc900000| Untracked 
|  10|0x00000000fca00000, 0x00000000fca00000, 0x00000000fcb00000|  0%| F|  |TAMS 0x00000000fca00000, 0x00000000fca00000| Untracked 
|  11|0x00000000fcb00000, 0x00000000fcb00000, 0x00000000fcc00000|  0%| F|  |TAMS 0x00000000fcb00000, 0x00000000fcb00000| Untracked 
|  12|0x00000000fcc00000, 0x00000000fcc00000, 0x00000000fcd00000|  0%| F|  |TAMS 0x00000000fcc00000, 0x00000000fcc00000| Untracked 
|  13|0x00000000fcd00000, 0x00000000fcd00000, 0x00000000fce00000|  0%| F|  |TAMS 0x00000000fcd00000, 0x00000000fcd00000| Untracked 
|  14|0x00000000fce00000, 0x00000000fce00000, 0x00000000fcf00000|  0%| F|  |TAMS 0x00000000fce00000, 0x00000000fce00000| Untracked 
|  15|0x00000000fcf00000, 0x00000000fcf00000, 0x00000000fd000000|  0%| F|  |TAMS 0x00000000fcf00000, 0x00000000fcf00000| Untracked 
|  16|0x00000000fd000000, 0x00000000fd000000, 0x00000000fd100000|  0%| F|  |TAMS 0x00000000fd000000, 0x00000000fd000000| Untracked 
|  17|0x00000000fd100000, 0x00000000fd100000, 0x00000000fd200000|  0%| F|  |TAMS 0x00000000fd100000, 0x00000000fd100000| Untracked 
|  18|0x00000000fd200000, 0x00000000fd200000, 0x00000000fd300000|  0%| F|  |TAMS 0x00000000fd200000, 0x00000000fd200000| Untracked 
|  19|0x00000000fd300000, 0x00000000fd300000, 0x00000000fd400000|  0%| F|  |TAMS 0x00000000fd300000, 0x00000000fd300000| Untracked 
|  20|0x00000000fd400000, 0x00000000fd400000, 0x00000000fd500000|  0%| F|  |TAMS 0x00000000fd400000, 0x00000000fd400000| Untracked 
|  21|0x00000000fd500000, 0x00000000fd500000, 0x00000000fd600000|  0%| F|  |TAMS 0x00000000fd500000, 0x00000000fd500000| Untracked 
|  22|0x00000000fd600000, 0x00000000fd600000, 0x00000000fd700000|  0%| F|  |TAMS 0x00000000fd600000, 0x00000000fd600000| Untracked 
|  23|0x00000000fd700000, 0x00000000fd700000, 0x00000000fd800000|  0%| F|  |TAMS 0x00000000fd700000, 0x00000000fd700000| Untracked 
|  24|0x00000000fd800000, 0x00000000fd800000, 0x00000000fd900000|  0%| F|  |TAMS 0x00000000fd800000, 0x00000000fd800000| Untracked 
|  25|0x00000000fd900000, 0x00000000fd900000, 0x00000000fda00000|  0%| F|  |TAMS 0x00000000fd900000, 0x00000000fd900000| Untracked 
|  26|0x00000000fda00000, 0x00000000fda00000, 0x00000000fdb00000|  0%| F|  |TAMS 0x00000000fda00000, 0x00000000fda00000| Untracked 
|  27|0x00000000fdb00000, 0x00000000fdb00000, 0x00000000fdc00000|  0%| F|  |TAMS 0x00000000fdb00000, 0x00000000fdb00000| Untracked 
|  28|0x00000000fdc00000, 0x00000000fdd00000, 0x00000000fdd00000|100%| S|CS|TAMS 0x00000000fdc00000, 0x00000000fdc00000| Complete 
|  29|0x00000000fdd00000, 0x00000000fde00000, 0x00000000fde00000|100%| S|CS|TAMS 0x00000000fdd00000, 0x00000000fdd00000| Complete 
|  30|0x00000000fde00000, 0x00000000fdf00000, 0x00000000fdf00000|100%| S|CS|TAMS 0x00000000fde00000, 0x00000000fde00000| Complete 
|  31|0x00000000fdf00000, 0x00000000fe000000, 0x00000000fe000000|100%| S|CS|TAMS 0x00000000fdf00000, 0x00000000fdf00000| Complete 
|  32|0x00000000fe000000, 0x00000000fe000000, 0x00000000fe100000|  0%| F|  |TAMS 0x00000000fe000000, 0x00000000fe000000| Untracked 
|  33|0x00000000fe100000, 0x00000000fe100000, 0x00000000fe200000|  0%| F|  |TAMS 0x00000000fe100000, 0x00000000fe100000| Untracked 
|  34|0x00000000fe200000, 0x00000000fe200000, 0x00000000fe300000|  0%| F|  |TAMS 0x00000000fe200000, 0x00000000fe200000| Untracked 
|  35|0x00000000fe300000, 0x00000000fe300000, 0x00000000fe400000|  0%| F|  |TAMS 0x00000000fe300000, 0x00000000fe300000| Untracked 
|  36|0x00000000fe400000, 0x00000000fe400000, 0x00000000fe500000|  0%| F|  |TAMS 0x00000000fe400000, 0x00000000fe400000| Untracked 
|  37|0x00000000fe500000, 0x00000000fe500000, 0x00000000fe600000|  0%| F|  |TAMS 0x00000000fe500000, 0x00000000fe500000| Untracked 
|  38|0x00000000fe600000, 0x00000000fe600000, 0x00000000fe700000|  0%| F|  |TAMS 0x00000000fe600000, 0x00000000fe600000| Untracked 
|  39|0x00000000fe700000, 0x00000000fe700000, 0x00000000fe800000|  0%| F|  |TAMS 0x00000000fe700000, 0x00000000fe700000| Untracked 
|  40|0x00000000fe800000, 0x00000000fe800000, 0x00000000fe900000|  0%| F|  |TAMS 0x00000000fe800000, 0x00000000fe800000| Untracked 
|  41|0x00000000fe900000, 0x00000000fe900000, 0x00000000fea00000|  0%| F|  |TAMS 0x00000000fe900000, 0x00000000fe900000| Untracked 
|  42|0x00000000fea00000, 0x00000000fea00000, 0x00000000feb00000|  0%| F|  |TAMS 0x00000000fea00000, 0x00000000fea00000| Untracked 
|  43|0x00000000feb00000, 0x00000000feb00000, 0x00000000fec00000|  0%| F|  |TAMS 0x00000000feb00000, 0x00000000feb00000| Untracked 
|  44|0x00000000fec00000, 0x00000000fec00000, 0x00000000fed00000|  0%| F|  |TAMS 0x00000000fec00000, 0x00000000fec00000| Untracked 
|  45|0x00000000fed00000, 0x00000000fed00000, 0x00000000fee00000|  0%| F|  |TAMS 0x00000000fed00000, 0x00000000fed00000| Untracked 
|  46|0x00000000fee00000, 0x00000000fee00000, 0x00000000fef00000|  0%| F|  |TAMS 0x00000000fee00000, 0x00000000fee00000| Untracked 
|  47|0x00000000fef00000, 0x00000000fef00000, 0x00000000ff000000|  0%| F|  |TAMS 0x00000000fef00000, 0x00000000fef00000| Untracked 
|  48|0x00000000ff000000, 0x00000000ff000000, 0x00000000ff100000|  0%| F|  |TAMS 0x00000000ff000000, 0x00000000ff000000| Untracked 
|  49|0x00000000ff100000, 0x00000000ff100000, 0x00000000ff200000|  0%| F|  |TAMS 0x00000000ff100000, 0x00000000ff100000| Untracked 
|  50|0x00000000ff200000, 0x00000000ff200000, 0x00000000ff300000|  0%| F|  |TAMS 0x00000000ff200000, 0x00000000ff200000| Untracked 
|  51|0x00000000ff300000, 0x00000000ff300000, 0x00000000ff400000|  0%| F|  |TAMS 0x00000000ff300000, 0x00000000ff300000| Untracked 
|  52|0x00000000ff400000, 0x00000000ff400000, 0x00000000ff500000|  0%| F|  |TAMS 0x00000000ff400000, 0x00000000ff400000| Untracked 
|  53|0x00000000ff500000, 0x00000000ff500000, 0x00000000ff600000|  0%| F|  |TAMS 0x00000000ff500000, 0x00000000ff500000| Untracked 
|  54|0x00000000ff600000, 0x00000000ff600000, 0x00000000ff700000|  0%| F|  |TAMS 0x00000000ff600000, 0x00000000ff600000| Untracked 
|  55|0x00000000ff700000, 0x00000000ff700000, 0x00000000ff800000|  0%| F|  |TAMS 0x00000000ff700000, 0x00000000ff700000| Untracked 
|  56|0x00000000ff800000, 0x00000000ff8bd170, 0x00000000ff900000| 73%| E|  |TAMS 0x00000000ff800000, 0x00000000ff800000| Complete 
|  57|0x00000000ff900000, 0x00000000ffa00000, 0x00000000ffa00000|100%| E|CS|TAMS 0x00000000ff900000, 0x00000000ff900000| Complete 
|  58|0x00000000ffa00000, 0x00000000ffb00000, 0x00000000ffb00000|100%| E|CS|TAMS 0x00000000ffa00000, 0x00000000ffa00000| Complete 
|  59|0x00000000ffb00000, 0x00000000ffc00000, 0x00000000ffc00000|100%| E|CS|TAMS 0x00000000ffb00000, 0x00000000ffb00000| Complete 
|  60|0x00000000ffc00000, 0x00000000ffd00000, 0x00000000ffd00000|100%| E|CS|TAMS 0x00000000ffc00000, 0x00000000ffc00000| Complete 
|  61|0x00000000ffd00000, 0x00000000ffe00000, 0x00000000ffe00000|100%| E|CS|TAMS 0x00000000ffd00000, 0x00000000ffd00000| Complete 
|  62|0x00000000ffe00000, 0x00000000fff00000, 0x00000000fff00000|100%| E|CS|TAMS 0x00000000ffe00000, 0x00000000ffe00000| Complete 
|  63|0x00000000fff00000, 0x0000000100000000, 0x0000000100000000|100%| E|CS|TAMS 0x00000000fff00000, 0x00000000fff00000| Complete 

Card table byte_map: [0x000001871a440000,0x000001871a460000] _byte_map_base: 0x0000018719c60000

Marking Bits (Prev, Next): (CMBitMap*) 0x000001871b057f80, (CMBitMap*) 0x000001871b057fc0
 Prev Bits: [0x0000018732380000, 0x0000018732480000)
 Next Bits: [0x0000018732480000, 0x0000018732580000)

Polling page: 0x000001871a3e0000

Metaspace:

Usage:
  Non-class:      8.14 MB used.
      Class:      1.23 MB used.
       Both:      9.37 MB used.

Virtual space:
  Non-class space:       64.00 MB reserved,       8.31 MB ( 13%) committed,  1 nodes.
      Class space:        1.00 GB reserved,       1.31 MB ( <1%) committed,  1 nodes.
             Both:        1.06 GB reserved,       9.62 MB ( <1%) committed. 

Chunk freelists:
   Non-Class:  7.67 MB
       Class:  14.51 MB
        Both:  22.18 MB

MaxMetaspaceSize: unlimited
CompressedClassSpaceSize: 1.00 GB
Initial GC threshold: 21.00 MB
Current GC threshold: 21.00 MB
CDS: on
MetaspaceReclaimPolicy: balanced
 - commit_granule_bytes: 65536.
 - commit_granule_words: 8192.
 - virtual_space_node_default_size: 8388608.
 - enlarge_chunks_in_place: 1.
 - new_chunks_are_fully_committed: 0.
 - uncommit_free_chunks: 1.
 - use_allocation_guard: 0.
 - handle_deallocations: 1.


Internal statistics:

num_allocs_failed_limit: 0.
num_arena_births: 80.
num_arena_deaths: 0.
num_vsnodes_births: 2.
num_vsnodes_deaths: 0.
num_space_committed: 154.
num_space_uncommitted: 0.
num_chunks_returned_to_freelist: 0.
num_chunks_taken_from_freelist: 348.
num_chunk_merges: 0.
num_chunk_splits: 228.
num_chunks_enlarged: 184.
num_inconsistent_stats: 0.

CodeHeap 'non-profiled nmethods': size=119168Kb used=815Kb max_used=815Kb free=118352Kb
 bounds [0x000001872a480000, 0x000001872a6f0000, 0x00000187318e0000]
CodeHeap 'profiled nmethods': size=119104Kb used=3820Kb max_used=3820Kb free=115283Kb
 bounds [0x00000187228e0000, 0x0000018722ca0000, 0x0000018729d30000]
CodeHeap 'non-nmethods': size=7488Kb used=1179Kb max_used=2882Kb free=6308Kb
 bounds [0x0000018729d30000, 0x000001872a010000, 0x000001872a480000]
 total_blobs=2486 nmethods=2017 adapters=381
 compilation: enabled
              stopped_count=0, restarted_count=0
 full_count=0

Compilation events (20 events):
Event: 58.318 Thread 0x00000187356de9c0 nmethod 2006 0x0000018722c98f10 code [0x0000018722c990c0, 0x0000018722c99248]
Event: 58.318 Thread 0x00000187356de9c0 2007       3       java.nio.CharBuffer::<init> (24 bytes)
Event: 58.318 Thread 0x00000187356de9c0 nmethod 2007 0x0000018722c99310 code [0x0000018722c994c0, 0x0000018722c99668]
Event: 58.318 Thread 0x00000187356de9c0 2008       3       java.nio.CharBuffer::limit (6 bytes)
Event: 58.318 Thread 0x00000187356de9c0 nmethod 2008 0x0000018722c99710 code [0x0000018722c998c0, 0x0000018722c99a68]
Event: 58.318 Thread 0x00000187356de9c0 2009       3       java.nio.CharBuffer::limit (8 bytes)
Event: 58.319 Thread 0x00000187356de9c0 nmethod 2009 0x0000018722c99b10 code [0x0000018722c99ca0, 0x0000018722c99de8]
Event: 60.441 Thread 0x00000187356d4c10 2010 %     4       com.esotericsoftware.kryo.io.Input::readUtf8 @ 30 (90 bytes)
Event: 60.454 Thread 0x00000187356d4c10 nmethod 2010% 0x000001872a549c90 code [0x000001872a549e20, 0x000001872a54a298]
Event: 62.208 Thread 0x00000187356de9c0 2011       1       org.fusesource.jansi.Ansi$Erase::value (5 bytes)
Event: 62.208 Thread 0x00000187356de9c0 nmethod 2011 0x000001872a54a510 code [0x000001872a54a6a0, 0x000001872a54a778]
Event: 62.811 Thread 0x00000187356d4c10 2012       4       jdk.internal.misc.Unsafe::putReferenceOpaque (9 bytes)
Event: 62.815 Thread 0x00000187356d4c10 nmethod 2012 0x000001872a54a810 code [0x000001872a54a980, 0x000001872a54aab8]
Event: 67.529 Thread 0x00000187356d4c10 2013       4       java.lang.AbstractStringBuilder::insert (54 bytes)
Event: 67.561 Thread 0x00000187356d4c10 nmethod 2013 0x000001872a54ab10 code [0x000001872a54aca0, 0x000001872a54b518]
Event: 72.413 Thread 0x00000187356de9c0 2014       3       org.gradle.internal.logging.console.ProgressBar::fill (34 bytes)
Event: 72.414 Thread 0x00000187356de9c0 nmethod 2014 0x0000018722c99e90 code [0x0000018722c9a040, 0x0000018722c9a348]
Event: 72.463 Thread 0x00000187356d4c10 2015       4       java.util.Collections$SingletonList::get (41 bytes)
Event: 72.464 Thread 0x00000187356d4c10 nmethod 2015 0x000001872a54b990 code [0x000001872a54bb00, 0x000001872a54bb98]
Event: 76.161 Thread 0x00000187356d4c10 2016       4       com.esotericsoftware.kryo.io.Input::readUtf8 (90 bytes)

GC Heap History (4 events):
Event: 0.320 GC heap before
{Heap before GC invocations=0 (full 0):
 garbage-first heap   total 65536K, used 22528K [0x00000000fc000000, 0x0000000100000000)
  region size 1024K, 23 young (23552K), 0 survivors (0K)
 Metaspace       used 1738K, committed 1856K, reserved 1114112K
  class space    used 158K, committed 192K, reserved 1048576K
}
Event: 0.324 GC heap after
{Heap after GC invocations=1 (full 0):
 garbage-first heap   total 65536K, used 1984K [0x00000000fc000000, 0x0000000100000000)
  region size 1024K, 2 young (2048K), 2 survivors (2048K)
 Metaspace       used 1738K, committed 1856K, reserved 1114112K
  class space    used 158K, committed 192K, reserved 1048576K
}
Event: 1.096 GC heap before
{Heap before GC invocations=1 (full 0):
 garbage-first heap   total 65536K, used 34752K [0x00000000fc000000, 0x0000000100000000)
  region size 1024K, 32 young (32768K), 2 survivors (2048K)
 Metaspace       used 7542K, committed 7744K, reserved 1114112K
  class space    used 1027K, committed 1088K, reserved 1048576K
}
Event: 1.102 GC heap after
{Heap after GC invocations=2 (full 0):
 garbage-first heap   total 65536K, used 11370K [0x00000000fc000000, 0x0000000100000000)
  region size 1024K, 4 young (4096K), 4 survivors (4096K)
 Metaspace       used 7542K, committed 7744K, reserved 1114112K
  class space    used 1027K, committed 1088K, reserved 1048576K
}

Deoptimization events (20 events):
Event: 1.235 Thread 0x000001871b0325c0 DEOPT PACKING pc=0x000001872a4c0a74 sp=0x00000075fd6fc040
Event: 1.235 Thread 0x000001871b0325c0 DEOPT UNPACKING pc=0x0000018729d823a3 sp=0x00000075fd6fbfd8 mode 2
Event: 1.235 Thread 0x000001871b0325c0 Uncommon trap: trap_request=0xffffffde fr.pc=0x000001872a4c0dd4 relative=0x00000000000000b4
Event: 1.235 Thread 0x000001871b0325c0 Uncommon trap: reason=class_check action=maybe_recompile pc=0x000001872a4c0dd4 method=java.util.AbstractList$Itr.next()Ljava/lang/Object; @ 14 c2
Event: 1.235 Thread 0x000001871b0325c0 DEOPT PACKING pc=0x000001872a4c0dd4 sp=0x00000075fd6fc030
Event: 1.235 Thread 0x000001871b0325c0 DEOPT UNPACKING pc=0x0000018729d823a3 sp=0x00000075fd6fbfc8 mode 2
Event: 1.259 Thread 0x000001871b0325c0 Uncommon trap: trap_request=0xffffffde fr.pc=0x000001872a4c0a74 relative=0x0000000000000074
Event: 1.259 Thread 0x000001871b0325c0 Uncommon trap: reason=class_check action=maybe_recompile pc=0x000001872a4c0a74 method=java.util.AbstractList$Itr.hasNext()Z @ 8 c2
Event: 1.259 Thread 0x000001871b0325c0 DEOPT PACKING pc=0x000001872a4c0a74 sp=0x00000075fd6fd070
Event: 1.259 Thread 0x000001871b0325c0 DEOPT UNPACKING pc=0x0000018729d823a3 sp=0x00000075fd6fd008 mode 2
Event: 1.321 Thread 0x000001877cdd47b0 Uncommon trap: trap_request=0xffffffde fr.pc=0x000001872a4c0dd4 relative=0x00000000000000b4
Event: 1.321 Thread 0x000001877cdd47b0 Uncommon trap: reason=class_check action=maybe_recompile pc=0x000001872a4c0dd4 method=java.util.AbstractList$Itr.next()Ljava/lang/Object; @ 14 c2
Event: 1.321 Thread 0x000001877cdd47b0 DEOPT PACKING pc=0x000001872a4c0dd4 sp=0x00000075ff4feed0
Event: 1.321 Thread 0x000001877cdd47b0 DEOPT UNPACKING pc=0x0000018729d823a3 sp=0x00000075ff4fee68 mode 2
Event: 76.161 Thread 0x000001871b0325c0 DEOPT PACKING pc=0x0000018722bb8a4d sp=0x00000075fd6fcc80
Event: 76.161 Thread 0x000001871b0325c0 DEOPT UNPACKING pc=0x0000018729d82b43 sp=0x00000075fd6fc118 mode 0
Event: 76.161 Thread 0x000001871b0325c0 Uncommon trap: trap_request=0xffffff45 fr.pc=0x000001872a54a218 relative=0x00000000000003f8
Event: 76.162 Thread 0x000001871b0325c0 Uncommon trap: reason=unstable_if action=reinterpret pc=0x000001872a54a218 method=com.esotericsoftware.kryo.io.Input.readUtf8(I)V @ 79 c2
Event: 76.162 Thread 0x000001871b0325c0 DEOPT PACKING pc=0x000001872a54a218 sp=0x00000075fd6fcc80
Event: 76.162 Thread 0x000001871b0325c0 DEOPT UNPACKING pc=0x0000018729d823a3 sp=0x00000075fd6fcc18 mode 2

Classes unloaded (0 events):
No events

Classes redefined (0 events):
No events

Internal exceptions (20 events):
Event: 0.133 Thread 0x000001871b0325c0 Exception <a 'java/lang/NoSuchMethodError'{0x00000000ffcecb28}: 'int java.lang.invoke.DirectMethodHandle$Holder.invokeStaticInit(java.lang.Object, java.lang.Object)'> (0x00000000ffcecb28) 
thrown [s\open\src\hotspot\share\interpreter\linkResolver.cpp, line 759]
Event: 0.676 Thread 0x000001871b0325c0 Exception <a 'java/lang/NoSuchMethodError'{0x00000000ff1da728}: 'java.lang.Object java.lang.invoke.DirectMethodHandle$Holder.invokeStaticInit(java.lang.Object)'> (0x00000000ff1da728) 
thrown [s\open\src\hotspot\share\interpreter\linkResolver.cpp, line 759]
Event: 0.685 Thread 0x000001871b0325c0 Exception <a 'java/lang/NoSuchMethodError'{0x00000000ff1f53f0}: 'int java.lang.invoke.DirectMethodHandle$Holder.invokeSpecial(java.lang.Object, java.lang.Object, java.lang.Object)'> (0x00000000ff1f53f0) 
thrown [s\open\src\hotspot\share\interpreter\linkResolver.cpp, line 759]
Event: 0.693 Thread 0x000001871b0325c0 Exception <a 'java/lang/NoSuchMethodError'{0x00000000ff031be0}: 'void java.lang.invoke.DirectMethodHandle$Holder.invokeStatic(java.lang.Object, java.lang.Object)'> (0x00000000ff031be0) 
thrown [s\open\src\hotspot\share\interpreter\linkResolver.cpp, line 759]
Event: 0.694 Thread 0x000001871b0325c0 Implicit null exception at 0x000001872a4e070f to 0x000001872a4e0c40
Event: 0.694 Thread 0x000001871b0325c0 Implicit null exception at 0x000001872a4cc48f to 0x000001872a4cc9c0
Event: 0.709 Thread 0x000001871b0325c0 Exception <a 'java/lang/NoClassDefFoundError'{0x00000000ff0b1e60}: org/slf4j/impl/StaticMarkerBinder> (0x00000000ff0b1e60) 
thrown [s\open\src\hotspot\share\classfile\systemDictionary.cpp, line 245]
Event: 0.738 Thread 0x000001871b0325c0 Exception <a 'java/lang/NoSuchMethodError'{0x00000000fefddcb8}: 'java.lang.Object java.lang.invoke.Invokers$Holder.invoker(java.lang.Object, java.lang.Object, java.lang.Object)'> (0x00000000fefddcb8) 
thrown [s\open\src\hotspot\share\interpreter\linkResolver.cpp, line 759]
Event: 0.740 Thread 0x000001871b0325c0 Exception <a 'java/lang/NoSuchMethodError'{0x00000000fefe6e10}: 'java.lang.Object java.lang.invoke.DirectMethodHandle$Holder.invokeStatic(java.lang.Object, java.lang.Object, int)'> (0x00000000fefe6e10) 
thrown [s\open\src\hotspot\share\interpreter\linkResolver.cpp, line 759]
Event: 0.744 Thread 0x000001871b0325c0 Exception <a 'java/lang/NoSuchMethodError'{0x00000000feff2b00}: 'void java.lang.invoke.DelegatingMethodHandle$Holder.delegate(java.lang.Object, java.lang.Object, int, java.lang.Object)'> (0x00000000feff2b00) 
thrown [s\open\src\hotspot\share\interpreter\linkResolver.cpp, line 759]
Event: 0.749 Thread 0x000001871b0325c0 Exception <a 'java/lang/NoSuchMethodError'{0x00000000fee069d0}: 'java.lang.Object java.lang.invoke.Invokers$Holder.invokeExact_MT(java.lang.Object, java.lang.Object, java.lang.Object, java.lang.Object)'> (0x00000000fee069d0) 
thrown [s\open\src\hotspot\share\interpreter\linkResolver.cpp, line 759]
Event: 0.755 Thread 0x000001871b0325c0 Exception <a 'java/lang/NoSuchMethodError'{0x00000000fee29cf8}: 'java.lang.Object java.lang.invoke.DirectMethodHandle$Holder.invokeVirtual(java.lang.Object, java.lang.Object, java.lang.Object)'> (0x00000000fee29cf8) 
thrown [s\open\src\hotspot\share\interpreter\linkResolver.cpp, line 759]
Event: 0.845 Thread 0x000001871b0325c0 Exception <a 'java/lang/NoSuchMethodError'{0x00000000fea49b90}: 'java.lang.Object java.lang.invoke.DirectMethodHandle$Holder.newInvokeSpecial(java.lang.Object, java.lang.Object, java.lang.Object, java.lang.Object, java.lang.Object)'> (0x00000000fea49b90) 
thrown [s\open\src\hotspot\share\interpreter\linkResolver.cpp, line 759]
Event: 0.864 Thread 0x000001871b0325c0 Exception <a 'java/lang/NoSuchMethodError'{0x00000000fe96e8e8}: 'void java.lang.invoke.DirectMethodHandle$Holder.invokeSpecial(java.lang.Object, java.lang.Object, java.lang.Object)'> (0x00000000fe96e8e8) 
thrown [s\open\src\hotspot\share\interpreter\linkResolver.cpp, line 759]
Event: 1.035 Thread 0x000001871b0325c0 Exception <a 'java/lang/NoSuchMethodError'{0x00000000fe58f500}: 'void java.lang.invoke.DirectMethodHandle$Holder.invokeStatic(java.lang.Object, java.lang.Object, java.lang.Object)'> (0x00000000fe58f500) 
thrown [s\open\src\hotspot\share\interpreter\linkResolver.cpp, line 759]
Event: 1.070 Thread 0x000001871b0325c0 Exception <a 'java/lang/NoSuchMethodError'{0x00000000fe2c3188}: 'java.lang.Object java.lang.invoke.DirectMethodHandle$Holder.newInvokeSpecial(java.lang.Object, java.lang.Object, java.lang.Object, java.lang.Object, java.lang.Object, java.lang.Object, java.lang.Object, java.lang.Object, java.lang.Object, java.lang.Object, java.lang.Object, java.lang.Object, java.lang.Object, java.lang.Object, java.lang.Object, java.lang.Object, java.lang.Object, java.lang.Object, java.lang.Object, java.lang.Object, java.lang
Event: 1.071 Thread 0x000001871b0325c0 Exception <a 'java/lang/NoSuchMethodError'{0x00000000fe2cf790}: 'java.lang.Object java.lang.invoke.Invokers$Holder.linkToTargetMethod(java.lang.Object, java.lang.Object, java.lang.Object, java.lang.Object, java.lang.Object, java.lang.Object, java.lang.Object, java.lang.Object, java.lang.Object, java.lang.Object, java.lang.Object, java.lang.Object, java.lang.Object, java.lang.Object, java.lang.Object, java.lang.Object, java.lang.Object, java.lang.Object, java.lang.Object, java.lang.Object, java.lang.Object,
Event: 1.110 Thread 0x000001871b0325c0 Exception <a 'java/lang/NoSuchMethodError'{0x00000000fff36aa0}: 'java.lang.Object java.lang.invoke.DirectMethodHandle$Holder.invokeStaticInit(java.lang.Object, int, int, int, int)'> (0x00000000fff36aa0) 
thrown [s\open\src\hotspot\share\interpreter\linkResolver.cpp, line 759]
Event: 1.169 Thread 0x000001871b0325c0 Exception <a 'java/lang/NoSuchMethodError'{0x00000000ffffada0}: 'java.lang.Object java.lang.invoke.DirectMethodHandle$Holder.invokeStaticInit(java.lang.Object, java.lang.Object, int, int, int, int)'> (0x00000000ffffada0) 
thrown [s\open\src\hotspot\share\interpreter\linkResolver.cpp, line 759]
Event: 1.189 Thread 0x000001871b0325c0 Implicit null exception at 0x000001872a4cb7f2 to 0x000001872a4cbdc8

VM Operations (20 events):
Event: 36.546 Executing VM operation: Cleanup
Event: 36.546 Executing VM operation: Cleanup done
Event: 38.561 Executing VM operation: Cleanup
Event: 38.561 Executing VM operation: Cleanup done
Event: 39.567 Executing VM operation: Cleanup
Event: 39.567 Executing VM operation: Cleanup done
Event: 46.604 Executing VM operation: Cleanup
Event: 46.604 Executing VM operation: Cleanup done
Event: 51.639 Executing VM operation: Cleanup
Event: 51.639 Executing VM operation: Cleanup done
Event: 54.654 Executing VM operation: Cleanup
Event: 54.655 Executing VM operation: Cleanup done
Event: 58.676 Executing VM operation: Cleanup
Event: 58.676 Executing VM operation: Cleanup done
Event: 59.682 Executing VM operation: Cleanup
Event: 59.682 Executing VM operation: Cleanup done
Event: 60.075 Executing VM operation: HandshakeAllThreads
Event: 60.075 Executing VM operation: HandshakeAllThreads done
Event: 73.135 Executing VM operation: Cleanup
Event: 73.135 Executing VM operation: Cleanup done

Events (20 events):
Event: 11.960 loading class jdk/internal/logger/LoggerFinderLoader$TemporaryLoggerFinder
Event: 11.960 loading class jdk/internal/logger/LoggerFinderLoader$TemporaryLoggerFinder done
Event: 11.961 loading class sun/util/logging/internal/LoggingProviderImpl$JULWrapper
Event: 11.961 loading class sun/util/logging/PlatformLogger$ConfigurableBridge$LoggerConfiguration
Event: 11.961 loading class sun/util/logging/PlatformLogger$ConfigurableBridge$LoggerConfiguration done
Event: 11.961 loading class sun/util/logging/internal/LoggingProviderImpl$JULWrapper done
Event: 11.962 loading class java/io/ObjectInputFilter
Event: 11.962 loading class java/io/ObjectInputFilter done
Event: 11.962 loading class java/io/ObjectInputFilter$Config$BuiltinFilterFactory
Event: 11.963 loading class java/io/ObjectInputFilter$Config$BuiltinFilterFactory done
Event: 11.963 loading class jdk/internal/access/JavaObjectInputFilterAccess
Event: 11.963 loading class jdk/internal/access/JavaObjectInputFilterAccess done
Event: 11.963 loading class java/lang/System$Logger$Level
Event: 11.963 loading class java/lang/System$Logger$Level done
Event: 11.964 loading class java/io/Bits
Event: 11.964 loading class java/io/Bits done
Event: 12.221 Thread 0x000001877b4e9030 Thread added: 0x000001877b4e9030
Event: 14.315 Thread 0x000001877b4e9030 Thread exited: 0x000001877b4e9030
Event: 39.208 Thread 0x000001877bbd6990 Thread added: 0x000001877bbd6990
Event: 44.114 Thread 0x000001877bbd6990 Thread exited: 0x000001877bbd6990


Dynamic libraries:
0x00007ff65a830000 - 0x00007ff65a840000 	C:\Program Files\Java\jdk-17\bin\java.exe
0x00007ffaeeb10000 - 0x00007ffaeed27000 	C:\WINDOWS\SYSTEM32\ntdll.dll
0x00007ffaed3e0000 - 0x00007ffaed4a4000 	C:\WINDOWS\System32\KERNEL32.DLL
0x00007ffaebc50000 - 0x00007ffaec023000 	C:\WINDOWS\System32\KERNELBASE.dll
0x00007ffaec610000 - 0x00007ffaec721000 	C:\WINDOWS\System32\ucrtbase.dll
0x00007ffad25e0000 - 0x00007ffad25f9000 	C:\Program Files\Java\jdk-17\bin\jli.dll
0x00007ffaeea10000 - 0x00007ffaeeac1000 	C:\WINDOWS\System32\ADVAPI32.dll
0x00007ffaed770000 - 0x00007ffaed817000 	C:\WINDOWS\System32\msvcrt.dll
0x00007ffac7e50000 - 0x00007ffac7e6b000 	C:\Program Files\Java\jdk-17\bin\VCRUNTIME140.dll
0x00007ffaecbf0000 - 0x00007ffaecc97000 	C:\WINDOWS\System32\sechost.dll
0x00007ffaec1a0000 - 0x00007ffaec1c8000 	C:\WINDOWS\System32\bcrypt.dll
0x00007ffaed620000 - 0x00007ffaed734000 	C:\WINDOWS\System32\RPCRT4.dll
0x00007ffaecf90000 - 0x00007ffaed141000 	C:\WINDOWS\System32\USER32.dll
0x00007ffaebc20000 - 0x00007ffaebc46000 	C:\WINDOWS\System32\win32u.dll
0x00007ffaed740000 - 0x00007ffaed769000 	C:\WINDOWS\System32\GDI32.dll
0x00007ffaddbd0000 - 0x00007ffadde68000 	C:\WINDOWS\WinSxS\amd64_microsoft.windows.common-controls_6595b64144ccf1df_6.0.22621.5124_none_270e8f4f7386d69d\COMCTL32.dll
0x00007ffaec4f0000 - 0x00007ffaec60b000 	C:\WINDOWS\System32\gdi32full.dll
0x00007ffaec450000 - 0x00007ffaec4ea000 	C:\WINDOWS\System32\msvcp_win.dll
0x00007ffae13c0000 - 0x00007ffae13ca000 	C:\WINDOWS\SYSTEM32\VERSION.dll
0x00007ffaee8a0000 - 0x00007ffaee8d1000 	C:\WINDOWS\System32\IMM32.DLL
0x00007e1100000000 - 0x00007e1100085000 	C:\laragon\bin\cmder\vendor\conemu-maximus5\ConEmu\ConEmuHk64.dll
0x00007ffae2650000 - 0x00007ffae265c000 	C:\Program Files\Java\jdk-17\bin\vcruntime140_1.dll
0x00007ffa87220000 - 0x00007ffa872ae000 	C:\Program Files\Java\jdk-17\bin\msvcp140.dll
0x00007ffa37d30000 - 0x00007ffa38911000 	C:\Program Files\Java\jdk-17\bin\server\jvm.dll
0x00007ffaed150000 - 0x00007ffaed158000 	C:\WINDOWS\System32\PSAPI.DLL
0x00007ffad6ab0000 - 0x00007ffad6ab9000 	C:\WINDOWS\SYSTEM32\WSOCK32.dll
0x00007ffae91e0000 - 0x00007ffae9214000 	C:\WINDOWS\SYSTEM32\WINMM.dll
0x00007ffaed240000 - 0x00007ffaed2b1000 	C:\WINDOWS\System32\WS2_32.dll
0x00007ffaeac20000 - 0x00007ffaeac38000 	C:\WINDOWS\SYSTEM32\kernel.appcore.dll
0x00007ffad4930000 - 0x00007ffad493a000 	C:\Program Files\Java\jdk-17\bin\jimage.dll
0x00007ffae9220000 - 0x00007ffae9452000 	C:\WINDOWS\SYSTEM32\DBGHELP.DLL
0x00007ffaec840000 - 0x00007ffaecbd2000 	C:\WINDOWS\System32\combase.dll
0x00007ffaed160000 - 0x00007ffaed237000 	C:\WINDOWS\System32\OLEAUT32.dll
0x00007ffae91a0000 - 0x00007ffae91d2000 	C:\WINDOWS\SYSTEM32\dbgcore.DLL
0x00007ffaec3d0000 - 0x00007ffaec44b000 	C:\WINDOWS\System32\bcryptPrimitives.dll
0x00007ffabe030000 - 0x00007ffabe055000 	C:\Program Files\Java\jdk-17\bin\java.dll
0x00007ffa68b90000 - 0x00007ffa68c67000 	C:\Program Files\Java\jdk-17\bin\jsvml.dll
0x00007ffaede70000 - 0x00007ffaee706000 	C:\WINDOWS\System32\SHELL32.dll
0x00007ffaec1d0000 - 0x00007ffaec30f000 	C:\WINDOWS\System32\wintypes.dll
0x00007ffae9a60000 - 0x00007ffaea37a000 	C:\WINDOWS\SYSTEM32\windows.storage.dll
0x00007ffaee8e0000 - 0x00007ffaee9ea000 	C:\WINDOWS\System32\SHCORE.dll
0x00007ffaeceb0000 - 0x00007ffaecf13000 	C:\WINDOWS\System32\shlwapi.dll
0x00007ffaebb50000 - 0x00007ffaebb7b000 	C:\WINDOWS\SYSTEM32\profapi.dll
0x00007ffabe010000 - 0x00007ffabe029000 	C:\Program Files\Java\jdk-17\bin\net.dll
0x00007ffae72c0000 - 0x00007ffae73ec000 	C:\WINDOWS\SYSTEM32\WINHTTP.dll
0x00007ffaeb090000 - 0x00007ffaeb0fa000 	C:\WINDOWS\system32\mswsock.dll
0x00007ffab4740000 - 0x00007ffab4756000 	C:\Program Files\Java\jdk-17\bin\nio.dll
0x00007ffab43d0000 - 0x00007ffab43e8000 	C:\Program Files\Java\jdk-17\bin\zip.dll
0x00007ffae0f50000 - 0x00007ffae0f60000 	C:\Program Files\Java\jdk-17\bin\verify.dll
0x00007ffabe000000 - 0x00007ffabe00a000 	C:\Program Files\Java\jdk-17\bin\management.dll
0x00007ffab4860000 - 0x00007ffab486b000 	C:\Program Files\Java\jdk-17\bin\management_ext.dll
0x00007ffadcf00000 - 0x00007ffadcf27000 	C:\Users\hr.ouedraogo\.gradle\native\1def1411415f61bf3af743bc5b6707747c0891f09f0c88961ee8f79bc544acac\windows-amd64\native-platform.dll
0x00007ffae5ee0000 - 0x00007ffae5eea000 	C:\Users\hr.ouedraogo\.gradle\native\jansi\1.18\windows64\jansi.dll
0x00007ffaea4a0000 - 0x00007ffaea4cd000 	C:\WINDOWS\SYSTEM32\IPHLPAPI.DLL
0x00007ffaecbe0000 - 0x00007ffaecbe9000 	C:\WINDOWS\System32\NSI.dll
0x00007ffae6f80000 - 0x00007ffae6f99000 	C:\WINDOWS\SYSTEM32\dhcpcsvc6.DLL
0x00007ffae6ef0000 - 0x00007ffae6f0f000 	C:\WINDOWS\SYSTEM32\dhcpcsvc.DLL
0x00007ffaea4d0000 - 0x00007ffaea5d2000 	C:\WINDOWS\SYSTEM32\DNSAPI.dll
0x00007ffaeb380000 - 0x00007ffaeb39b000 	C:\WINDOWS\SYSTEM32\CRYPTSP.dll
0x00007ffaeab80000 - 0x00007ffaeabb7000 	C:\WINDOWS\system32\rsaenh.dll
0x00007ffaeb130000 - 0x00007ffaeb158000 	C:\WINDOWS\SYSTEM32\USERENV.dll
0x00007ffaeb360000 - 0x00007ffaeb36c000 	C:\WINDOWS\SYSTEM32\CRYPTBASE.dll
0x00007ffab4730000 - 0x00007ffab473e000 	C:\Program Files\Java\jdk-17\bin\sunmscapi.dll
0x00007ffaec030000 - 0x00007ffaec197000 	C:\WINDOWS\System32\CRYPT32.dll
0x00007ffaeb560000 - 0x00007ffaeb58d000 	C:\WINDOWS\SYSTEM32\ncrypt.dll
0x00007ffaeb520000 - 0x00007ffaeb557000 	C:\WINDOWS\SYSTEM32\NTASN1.dll
0x00007ffad2970000 - 0x00007ffad2978000 	C:\WINDOWS\system32\wshunix.dll

dbghelp: loaded successfully - version: 4.0.5 - missing functions: none
symbol engine: initialized successfully - sym options: 0x614 - pdb path: .;C:\Program Files\Java\jdk-17\bin;C:\WINDOWS\SYSTEM32;C:\WINDOWS\WinSxS\amd64_microsoft.windows.common-controls_6595b64144ccf1df_6.0.22621.5124_none_270e8f4f7386d69d;C:\laragon\bin\cmder\vendor\conemu-maximus5\ConEmu;C:\Program Files\Java\jdk-17\bin\server;C:\Users\hr.ouedraogo\.gradle\native\1def1411415f61bf3af743bc5b6707747c0891f09f0c88961ee8f79bc544acac\windows-amd64;C:\Users\hr.ouedraogo\.gradle\native\jansi\1.18\windows64

VM Arguments:
jvm_args: -Xmx64m -Xms64m -Dorg.gradle.appname=gradlew 
java_command: org.gradle.wrapper.GradleWrapperMain app:installDebug -PreactNativeDevServerPort=8081
java_class_path (initial): C:\dev\eurekaMobile\android\\gradle\wrapper\gradle-wrapper.jar
Launcher Type: SUN_STANDARD

[Global flags]
     intx CICompilerCount                          = 12                                        {product} {ergonomic}
     uint ConcGCThreads                            = 4                                         {product} {ergonomic}
     uint G1ConcRefinementThreads                  = 15                                        {product} {ergonomic}
   size_t G1HeapRegionSize                         = 1048576                                   {product} {ergonomic}
    uintx GCDrainStackTargetSize                   = 64                                        {product} {ergonomic}
   size_t InitialHeapSize                          = 67108864                                  {product} {command line}
   size_t MarkStackSize                            = 4194304                                   {product} {ergonomic}
   size_t MaxHeapSize                              = 67108864                                  {product} {command line}
   size_t MaxNewSize                               = 39845888                                  {product} {ergonomic}
   size_t MinHeapDeltaBytes                        = 1048576                                   {product} {ergonomic}
   size_t MinHeapSize                              = 67108864                                  {product} {command line}
    uintx NonNMethodCodeHeapSize                   = 7602480                                {pd product} {ergonomic}
    uintx NonProfiledCodeHeapSize                  = 122027880                              {pd product} {ergonomic}
    uintx ProfiledCodeHeapSize                     = 122027880                              {pd product} {ergonomic}
    uintx ReservedCodeCacheSize                    = 251658240                              {pd product} {ergonomic}
     bool SegmentedCodeCache                       = true                                      {product} {ergonomic}
   size_t SoftMaxHeapSize                          = 67108864                               {manageable} {ergonomic}
     bool UseCompressedClassPointers               = true                           {product lp64_product} {ergonomic}
     bool UseCompressedOops                        = true                           {product lp64_product} {ergonomic}
     bool UseG1GC                                  = true                                      {product} {ergonomic}
     bool UseLargePagesIndividualAllocation        = false                                  {pd product} {ergonomic}

Logging:
Log output configuration:
 #0: stdout all=warning uptime,level,tags
 #1: stderr all=off uptime,level,tags

Environment Variables:
JAVA_HOME=C:\Program Files\Java\jdk-17
CLASSPATH=C:\dev\eurekaMobile\android\\gradle\wrapper\gradle-wrapper.jar
PATH=C:\dev\eurekaMobile\node_modules\.bin;C:\dev\node_modules\.bin;C:\node_modules\.bin;C:\laragon\bin\nodejs\node-v22.9.0-win-x64\node_modules\npm\node_modules\@npmcli\run-script\lib\node-gyp-bin;C:\Users\hr.ouedraogo\AppData\Local\Yarn\config\global\node_modules\.bin;C:\Users\hr.ouedraogo\AppData\Roaming\npm;C:\Users\hr.ouedraogo\AppData\Roaming\Composer\vendor\bin;;C:\laragon\bin\laragon\utils;C:\laragon\bin\mysql\mysql-8.0.30-winx64\bin;C:\laragon\bin\php\php-7.4.0;C:\laragon\bin\composer;C:\laragon\bin\apache\httpd-2.4.54-win64-VS16\bin;C:\laragon\bin\redis\redis-x64-5.0.14.1;C:\laragon\bin\nodejs\node-v22.9.0-win-x64;C:\laragon\bin\mongodb\mongodb-win32-x86_64-enterprise-windows-7.0.12\bin;C:\laragon\bin\postgresql\postgresql-14.5-1\bin;C:\laragon\bin\python\python-3.10;C:\laragon\bin\python\python-3.10\Scripts;C:\laragon\bin\nginx\nginx-1.22.0;C:\laragon\bin\notepad++;C:\laragon\bin\telnet;C:\laragon\bin\ngrok;C:\laragon\bin\git\bin;C:\laragon\bin\git\cmd;C:\laragon\bin\git\usr\bin;C:\laragon\bin\git\mingw64\bin;C:\laragon\bin;C:\laragon\usr\bin;C:\laragon\bin\cmder\vendor\conemu-maximus5\ConEmu\Scripts;C:\laragon\bin\cmder\vendor\conemu-maximus5;C:\laragon\bin\cmder\vendor\conemu-maximus5\ConEmu;C:\Program Files (x86)\Common Files\Oracle\Java\javapath;C:\DevSuiteHome_1\jdk\jre\bin\classic;C:\DevSuiteHome_1\jdk\jre\bin;C:\DevSuiteHome_1\jdk\jre\bin\client;C:\DevSuiteHome_1\jlib;C:\DevSuiteHome_1\bin;C:\DevSuiteHome_1\jre\1.4.2\bin\client;C:\DevSuiteHome_1\jre\1.4.2\bin;C:\Program Files (x86)\Oracle Client for Microsoft Tools\;C:\Users\hr.ouedraogo\Videos\oracleDB\bin;C:\oracle\instantclient_12_2;C:\WINDOWS\system32;C:\WINDOWS;C:\WINDOWS\System32\Wbem;C:\WINDOWS\System32\WindowsPowerShell\v1.0\;C:\WINDOWS\System32\OpenSSH\;C:\Program Files\Microsoft SQL Server\150\Tools\Binn\;C:\Program Files\Microsoft SQL Server\Client SDK\ODBC\170\Tools\Binn\;C:\laragon\bin\nodejs\node-v22.9.0-win-x64\;C:\Program Files (x86)\Microsoft SQL Server\160\Tools\Binn\;C:\Program File
USERNAME=hr.ouedraogo
LANG=fr_FR.UTF-8
OS=Windows_NT
PROCESSOR_IDENTIFIER=Intel64 Family 6 Model 186 Stepping 2, GenuineIntel



---------------  S Y S T E M  ---------------

OS:
 Windows 11 , 64 bit Build 22621 (10.0.22621.5124)
OS uptime: 3 days 23:55 hours
Hyper-V role detected

CPU: total 20 (initial active 20) (10 cores per cpu, 2 threads per core) family 6 model 186 stepping 2 microcode 0x411d, cx8, cmov, fxsr, ht, mmx, 3dnowpref, sse, sse2, sse3, ssse3, sse4.1, sse4.2, popcnt, lzcnt, tsc, tscinvbit, avx, avx2, aes, erms, clmul, bmi1, bmi2, adx, sha, fma, vzeroupper, clflush, clflushopt, clwb, hv

Memory: 4k page, system-wide physical 15901M (1310M free)
TotalPageFile size 35481M (AvailPageFile size 35M)
current process WorkingSet (physical memory assigned to process): 105M, peak: 125M
current process commit charge ("private bytes"): 181M, peak: 202M

vm_info: Java HotSpot(TM) 64-Bit Server VM (17.0.13+10-LTS-268) for windows-amd64 JRE (17.0.13+10-LTS-268), built on Sep 30 2024 06:33:13 by "mach5one" with MS VC++ 17.6 (VS2022)

END.
