#
# There is insufficient memory for the Java Runtime Environment to continue.
# Native memory allocation (malloc) failed to allocate 154256 bytes for Chunk::new
# Possible reasons:
#   The system is out of physical RAM or swap space
#   The process is running with CompressedOops enabled, and the Java Heap may be blocking the growth of the native heap
# Possible solutions:
#   Reduce memory load on the system
#   Increase physical memory or swap space
#   Check if swap backing store is full
#   Decrease Java heap size (-Xmx/-Xms)
#   Decrease number of Java threads
#   Decrease Java thread stack sizes (-Xss)
#   Set larger code cache with -XX:ReservedCodeCacheSize=
#   JVM is running with Zero Based Compressed Oops mode in which the Java heap is
#     placed in the first 32GB address space. The Java Heap base address is the
#     maximum limit for the native heap growth. Please use -XX:HeapBaseMinAddress
#     to set the Java Heap base and to place the Java Heap above 32GB virtual address.
# This output file may be truncated or incomplete.
#
#  Out of Memory Error (arena.cpp:189), pid=13144, tid=17924
#
# JRE version: Java(TM) SE Runtime Environment (17.0.13+10) (build 17.0.13+10-LTS-268)
# Java VM: Java HotSpot(TM) 64-Bit Server VM (17.0.13+10-LTS-268, mixed mode, sharing, tiered, compressed oops, compressed class ptrs, g1 gc, windows-amd64)
# No core dump will be written. Minidumps are not enabled by default on client versions of Windows
#

---------------  S U M M A R Y ------------

Command Line: org.jetbrains.kotlin.cli.jvm.K2JVMCompiler @C:\dev\eurekaMobile\node_modules\react-native-screens\android\build\20250511_4579818917948272393.compiler.options

Host: 13th Gen Intel(R) Core(TM) i7-13700H, 20 cores, 15G,  Windows 11 , 64 bit Build 22621 (10.0.22621.5124)
Time: Sun May 11 17:22:45 2025 Temps universel coordonné elapsed time: 1.135399 seconds (0d 0h 0m 1s)

---------------  T H R E A D  ---------------

Current thread (0x000002bcaee75b60):  JavaThread "C2 CompilerThread0" daemon [_thread_in_native, id=17924, stack(0x000000ee87a00000,0x000000ee87b00000)]


Current CompileTask:
C2:   1135  487       4       java.lang.StringLatin1::replace (198 bytes)

Stack: [0x000000ee87a00000,0x000000ee87b00000]
Native frames: (J=compiled Java code, j=interpreted, Vv=VM code, C=native code)
V  [jvm.dll+0x67a23a]
V  [jvm.dll+0x7da96d]
V  [jvm.dll+0x7dc2b3]
V  [jvm.dll+0x7dc923]
V  [jvm.dll+0x2450ef]
V  [jvm.dll+0xab793]
V  [jvm.dll+0xabd5c]
V  [jvm.dll+0x2aa58f]
V  [jvm.dll+0x582039]
V  [jvm.dll+0x21f482]
V  [jvm.dll+0x21f87f]
V  [jvm.dll+0x218b00]
V  [jvm.dll+0x215bc5]
V  [jvm.dll+0x1a2980]
V  [jvm.dll+0x22616b]
V  [jvm.dll+0x22430b]
V  [jvm.dll+0x790a8c]
V  [jvm.dll+0x78af1a]
V  [jvm.dll+0x679125]
C  [ucrtbase.dll+0x29333]
C  [KERNEL32.DLL+0x1259d]
C  [ntdll.dll+0x5af38]


---------------  P R O C E S S  ---------------

Threads class SMR info:
_java_thread_list=0x000002bcf344f070, length=14, elements={
0x000002bc8e4788c0, 0x000002bcaee5acc0, 0x000002bcaee5df50, 0x000002bcaee73080,
0x000002bcaee73a40, 0x000002bcaee74400, 0x000002bcaee74dc0, 0x000002bcaee75b60,
0x000002bcaee76610, 0x000002bcaee7c520, 0x000002bcf3080140, 0x000002bcf31f4900,
0x000002bcf31f6df0, 0x000002bcf343d710
}

Java Threads: ( => current thread )
  0x000002bc8e4788c0 JavaThread "main" [_thread_in_vm, id=28664, stack(0x000000ee86d00000,0x000000ee86e00000)]
  0x000002bcaee5acc0 JavaThread "Reference Handler" daemon [_thread_blocked, id=31936, stack(0x000000ee87400000,0x000000ee87500000)]
  0x000002bcaee5df50 JavaThread "Finalizer" daemon [_thread_blocked, id=22320, stack(0x000000ee87500000,0x000000ee87600000)]
  0x000002bcaee73080 JavaThread "Signal Dispatcher" daemon [_thread_blocked, id=18948, stack(0x000000ee87600000,0x000000ee87700000)]
  0x000002bcaee73a40 JavaThread "Attach Listener" daemon [_thread_blocked, id=11140, stack(0x000000ee87700000,0x000000ee87800000)]
  0x000002bcaee74400 JavaThread "Service Thread" daemon [_thread_blocked, id=23040, stack(0x000000ee87800000,0x000000ee87900000)]
  0x000002bcaee74dc0 JavaThread "Monitor Deflation Thread" daemon [_thread_blocked, id=11516, stack(0x000000ee87900000,0x000000ee87a00000)]
=>0x000002bcaee75b60 JavaThread "C2 CompilerThread0" daemon [_thread_in_native, id=17924, stack(0x000000ee87a00000,0x000000ee87b00000)]
  0x000002bcaee76610 JavaThread "C1 CompilerThread0" daemon [_thread_blocked, id=29292, stack(0x000000ee87b00000,0x000000ee87c00000)]
  0x000002bcaee7c520 JavaThread "Sweeper thread" daemon [_thread_blocked, id=21416, stack(0x000000ee87c00000,0x000000ee87d00000)]
  0x000002bcf3080140 JavaThread "C1 CompilerThread1" daemon [_thread_blocked, id=25156, stack(0x000000ee87d00000,0x000000ee87e00000)]
  0x000002bcf31f4900 JavaThread "Notification Thread" daemon [_thread_blocked, id=4388, stack(0x000000ee87e00000,0x000000ee87f00000)]
  0x000002bcf31f6df0 JavaThread "Common-Cleaner" daemon [_thread_blocked, id=9252, stack(0x000000ee88000000,0x000000ee88100000)]
  0x000002bcf343d710 JavaThread "C1 CompilerThread2" daemon [_thread_in_vm, id=30724, stack(0x000000ee88100000,0x000000ee88200000)]

Other Threads:
  0x000002bcaee53c60 VMThread "VM Thread" [stack: 0x000000ee87300000,0x000000ee87400000] [id=12408]
  0x000002bc8e528130 WatcherThread [stack: 0x000000ee87f00000,0x000000ee88000000] [id=18248]
  0x000002bc8e4e1230 GCTaskThread "GC Thread#0" [stack: 0x000000ee86e00000,0x000000ee86f00000] [id=31912]
  0x000002bc8e4ee1e0 ConcurrentGCThread "G1 Main Marker" [stack: 0x000000ee86f00000,0x000000ee87000000] [id=25656]
  0x000002bc8e4eebf0 ConcurrentGCThread "G1 Conc#0" [stack: 0x000000ee87000000,0x000000ee87100000] [id=14800]
  0x000002bcaed88c50 ConcurrentGCThread "G1 Refine#0" [stack: 0x000000ee87100000,0x000000ee87200000] [id=7596]
  0x000002bcaed89680 ConcurrentGCThread "G1 Service" [stack: 0x000000ee87200000,0x000000ee87300000] [id=23920]

Threads with active compile tasks:
C2 CompilerThread0     1207  487       4       java.lang.StringLatin1::replace (198 bytes)
C1 CompilerThread0     1207  531   !   3       java.util.zip.ZipFile$CleanableResource::getInflater (47 bytes)
C1 CompilerThread1     1207  530       3       java.util.zip.ZipFile$ZipFileInflaterInputStream::<init> (14 bytes)
C1 CompilerThread2     1207  528       3       java.util.zip.ZipFile$ZipFileInputStream::<init> (96 bytes)

VM state: not at safepoint (normal execution)

VM Mutex/Monitor currently owned by a thread:  ([mutex/lock_event])
[0x000002bc8c0b0f80] Metaspace_lock - owner thread: 0x000002bcf343d710
[0x000002bc8e474480] MethodData_lock - owner thread: 0x000002bcf343d710

Heap address: 0x0000000707800000, size: 3976 MB, Compressed Oops mode: Zero based, Oop shift amount: 3

CDS archive(s) mapped at: [0x000002bcb2000000-0x000002bcb2bd0000-0x000002bcb2bd0000), size 12386304, SharedBaseAddress: 0x000002bcb2000000, ArchiveRelocationMode: 1.
Compressed class space mapped at: 0x000002bcb3000000-0x000002bcf3000000, reserved size: 1073741824
Narrow klass base: 0x000002bcb2000000, Narrow klass shift: 0, Narrow klass range: 0x100000000

GC Precious Log:
 CPUs: 20 total, 20 available
 Memory: 15901M
 Large Page Support: Disabled
 NUMA Support: Disabled
 Compressed Oops: Enabled (Zero based)
 Heap Region Size: 2M
 Heap Min Capacity: 8M
 Heap Initial Capacity: 250M
 Heap Max Capacity: 3976M
 Pre-touch: Disabled
 Parallel Workers: 15
 Concurrent Workers: 4
 Concurrent Refinement Workers: 15
 Periodic GC: Disabled

Heap:
 garbage-first heap   total 256000K, used 12288K [0x0000000707800000, 0x0000000800000000)
  region size 2048K, 6 young (12288K), 0 survivors (0K)
 Metaspace       used 3325K, committed 3456K, reserved 1114112K
  class space    used 224K, committed 320K, reserved 1048576K

Heap Regions: E=young(eden), S=young(survivor), O=old, HS=humongous(starts), HC=humongous(continues), CS=collection set, F=free, OA=open archive, CA=closed archive, TAMS=top-at-mark-start (previous, next)
|   0|0x0000000707800000, 0x0000000707a00000, 0x0000000707a00000|100%|HS|  |TAMS 0x0000000707800000, 0x0000000707800000| Complete 
|   1|0x0000000707a00000, 0x0000000707c00000, 0x0000000707c00000|100%|HC|  |TAMS 0x0000000707a00000, 0x0000000707a00000| Complete 
|   2|0x0000000707c00000, 0x0000000707c00000, 0x0000000707e00000|  0%| F|  |TAMS 0x0000000707c00000, 0x0000000707c00000| Untracked 
|   3|0x0000000707e00000, 0x0000000707e00000, 0x0000000708000000|  0%| F|  |TAMS 0x0000000707e00000, 0x0000000707e00000| Untracked 
|   4|0x0000000708000000, 0x0000000708000000, 0x0000000708200000|  0%| F|  |TAMS 0x0000000708000000, 0x0000000708000000| Untracked 
|   5|0x0000000708200000, 0x0000000708200000, 0x0000000708400000|  0%| F|  |TAMS 0x0000000708200000, 0x0000000708200000| Untracked 
|   6|0x0000000708400000, 0x0000000708400000, 0x0000000708600000|  0%| F|  |TAMS 0x0000000708400000, 0x0000000708400000| Untracked 
|   7|0x0000000708600000, 0x0000000708600000, 0x0000000708800000|  0%| F|  |TAMS 0x0000000708600000, 0x0000000708600000| Untracked 
|   8|0x0000000708800000, 0x0000000708800000, 0x0000000708a00000|  0%| F|  |TAMS 0x0000000708800000, 0x0000000708800000| Untracked 
|   9|0x0000000708a00000, 0x0000000708a00000, 0x0000000708c00000|  0%| F|  |TAMS 0x0000000708a00000, 0x0000000708a00000| Untracked 
|  10|0x0000000708c00000, 0x0000000708c00000, 0x0000000708e00000|  0%| F|  |TAMS 0x0000000708c00000, 0x0000000708c00000| Untracked 
|  11|0x0000000708e00000, 0x0000000708e00000, 0x0000000709000000|  0%| F|  |TAMS 0x0000000708e00000, 0x0000000708e00000| Untracked 
|  12|0x0000000709000000, 0x0000000709000000, 0x0000000709200000|  0%| F|  |TAMS 0x0000000709000000, 0x0000000709000000| Untracked 
|  13|0x0000000709200000, 0x0000000709200000, 0x0000000709400000|  0%| F|  |TAMS 0x0000000709200000, 0x0000000709200000| Untracked 
|  14|0x0000000709400000, 0x0000000709400000, 0x0000000709600000|  0%| F|  |TAMS 0x0000000709400000, 0x0000000709400000| Untracked 
|  15|0x0000000709600000, 0x0000000709600000, 0x0000000709800000|  0%| F|  |TAMS 0x0000000709600000, 0x0000000709600000| Untracked 
|  16|0x0000000709800000, 0x0000000709800000, 0x0000000709a00000|  0%| F|  |TAMS 0x0000000709800000, 0x0000000709800000| Untracked 
|  17|0x0000000709a00000, 0x0000000709a00000, 0x0000000709c00000|  0%| F|  |TAMS 0x0000000709a00000, 0x0000000709a00000| Untracked 
|  18|0x0000000709c00000, 0x0000000709c00000, 0x0000000709e00000|  0%| F|  |TAMS 0x0000000709c00000, 0x0000000709c00000| Untracked 
|  19|0x0000000709e00000, 0x0000000709e00000, 0x000000070a000000|  0%| F|  |TAMS 0x0000000709e00000, 0x0000000709e00000| Untracked 
|  20|0x000000070a000000, 0x000000070a000000, 0x000000070a200000|  0%| F|  |TAMS 0x000000070a000000, 0x000000070a000000| Untracked 
|  21|0x000000070a200000, 0x000000070a200000, 0x000000070a400000|  0%| F|  |TAMS 0x000000070a200000, 0x000000070a200000| Untracked 
|  22|0x000000070a400000, 0x000000070a400000, 0x000000070a600000|  0%| F|  |TAMS 0x000000070a400000, 0x000000070a400000| Untracked 
|  23|0x000000070a600000, 0x000000070a600000, 0x000000070a800000|  0%| F|  |TAMS 0x000000070a600000, 0x000000070a600000| Untracked 
|  24|0x000000070a800000, 0x000000070a800000, 0x000000070aa00000|  0%| F|  |TAMS 0x000000070a800000, 0x000000070a800000| Untracked 
|  25|0x000000070aa00000, 0x000000070aa00000, 0x000000070ac00000|  0%| F|  |TAMS 0x000000070aa00000, 0x000000070aa00000| Untracked 
|  26|0x000000070ac00000, 0x000000070ac00000, 0x000000070ae00000|  0%| F|  |TAMS 0x000000070ac00000, 0x000000070ac00000| Untracked 
|  27|0x000000070ae00000, 0x000000070ae00000, 0x000000070b000000|  0%| F|  |TAMS 0x000000070ae00000, 0x000000070ae00000| Untracked 
|  28|0x000000070b000000, 0x000000070b000000, 0x000000070b200000|  0%| F|  |TAMS 0x000000070b000000, 0x000000070b000000| Untracked 
|  29|0x000000070b200000, 0x000000070b200000, 0x000000070b400000|  0%| F|  |TAMS 0x000000070b200000, 0x000000070b200000| Untracked 
|  30|0x000000070b400000, 0x000000070b400000, 0x000000070b600000|  0%| F|  |TAMS 0x000000070b400000, 0x000000070b400000| Untracked 
|  31|0x000000070b600000, 0x000000070b600000, 0x000000070b800000|  0%| F|  |TAMS 0x000000070b600000, 0x000000070b600000| Untracked 
|  32|0x000000070b800000, 0x000000070b800000, 0x000000070ba00000|  0%| F|  |TAMS 0x000000070b800000, 0x000000070b800000| Untracked 
|  33|0x000000070ba00000, 0x000000070ba00000, 0x000000070bc00000|  0%| F|  |TAMS 0x000000070ba00000, 0x000000070ba00000| Untracked 
|  34|0x000000070bc00000, 0x000000070bc00000, 0x000000070be00000|  0%| F|  |TAMS 0x000000070bc00000, 0x000000070bc00000| Untracked 
|  35|0x000000070be00000, 0x000000070be00000, 0x000000070c000000|  0%| F|  |TAMS 0x000000070be00000, 0x000000070be00000| Untracked 
|  36|0x000000070c000000, 0x000000070c000000, 0x000000070c200000|  0%| F|  |TAMS 0x000000070c000000, 0x000000070c000000| Untracked 
|  37|0x000000070c200000, 0x000000070c200000, 0x000000070c400000|  0%| F|  |TAMS 0x000000070c200000, 0x000000070c200000| Untracked 
|  38|0x000000070c400000, 0x000000070c400000, 0x000000070c600000|  0%| F|  |TAMS 0x000000070c400000, 0x000000070c400000| Untracked 
|  39|0x000000070c600000, 0x000000070c600000, 0x000000070c800000|  0%| F|  |TAMS 0x000000070c600000, 0x000000070c600000| Untracked 
|  40|0x000000070c800000, 0x000000070c800000, 0x000000070ca00000|  0%| F|  |TAMS 0x000000070c800000, 0x000000070c800000| Untracked 
|  41|0x000000070ca00000, 0x000000070ca00000, 0x000000070cc00000|  0%| F|  |TAMS 0x000000070ca00000, 0x000000070ca00000| Untracked 
|  42|0x000000070cc00000, 0x000000070cc00000, 0x000000070ce00000|  0%| F|  |TAMS 0x000000070cc00000, 0x000000070cc00000| Untracked 
|  43|0x000000070ce00000, 0x000000070ce00000, 0x000000070d000000|  0%| F|  |TAMS 0x000000070ce00000, 0x000000070ce00000| Untracked 
|  44|0x000000070d000000, 0x000000070d000000, 0x000000070d200000|  0%| F|  |TAMS 0x000000070d000000, 0x000000070d000000| Untracked 
|  45|0x000000070d200000, 0x000000070d200000, 0x000000070d400000|  0%| F|  |TAMS 0x000000070d200000, 0x000000070d200000| Untracked 
|  46|0x000000070d400000, 0x000000070d400000, 0x000000070d600000|  0%| F|  |TAMS 0x000000070d400000, 0x000000070d400000| Untracked 
|  47|0x000000070d600000, 0x000000070d600000, 0x000000070d800000|  0%| F|  |TAMS 0x000000070d600000, 0x000000070d600000| Untracked 
|  48|0x000000070d800000, 0x000000070d800000, 0x000000070da00000|  0%| F|  |TAMS 0x000000070d800000, 0x000000070d800000| Untracked 
|  49|0x000000070da00000, 0x000000070da00000, 0x000000070dc00000|  0%| F|  |TAMS 0x000000070da00000, 0x000000070da00000| Untracked 
|  50|0x000000070dc00000, 0x000000070dc00000, 0x000000070de00000|  0%| F|  |TAMS 0x000000070dc00000, 0x000000070dc00000| Untracked 
|  51|0x000000070de00000, 0x000000070de00000, 0x000000070e000000|  0%| F|  |TAMS 0x000000070de00000, 0x000000070de00000| Untracked 
|  52|0x000000070e000000, 0x000000070e000000, 0x000000070e200000|  0%| F|  |TAMS 0x000000070e000000, 0x000000070e000000| Untracked 
|  53|0x000000070e200000, 0x000000070e200000, 0x000000070e400000|  0%| F|  |TAMS 0x000000070e200000, 0x000000070e200000| Untracked 
|  54|0x000000070e400000, 0x000000070e400000, 0x000000070e600000|  0%| F|  |TAMS 0x000000070e400000, 0x000000070e400000| Untracked 
|  55|0x000000070e600000, 0x000000070e600000, 0x000000070e800000|  0%| F|  |TAMS 0x000000070e600000, 0x000000070e600000| Untracked 
|  56|0x000000070e800000, 0x000000070e800000, 0x000000070ea00000|  0%| F|  |TAMS 0x000000070e800000, 0x000000070e800000| Untracked 
|  57|0x000000070ea00000, 0x000000070ea00000, 0x000000070ec00000|  0%| F|  |TAMS 0x000000070ea00000, 0x000000070ea00000| Untracked 
|  58|0x000000070ec00000, 0x000000070ec00000, 0x000000070ee00000|  0%| F|  |TAMS 0x000000070ec00000, 0x000000070ec00000| Untracked 
|  59|0x000000070ee00000, 0x000000070ee00000, 0x000000070f000000|  0%| F|  |TAMS 0x000000070ee00000, 0x000000070ee00000| Untracked 
|  60|0x000000070f000000, 0x000000070f000000, 0x000000070f200000|  0%| F|  |TAMS 0x000000070f000000, 0x000000070f000000| Untracked 
|  61|0x000000070f200000, 0x000000070f200000, 0x000000070f400000|  0%| F|  |TAMS 0x000000070f200000, 0x000000070f200000| Untracked 
|  62|0x000000070f400000, 0x000000070f400000, 0x000000070f600000|  0%| F|  |TAMS 0x000000070f400000, 0x000000070f400000| Untracked 
|  63|0x000000070f600000, 0x000000070f600000, 0x000000070f800000|  0%| F|  |TAMS 0x000000070f600000, 0x000000070f600000| Untracked 
|  64|0x000000070f800000, 0x000000070f800000, 0x000000070fa00000|  0%| F|  |TAMS 0x000000070f800000, 0x000000070f800000| Untracked 
|  65|0x000000070fa00000, 0x000000070fa00000, 0x000000070fc00000|  0%| F|  |TAMS 0x000000070fa00000, 0x000000070fa00000| Untracked 
|  66|0x000000070fc00000, 0x000000070fc00000, 0x000000070fe00000|  0%| F|  |TAMS 0x000000070fc00000, 0x000000070fc00000| Untracked 
|  67|0x000000070fe00000, 0x000000070fe00000, 0x0000000710000000|  0%| F|  |TAMS 0x000000070fe00000, 0x000000070fe00000| Untracked 
|  68|0x0000000710000000, 0x0000000710000000, 0x0000000710200000|  0%| F|  |TAMS 0x0000000710000000, 0x0000000710000000| Untracked 
|  69|0x0000000710200000, 0x0000000710200000, 0x0000000710400000|  0%| F|  |TAMS 0x0000000710200000, 0x0000000710200000| Untracked 
|  70|0x0000000710400000, 0x0000000710400000, 0x0000000710600000|  0%| F|  |TAMS 0x0000000710400000, 0x0000000710400000| Untracked 
|  71|0x0000000710600000, 0x0000000710600000, 0x0000000710800000|  0%| F|  |TAMS 0x0000000710600000, 0x0000000710600000| Untracked 
|  72|0x0000000710800000, 0x0000000710800000, 0x0000000710a00000|  0%| F|  |TAMS 0x0000000710800000, 0x0000000710800000| Untracked 
|  73|0x0000000710a00000, 0x0000000710a00000, 0x0000000710c00000|  0%| F|  |TAMS 0x0000000710a00000, 0x0000000710a00000| Untracked 
|  74|0x0000000710c00000, 0x0000000710c00000, 0x0000000710e00000|  0%| F|  |TAMS 0x0000000710c00000, 0x0000000710c00000| Untracked 
|  75|0x0000000710e00000, 0x0000000710e00000, 0x0000000711000000|  0%| F|  |TAMS 0x0000000710e00000, 0x0000000710e00000| Untracked 
|  76|0x0000000711000000, 0x0000000711000000, 0x0000000711200000|  0%| F|  |TAMS 0x0000000711000000, 0x0000000711000000| Untracked 
|  77|0x0000000711200000, 0x0000000711200000, 0x0000000711400000|  0%| F|  |TAMS 0x0000000711200000, 0x0000000711200000| Untracked 
|  78|0x0000000711400000, 0x0000000711400000, 0x0000000711600000|  0%| F|  |TAMS 0x0000000711400000, 0x0000000711400000| Untracked 
|  79|0x0000000711600000, 0x0000000711600000, 0x0000000711800000|  0%| F|  |TAMS 0x0000000711600000, 0x0000000711600000| Untracked 
|  80|0x0000000711800000, 0x0000000711800000, 0x0000000711a00000|  0%| F|  |TAMS 0x0000000711800000, 0x0000000711800000| Untracked 
|  81|0x0000000711a00000, 0x0000000711a00000, 0x0000000711c00000|  0%| F|  |TAMS 0x0000000711a00000, 0x0000000711a00000| Untracked 
|  82|0x0000000711c00000, 0x0000000711c00000, 0x0000000711e00000|  0%| F|  |TAMS 0x0000000711c00000, 0x0000000711c00000| Untracked 
|  83|0x0000000711e00000, 0x0000000711e00000, 0x0000000712000000|  0%| F|  |TAMS 0x0000000711e00000, 0x0000000711e00000| Untracked 
|  84|0x0000000712000000, 0x0000000712000000, 0x0000000712200000|  0%| F|  |TAMS 0x0000000712000000, 0x0000000712000000| Untracked 
|  85|0x0000000712200000, 0x0000000712200000, 0x0000000712400000|  0%| F|  |TAMS 0x0000000712200000, 0x0000000712200000| Untracked 
|  86|0x0000000712400000, 0x0000000712400000, 0x0000000712600000|  0%| F|  |TAMS 0x0000000712400000, 0x0000000712400000| Untracked 
|  87|0x0000000712600000, 0x0000000712600000, 0x0000000712800000|  0%| F|  |TAMS 0x0000000712600000, 0x0000000712600000| Untracked 
|  88|0x0000000712800000, 0x0000000712800000, 0x0000000712a00000|  0%| F|  |TAMS 0x0000000712800000, 0x0000000712800000| Untracked 
|  89|0x0000000712a00000, 0x0000000712a00000, 0x0000000712c00000|  0%| F|  |TAMS 0x0000000712a00000, 0x0000000712a00000| Untracked 
|  90|0x0000000712c00000, 0x0000000712c00000, 0x0000000712e00000|  0%| F|  |TAMS 0x0000000712c00000, 0x0000000712c00000| Untracked 
|  91|0x0000000712e00000, 0x0000000712e00000, 0x0000000713000000|  0%| F|  |TAMS 0x0000000712e00000, 0x0000000712e00000| Untracked 
|  92|0x0000000713000000, 0x0000000713000000, 0x0000000713200000|  0%| F|  |TAMS 0x0000000713000000, 0x0000000713000000| Untracked 
|  93|0x0000000713200000, 0x0000000713200000, 0x0000000713400000|  0%| F|  |TAMS 0x0000000713200000, 0x0000000713200000| Untracked 
|  94|0x0000000713400000, 0x0000000713400000, 0x0000000713600000|  0%| F|  |TAMS 0x0000000713400000, 0x0000000713400000| Untracked 
|  95|0x0000000713600000, 0x0000000713600000, 0x0000000713800000|  0%| F|  |TAMS 0x0000000713600000, 0x0000000713600000| Untracked 
|  96|0x0000000713800000, 0x0000000713800000, 0x0000000713a00000|  0%| F|  |TAMS 0x0000000713800000, 0x0000000713800000| Untracked 
|  97|0x0000000713a00000, 0x0000000713a00000, 0x0000000713c00000|  0%| F|  |TAMS 0x0000000713a00000, 0x0000000713a00000| Untracked 
|  98|0x0000000713c00000, 0x0000000713c00000, 0x0000000713e00000|  0%| F|  |TAMS 0x0000000713c00000, 0x0000000713c00000| Untracked 
|  99|0x0000000713e00000, 0x0000000713e00000, 0x0000000714000000|  0%| F|  |TAMS 0x0000000713e00000, 0x0000000713e00000| Untracked 
| 100|0x0000000714000000, 0x0000000714000000, 0x0000000714200000|  0%| F|  |TAMS 0x0000000714000000, 0x0000000714000000| Untracked 
| 101|0x0000000714200000, 0x0000000714200000, 0x0000000714400000|  0%| F|  |TAMS 0x0000000714200000, 0x0000000714200000| Untracked 
| 102|0x0000000714400000, 0x0000000714400000, 0x0000000714600000|  0%| F|  |TAMS 0x0000000714400000, 0x0000000714400000| Untracked 
| 103|0x0000000714600000, 0x0000000714600000, 0x0000000714800000|  0%| F|  |TAMS 0x0000000714600000, 0x0000000714600000| Untracked 
| 104|0x0000000714800000, 0x0000000714800000, 0x0000000714a00000|  0%| F|  |TAMS 0x0000000714800000, 0x0000000714800000| Untracked 
| 105|0x0000000714a00000, 0x0000000714a00000, 0x0000000714c00000|  0%| F|  |TAMS 0x0000000714a00000, 0x0000000714a00000| Untracked 
| 106|0x0000000714c00000, 0x0000000714c00000, 0x0000000714e00000|  0%| F|  |TAMS 0x0000000714c00000, 0x0000000714c00000| Untracked 
| 107|0x0000000714e00000, 0x0000000714e00000, 0x0000000715000000|  0%| F|  |TAMS 0x0000000714e00000, 0x0000000714e00000| Untracked 
| 108|0x0000000715000000, 0x0000000715000000, 0x0000000715200000|  0%| F|  |TAMS 0x0000000715000000, 0x0000000715000000| Untracked 
| 109|0x0000000715200000, 0x0000000715200000, 0x0000000715400000|  0%| F|  |TAMS 0x0000000715200000, 0x0000000715200000| Untracked 
| 110|0x0000000715400000, 0x0000000715400000, 0x0000000715600000|  0%| F|  |TAMS 0x0000000715400000, 0x0000000715400000| Untracked 
| 111|0x0000000715600000, 0x0000000715600000, 0x0000000715800000|  0%| F|  |TAMS 0x0000000715600000, 0x0000000715600000| Untracked 
| 112|0x0000000715800000, 0x0000000715800000, 0x0000000715a00000|  0%| F|  |TAMS 0x0000000715800000, 0x0000000715800000| Untracked 
| 113|0x0000000715a00000, 0x0000000715a00000, 0x0000000715c00000|  0%| F|  |TAMS 0x0000000715a00000, 0x0000000715a00000| Untracked 
| 114|0x0000000715c00000, 0x0000000715c00000, 0x0000000715e00000|  0%| F|  |TAMS 0x0000000715c00000, 0x0000000715c00000| Untracked 
| 115|0x0000000715e00000, 0x0000000715e00000, 0x0000000716000000|  0%| F|  |TAMS 0x0000000715e00000, 0x0000000715e00000| Untracked 
| 116|0x0000000716000000, 0x0000000716000000, 0x0000000716200000|  0%| F|  |TAMS 0x0000000716000000, 0x0000000716000000| Untracked 
| 117|0x0000000716200000, 0x0000000716200000, 0x0000000716400000|  0%| F|  |TAMS 0x0000000716200000, 0x0000000716200000| Untracked 
| 118|0x0000000716400000, 0x0000000716400000, 0x0000000716600000|  0%| F|  |TAMS 0x0000000716400000, 0x0000000716400000| Untracked 
| 119|0x0000000716600000, 0x0000000716800000, 0x0000000716800000|100%| E|  |TAMS 0x0000000716600000, 0x0000000716600000| Complete 
| 120|0x0000000716800000, 0x0000000716a00000, 0x0000000716a00000|100%| E|CS|TAMS 0x0000000716800000, 0x0000000716800000| Complete 
| 121|0x0000000716a00000, 0x0000000716c00000, 0x0000000716c00000|100%| E|  |TAMS 0x0000000716a00000, 0x0000000716a00000| Complete 
| 122|0x0000000716c00000, 0x0000000716e00000, 0x0000000716e00000|100%| E|CS|TAMS 0x0000000716c00000, 0x0000000716c00000| Complete 
| 123|0x0000000716e00000, 0x0000000717000000, 0x0000000717000000|100%| E|CS|TAMS 0x0000000716e00000, 0x0000000716e00000| Complete 
| 124|0x0000000717000000, 0x0000000717200000, 0x0000000717200000|100%| E|CS|TAMS 0x0000000717000000, 0x0000000717000000| Complete 

Card table byte_map: [0x000002bca5fb0000,0x000002bca6780000] _byte_map_base: 0x000002bca2774000

Marking Bits (Prev, Next): (CMBitMap*) 0x000002bc8e4e1850, (CMBitMap*) 0x000002bc8e4e1890
 Prev Bits: [0x000002bca6f50000, 0x000002bcaad70000)
 Next Bits: [0x000002bcaad70000, 0x000002bcaeb90000)

Polling page: 0x000002bc8c3c0000

Metaspace:

Usage:
  Non-class:      3.03 MB used.
      Class:    224.60 KB used.
       Both:      3.25 MB used.

Virtual space:
  Non-class space:       64.00 MB reserved,       3.06 MB (  5%) committed,  1 nodes.
      Class space:        1.00 GB reserved,     320.00 KB ( <1%) committed,  1 nodes.
             Both:        1.06 GB reserved,       3.38 MB ( <1%) committed. 

Chunk freelists:
   Non-Class:  9.84 MB
       Class:  15.60 MB
        Both:  25.44 MB

MaxMetaspaceSize: unlimited
CompressedClassSpaceSize: 1.00 GB
Initial GC threshold: 21.00 MB
Current GC threshold: 21.00 MB
CDS: on
MetaspaceReclaimPolicy: balanced
 - commit_granule_bytes: 65536.
 - commit_granule_words: 8192.
 - virtual_space_node_default_size: 8388608.
 - enlarge_chunks_in_place: 1.
 - new_chunks_are_fully_committed: 0.
 - uncommit_free_chunks: 1.
 - use_allocation_guard: 0.
 - handle_deallocations: 1.


Internal statistics:

num_allocs_failed_limit: 0.
num_arena_births: 8.
num_arena_deaths: 0.
num_vsnodes_births: 2.
num_vsnodes_deaths: 0.
num_space_committed: 54.
num_space_uncommitted: 0.
num_chunks_returned_to_freelist: 0.
num_chunks_taken_from_freelist: 100.
num_chunk_merges: 0.
num_chunk_splits: 78.
num_chunks_enlarged: 72.
num_inconsistent_stats: 0.

CodeHeap 'non-profiled nmethods': size=119168Kb used=148Kb max_used=148Kb free=119019Kb
 bounds [0x000002bc9d8d0000, 0x000002bc9db40000, 0x000002bca4d30000]
CodeHeap 'profiled nmethods': size=119104Kb used=833Kb max_used=833Kb free=118270Kb
 bounds [0x000002bc95d30000, 0x000002bc95fa0000, 0x000002bc9d180000]
CodeHeap 'non-nmethods': size=7488Kb used=2254Kb max_used=2254Kb free=5233Kb
 bounds [0x000002bc9d180000, 0x000002bc9d3f0000, 0x000002bc9d8d0000]
 total_blobs=937 nmethods=527 adapters=321
 compilation: enabled
              stopped_count=0, restarted_count=0
 full_count=0

Compilation events (20 events):
Event: 1.110 Thread 0x000002bcaee76610  478       1       sun.reflect.generics.tree.ClassTypeSignature::getPath (5 bytes)
Event: 1.110 Thread 0x000002bcf343d710 nmethod 479 0x000002bc9d8f3690 code [0x000002bc9d8f3820, 0x000002bc9d8f38f8]
Event: 1.110 Thread 0x000002bcf343d710  480       1       sun.reflect.generics.tree.SimpleClassTypeSignature::getDollar (5 bytes)
Event: 1.110 Thread 0x000002bcaee76610 nmethod 478 0x000002bc9d8f3990 code [0x000002bc9d8f3b20, 0x000002bc9d8f3bf8]
Event: 1.110 Thread 0x000002bcaee76610  481       1       sun.reflect.generics.visitor.Reifier::getFactory (5 bytes)
Event: 1.110 Thread 0x000002bcf343d710 nmethod 480 0x000002bc9d8f3c90 code [0x000002bc9d8f3e20, 0x000002bc9d8f3ef8]
Event: 1.110 Thread 0x000002bcf343d710  482       1       sun.reflect.generics.tree.SimpleClassTypeSignature::getTypeArguments (5 bytes)
Event: 1.110 Thread 0x000002bcf343d710 nmethod 482 0x000002bc9d8f3f90 code [0x000002bc9d8f4120, 0x000002bc9d8f41f8]
Event: 1.110 Thread 0x000002bcaee76610 nmethod 481 0x000002bc9d8f4290 code [0x000002bc9d8f4420, 0x000002bc9d8f44f8]
Event: 1.110 Thread 0x000002bcf343d710  483       1       sun.reflect.annotation.AnnotationType::memberTypes (5 bytes)
Event: 1.110 Thread 0x000002bcaee76610  484       1       sun.reflect.annotation.AnnotationType::memberDefaults (5 bytes)
Event: 1.111 Thread 0x000002bcf343d710 nmethod 483 0x000002bc9d8f4590 code [0x000002bc9d8f4720, 0x000002bc9d8f47f8]
Event: 1.111 Thread 0x000002bcaee76610 nmethod 484 0x000002bc9d8f4890 code [0x000002bc9d8f4a20, 0x000002bc9d8f4af8]
Event: 1.111 Thread 0x000002bcf3080140 nmethod 476 0x000002bc95ddff90 code [0x000002bc95de0260, 0x000002bc95de0ea8]
Event: 1.114 Thread 0x000002bcf3080140  488       3       java.lang.Integer::numberOfLeadingZeros (79 bytes)
Event: 1.115 Thread 0x000002bcf3080140 nmethod 488 0x000002bc95de1390 code [0x000002bc95de1540, 0x000002bc95de1818]
Event: 1.115 Thread 0x000002bcaee76610  489       3       kotlin.ranges.RangesKt___RangesKt::coerceAtMost (11 bytes)
Event: 1.115 Thread 0x000002bcaee76610 nmethod 489 0x000002bc95de1890 code [0x000002bc95de1a20, 0x000002bc95de1b58]
Event: 1.116 Thread 0x000002bcf3080140  490       3       kotlin.collections.builders.MapBuilder::registerModification (11 bytes)
Event: 1.117 Thread 0x000002bcf3080140 nmethod 490 0x000002bc95de1c10 code [0x000002bc95de1da0, 0x000002bc95de1eb8]

GC Heap History (0 events):
No events

Deoptimization events (20 events):
Event: 0.284 Thread 0x000002bc8e4788c0 DEOPT PACKING pc=0x000002bc95d4ae8c sp=0x000000ee86dfdc30
Event: 0.285 Thread 0x000002bc8e4788c0 DEOPT UNPACKING pc=0x000002bc9d1d2b43 sp=0x000000ee86dfd0c0 mode 0
Event: 0.285 Thread 0x000002bc8e4788c0 DEOPT PACKING pc=0x000002bc95d4ae8c sp=0x000000ee86dfdc30
Event: 0.285 Thread 0x000002bc8e4788c0 DEOPT UNPACKING pc=0x000002bc9d1d2b43 sp=0x000000ee86dfd0c0 mode 0
Event: 0.285 Thread 0x000002bc8e4788c0 DEOPT PACKING pc=0x000002bc95d4ae8c sp=0x000000ee86dfdc30
Event: 0.285 Thread 0x000002bc8e4788c0 DEOPT UNPACKING pc=0x000002bc9d1d2b43 sp=0x000000ee86dfd0c0 mode 0
Event: 0.285 Thread 0x000002bc8e4788c0 DEOPT PACKING pc=0x000002bc95d4ae8c sp=0x000000ee86dfdc30
Event: 0.285 Thread 0x000002bc8e4788c0 DEOPT UNPACKING pc=0x000002bc9d1d2b43 sp=0x000000ee86dfd0c0 mode 0
Event: 0.286 Thread 0x000002bc8e4788c0 DEOPT PACKING pc=0x000002bc95d4ae8c sp=0x000000ee86dfdc30
Event: 0.286 Thread 0x000002bc8e4788c0 DEOPT UNPACKING pc=0x000002bc9d1d2b43 sp=0x000000ee86dfd0c0 mode 0
Event: 0.286 Thread 0x000002bc8e4788c0 DEOPT PACKING pc=0x000002bc95d4ae8c sp=0x000000ee86dfdc30
Event: 0.286 Thread 0x000002bc8e4788c0 DEOPT UNPACKING pc=0x000002bc9d1d2b43 sp=0x000000ee86dfd0c0 mode 0
Event: 0.286 Thread 0x000002bc8e4788c0 DEOPT PACKING pc=0x000002bc95d4ae8c sp=0x000000ee86dfdc30
Event: 0.286 Thread 0x000002bc8e4788c0 DEOPT UNPACKING pc=0x000002bc9d1d2b43 sp=0x000000ee86dfd0c0 mode 0
Event: 0.421 Thread 0x000002bc8e4788c0 Uncommon trap: trap_request=0xffffff45 fr.pc=0x000002bc9d8d7134 relative=0x00000000000006d4
Event: 0.421 Thread 0x000002bc8e4788c0 Uncommon trap: reason=unstable_if action=reinterpret pc=0x000002bc9d8d7134 method=java.util.zip.ZipFile$Source.checkAndAddEntry(II)I @ 50 c2
Event: 0.421 Thread 0x000002bc8e4788c0 DEOPT PACKING pc=0x000002bc9d8d7134 sp=0x000000ee86dfe850
Event: 0.421 Thread 0x000002bc8e4788c0 DEOPT UNPACKING pc=0x000002bc9d1d23a3 sp=0x000000ee86dfe7c0 mode 2
Event: 0.609 Thread 0x000002bc8e4788c0 DEOPT PACKING pc=0x000002bc95d48b67 sp=0x000000ee86df0800
Event: 0.609 Thread 0x000002bc8e4788c0 DEOPT UNPACKING pc=0x000002bc9d1d2b43 sp=0x000000ee86defc20 mode 0

Classes unloaded (0 events):
No events

Classes redefined (0 events):
No events

Internal exceptions (0 events):
No events

VM Operations (2 events):
Event: 0.304 Executing VM operation: HandshakeAllThreads
Event: 0.305 Executing VM operation: HandshakeAllThreads done

Events (20 events):
Event: 1.054 loading class jdk/internal/reflect/ByteVector
Event: 1.054 loading class jdk/internal/reflect/ByteVector done
Event: 1.054 loading class jdk/internal/reflect/ByteVectorImpl done
Event: 1.054 loading class jdk/internal/reflect/ClassFileAssembler
Event: 1.054 loading class jdk/internal/reflect/ClassFileAssembler done
Event: 1.055 loading class jdk/internal/reflect/UTF8
Event: 1.055 loading class jdk/internal/reflect/UTF8 done
Event: 1.057 loading class jdk/internal/reflect/Label
Event: 1.057 loading class jdk/internal/reflect/Label done
Event: 1.057 loading class jdk/internal/reflect/Label$PatchInfo
Event: 1.057 loading class jdk/internal/reflect/Label$PatchInfo done
Event: 1.057 loading class jdk/internal/reflect/MethodAccessorGenerator$1
Event: 1.058 loading class jdk/internal/reflect/MethodAccessorGenerator$1 done
Event: 1.058 loading class jdk/internal/reflect/ClassDefiner
Event: 1.058 loading class jdk/internal/reflect/ClassDefiner done
Event: 1.058 loading class jdk/internal/reflect/ClassDefiner$1
Event: 1.058 loading class jdk/internal/reflect/ClassDefiner$1 done
Event: 1.059 loading class jdk/internal/reflect/BootstrapConstructorAccessorImpl
Event: 1.059 loading class jdk/internal/reflect/BootstrapConstructorAccessorImpl done
Event: 1.103 Thread 0x000002bcf343d710 Thread added: 0x000002bcf343d710


Dynamic libraries:
0x00007ff65a830000 - 0x00007ff65a840000 	C:\Program Files\Java\jdk-17\bin\java.exe
0x00007ffaeeb10000 - 0x00007ffaeed27000 	C:\WINDOWS\SYSTEM32\ntdll.dll
0x00007ffaed3e0000 - 0x00007ffaed4a4000 	C:\WINDOWS\System32\KERNEL32.DLL
0x00007ffaebc50000 - 0x00007ffaec023000 	C:\WINDOWS\System32\KERNELBASE.dll
0x00007ffaec610000 - 0x00007ffaec721000 	C:\WINDOWS\System32\ucrtbase.dll
0x00007ffad25e0000 - 0x00007ffad25f9000 	C:\Program Files\Java\jdk-17\bin\jli.dll
0x00007ffac7e50000 - 0x00007ffac7e6b000 	C:\Program Files\Java\jdk-17\bin\VCRUNTIME140.dll
0x00007ffaeea10000 - 0x00007ffaeeac1000 	C:\WINDOWS\System32\ADVAPI32.dll
0x00007ffaed770000 - 0x00007ffaed817000 	C:\WINDOWS\System32\msvcrt.dll
0x00007ffaecbf0000 - 0x00007ffaecc97000 	C:\WINDOWS\System32\sechost.dll
0x00007ffaec1a0000 - 0x00007ffaec1c8000 	C:\WINDOWS\System32\bcrypt.dll
0x00007ffaed620000 - 0x00007ffaed734000 	C:\WINDOWS\System32\RPCRT4.dll
0x00007ffaecf90000 - 0x00007ffaed141000 	C:\WINDOWS\System32\USER32.dll
0x00007ffaebc20000 - 0x00007ffaebc46000 	C:\WINDOWS\System32\win32u.dll
0x00007ffaddbd0000 - 0x00007ffadde68000 	C:\WINDOWS\WinSxS\amd64_microsoft.windows.common-controls_6595b64144ccf1df_6.0.22621.5124_none_270e8f4f7386d69d\COMCTL32.dll
0x00007ffaed740000 - 0x00007ffaed769000 	C:\WINDOWS\System32\GDI32.dll
0x00007ffaec4f0000 - 0x00007ffaec60b000 	C:\WINDOWS\System32\gdi32full.dll
0x00007ffaec450000 - 0x00007ffaec4ea000 	C:\WINDOWS\System32\msvcp_win.dll
0x00007ffae13c0000 - 0x00007ffae13ca000 	C:\WINDOWS\SYSTEM32\VERSION.dll
0x00007ffaee8a0000 - 0x00007ffaee8d1000 	C:\WINDOWS\System32\IMM32.DLL
0x00007ffae2650000 - 0x00007ffae265c000 	C:\Program Files\Java\jdk-17\bin\vcruntime140_1.dll
0x00007ffa87220000 - 0x00007ffa872ae000 	C:\Program Files\Java\jdk-17\bin\msvcp140.dll
0x00007ffa37d30000 - 0x00007ffa38911000 	C:\Program Files\Java\jdk-17\bin\server\jvm.dll
0x00007ffaed150000 - 0x00007ffaed158000 	C:\WINDOWS\System32\PSAPI.DLL
0x00007ffad6ab0000 - 0x00007ffad6ab9000 	C:\WINDOWS\SYSTEM32\WSOCK32.dll
0x00007ffae91e0000 - 0x00007ffae9214000 	C:\WINDOWS\SYSTEM32\WINMM.dll
0x00007ffaed240000 - 0x00007ffaed2b1000 	C:\WINDOWS\System32\WS2_32.dll
0x00007ffaeac20000 - 0x00007ffaeac38000 	C:\WINDOWS\SYSTEM32\kernel.appcore.dll
0x00007ffad4930000 - 0x00007ffad493a000 	C:\Program Files\Java\jdk-17\bin\jimage.dll
0x00007ffae9220000 - 0x00007ffae9452000 	C:\WINDOWS\SYSTEM32\DBGHELP.DLL
0x00007ffaec840000 - 0x00007ffaecbd2000 	C:\WINDOWS\System32\combase.dll
0x00007ffaed160000 - 0x00007ffaed237000 	C:\WINDOWS\System32\OLEAUT32.dll
0x00007ffae91a0000 - 0x00007ffae91d2000 	C:\WINDOWS\SYSTEM32\dbgcore.DLL
0x00007ffaec3d0000 - 0x00007ffaec44b000 	C:\WINDOWS\System32\bcryptPrimitives.dll
0x00007ffabe030000 - 0x00007ffabe055000 	C:\Program Files\Java\jdk-17\bin\java.dll
0x00007ffa68b90000 - 0x00007ffa68c67000 	C:\Program Files\Java\jdk-17\bin\jsvml.dll
0x00007ffaede70000 - 0x00007ffaee706000 	C:\WINDOWS\System32\SHELL32.dll
0x00007ffaec1d0000 - 0x00007ffaec30f000 	C:\WINDOWS\System32\wintypes.dll
0x00007ffae9a60000 - 0x00007ffaea37a000 	C:\WINDOWS\SYSTEM32\windows.storage.dll
0x00007ffaee8e0000 - 0x00007ffaee9ea000 	C:\WINDOWS\System32\SHCORE.dll
0x00007ffaeceb0000 - 0x00007ffaecf13000 	C:\WINDOWS\System32\shlwapi.dll
0x00007ffaebb50000 - 0x00007ffaebb7b000 	C:\WINDOWS\SYSTEM32\profapi.dll
0x00007ffabe010000 - 0x00007ffabe029000 	C:\Program Files\Java\jdk-17\bin\net.dll
0x00007ffae72c0000 - 0x00007ffae73ec000 	C:\WINDOWS\SYSTEM32\WINHTTP.dll
0x00007ffaeb090000 - 0x00007ffaeb0fa000 	C:\WINDOWS\system32\mswsock.dll
0x00007ffab4740000 - 0x00007ffab4756000 	C:\Program Files\Java\jdk-17\bin\nio.dll
0x00007ffab43d0000 - 0x00007ffab43e8000 	C:\Program Files\Java\jdk-17\bin\zip.dll

dbghelp: loaded successfully - version: 4.0.5 - missing functions: none
symbol engine: initialized successfully - sym options: 0x614 - pdb path: .;C:\Program Files\Java\jdk-17\bin;C:\WINDOWS\SYSTEM32;C:\WINDOWS\WinSxS\amd64_microsoft.windows.common-controls_6595b64144ccf1df_6.0.22621.5124_none_270e8f4f7386d69d;C:\Program Files\Java\jdk-17\bin\server

VM Arguments:
java_command: org.jetbrains.kotlin.cli.jvm.K2JVMCompiler @C:\dev\eurekaMobile\node_modules\react-native-screens\android\build\20250511_4579818917948272393.compiler.options
java_class_path (initial): C:\Users\hr.ouedraogo\.gradle\caches\modules-2\files-2.1\org.jetbrains.kotlin\kotlin-compiler-embeddable\2.0.21\79346ed53db48b18312a472602eb5c057070c54d\kotlin-compiler-embeddable-2.0.21.jar;C:\Users\hr.ouedraogo\.gradle\caches\modules-2\files-2.1\org.jetbrains.kotlin\kotlin-stdlib\2.0.21\618b539767b4899b4660a83006e052b63f1db551\kotlin-stdlib-2.0.21.jar;C:\Users\hr.ouedraogo\.gradle\caches\modules-2\files-2.1\org.jetbrains.kotlin\kotlin-script-runtime\2.0.21\c9b044380ad41f89aa89aa896c2d32a8c0b2129d\kotlin-script-runtime-2.0.21.jar;C:\Users\hr.ouedraogo\.gradle\caches\modules-2\files-2.1\org.jetbrains.kotlin\kotlin-reflect\1.6.10\1cbe9c92c12a94eea200d23c2bbaedaf3daf5132\kotlin-reflect-1.6.10.jar;C:\Users\hr.ouedraogo\.gradle\caches\modules-2\files-2.1\org.jetbrains.kotlin\kotlin-daemon-embeddable\2.0.21\c9e933b23287de9b5a17e2116b4657bb91aea72c\kotlin-daemon-embeddable-2.0.21.jar;C:\Users\hr.ouedraogo\.gradle\caches\modules-2\files-2.1\org.jetbrains.intellij.deps\trove4j\1.0.20200330\3afb14d5f9ceb459d724e907a21145e8ff394f02\trove4j-1.0.20200330.jar;C:\Users\hr.ouedraogo\.gradle\caches\modules-2\files-2.1\org.jetbrains.kotlinx\kotlinx-coroutines-core-jvm\1.6.4\2c997cd1c0ef33f3e751d3831929aeff1390cb30\kotlinx-coroutines-core-jvm-1.6.4.jar;C:\Users\hr.ouedraogo\.gradle\caches\modules-2\files-2.1\org.jetbrains\annotations\13.0\919f0dfe192fb4e063e7dacadee7f8bb9a2672a9\annotations-13.0.jar
Launcher Type: SUN_STANDARD

[Global flags]
     intx CICompilerCount                          = 12                                        {product} {ergonomic}
     uint ConcGCThreads                            = 4                                         {product} {ergonomic}
     uint G1ConcRefinementThreads                  = 15                                        {product} {ergonomic}
   size_t G1HeapRegionSize                         = 2097152                                   {product} {ergonomic}
    uintx GCDrainStackTargetSize                   = 64                                        {product} {ergonomic}
   size_t InitialHeapSize                          = 262144000                                 {product} {ergonomic}
   size_t MarkStackSize                            = 4194304                                   {product} {ergonomic}
   size_t MaxHeapSize                              = 4169138176                                {product} {ergonomic}
   size_t MaxNewSize                               = 2499805184                                {product} {ergonomic}
   size_t MinHeapDeltaBytes                        = 2097152                                   {product} {ergonomic}
   size_t MinHeapSize                              = 8388608                                   {product} {ergonomic}
    uintx NonNMethodCodeHeapSize                   = 7602480                                {pd product} {ergonomic}
    uintx NonProfiledCodeHeapSize                  = 122027880                              {pd product} {ergonomic}
    uintx ProfiledCodeHeapSize                     = 122027880                              {pd product} {ergonomic}
    uintx ReservedCodeCacheSize                    = 251658240                              {pd product} {ergonomic}
     bool SegmentedCodeCache                       = true                                      {product} {ergonomic}
   size_t SoftMaxHeapSize                          = 4169138176                             {manageable} {ergonomic}
     bool UseCompressedClassPointers               = true                           {product lp64_product} {ergonomic}
     bool UseCompressedOops                        = true                           {product lp64_product} {ergonomic}
     bool UseG1GC                                  = true                                      {product} {ergonomic}
     bool UseLargePagesIndividualAllocation        = false                                  {pd product} {ergonomic}

Logging:
Log output configuration:
 #0: stdout all=warning uptime,level,tags
 #1: stderr all=off uptime,level,tags

Environment Variables:
JAVA_HOME=C:\Program Files\Java\jdk-17
CLASSPATH=C:\dev\eurekaMobile\android\\gradle\wrapper\gradle-wrapper.jar
PATH=C:\dev\eurekaMobile\node_modules\.bin;C:\dev\node_modules\.bin;C:\node_modules\.bin;C:\laragon\bin\nodejs\node-v22.9.0-win-x64\node_modules\npm\node_modules\@npmcli\run-script\lib\node-gyp-bin;C:\Users\hr.ouedraogo\AppData\Local\Yarn\config\global\node_modules\.bin;C:\Users\hr.ouedraogo\AppData\Roaming\npm;C:\Users\hr.ouedraogo\AppData\Roaming\Composer\vendor\bin;;C:\laragon\bin\laragon\utils;C:\laragon\bin\mysql\mysql-8.0.30-winx64\bin;C:\laragon\bin\php\php-7.4.0;C:\laragon\bin\composer;C:\laragon\bin\apache\httpd-2.4.54-win64-VS16\bin;C:\laragon\bin\redis\redis-x64-5.0.14.1;C:\laragon\bin\nodejs\node-v22.9.0-win-x64;C:\laragon\bin\mongodb\mongodb-win32-x86_64-enterprise-windows-7.0.12\bin;C:\laragon\bin\postgresql\postgresql-14.5-1\bin;C:\laragon\bin\python\python-3.10;C:\laragon\bin\python\python-3.10\Scripts;C:\laragon\bin\nginx\nginx-1.22.0;C:\laragon\bin\notepad++;C:\laragon\bin\telnet;C:\laragon\bin\ngrok;C:\laragon\bin\git\bin;C:\laragon\bin\git\cmd;C:\laragon\bin\git\usr\bin;C:\laragon\bin\git\mingw64\bin;C:\laragon\bin;C:\laragon\usr\bin;C:\laragon\bin\cmder\vendor\conemu-maximus5\ConEmu\Scripts;C:\laragon\bin\cmder\vendor\conemu-maximus5;C:\laragon\bin\cmder\vendor\conemu-maximus5\ConEmu;C:\Program Files (x86)\Common Files\Oracle\Java\javapath;C:\DevSuiteHome_1\jdk\jre\bin\classic;C:\DevSuiteHome_1\jdk\jre\bin;C:\DevSuiteHome_1\jdk\jre\bin\client;C:\DevSuiteHome_1\jlib;C:\DevSuiteHome_1\bin;C:\DevSuiteHome_1\jre\1.4.2\bin\client;C:\DevSuiteHome_1\jre\1.4.2\bin;C:\Program Files (x86)\Oracle Client for Microsoft Tools\;C:\Users\hr.ouedraogo\Videos\oracleDB\bin;C:\oracle\instantclient_12_2;C:\WINDOWS\system32;C:\WINDOWS;C:\WINDOWS\System32\Wbem;C:\WINDOWS\System32\WindowsPowerShell\v1.0\;C:\WINDOWS\System32\OpenSSH\;C:\Program Files\Microsoft SQL Server\150\Tools\Binn\;C:\Program Files\Microsoft SQL Server\Client SDK\ODBC\170\Tools\Binn\;C:\laragon\bin\nodejs\node-v22.9.0-win-x64\;C:\Program Files (x86)\Microsoft SQL Server\160\Tools\Binn\;C:\Program File
USERNAME=hr.ouedraogo
LANG=fr_FR.UTF-8
OS=Windows_NT
PROCESSOR_IDENTIFIER=Intel64 Family 6 Model 186 Stepping 2, GenuineIntel



---------------  S Y S T E M  ---------------

OS:
 Windows 11 , 64 bit Build 22621 (10.0.22621.5124)
OS uptime: 3 days 23:59 hours
Hyper-V role detected

CPU: total 20 (initial active 20) (10 cores per cpu, 2 threads per core) family 6 model 186 stepping 2 microcode 0x411d, cx8, cmov, fxsr, ht, mmx, 3dnowpref, sse, sse2, sse3, ssse3, sse4.1, sse4.2, popcnt, lzcnt, tsc, tscinvbit, avx, avx2, aes, erms, clmul, bmi1, bmi2, adx, sha, fma, vzeroupper, clflush, clflushopt, clwb, hv

Memory: 4k page, system-wide physical 15901M (507M free)
TotalPageFile size 35481M (AvailPageFile size 0M)
current process WorkingSet (physical memory assigned to process): 57M, peak: 57M
current process commit charge ("private bytes"): 359M, peak: 359M

vm_info: Java HotSpot(TM) 64-Bit Server VM (17.0.13+10-LTS-268) for windows-amd64 JRE (17.0.13+10-LTS-268), built on Sep 30 2024 06:33:13 by "mach5one" with MS VC++ 17.6 (VS2022)

END.
